../freertos/freertos_kernel/event_groups.c:94:24:xEventGroupCreateStatic	32	static
../freertos/freertos_kernel/event_groups.c:146:24:xEventGroupCreate	16	static
../freertos/freertos_kernel/event_groups.c:192:13:xEventGroupSync	56	static
../freertos/freertos_kernel/event_groups.c:315:13:xEventGroupWaitBits	72	static
../freertos/freertos_kernel/event_groups.c:471:13:xEventGroupClearBits	32	static
../freertos/freertos_kernel/event_groups.c:501:16:xEventGroupClearBitsFromISR	24	static
../freertos/freertos_kernel/event_groups.c:515:13:xEventGroupGetBitsFromISR	32	static
../freertos/freertos_kernel/event_groups.c:531:13:xEventGroupSetBits	64	static
../freertos/freertos_kernel/event_groups.c:626:6:vEventGroupDelete	32	static
../freertos/freertos_kernel/event_groups.c:670:6:vEventGroupSetBitsCallback	16	static
../freertos/freertos_kernel/event_groups.c:679:6:vEventGroupClearBitsCallback	16	static
../freertos/freertos_kernel/event_groups.c:686:19:prvTestWaitCondition	24	static
../freertos/freertos_kernel/event_groups.c:725:16:xEventGroupSetBitsFromISR	32	static
../freertos/freertos_kernel/event_groups.c:742:17:uxEventGroupGetNumber	16	static
../freertos/freertos_kernel/event_groups.c:764:10:vEventGroupSetNumber	8	static
