../freertos/freertos_kernel/queue.c:264:12:xQueueGenericReset	24	static
../freertos/freertos_kernel/queue.c:320:19:xQueueGenericCreateStatic	64	static
../freertos/freertos_kernel/queue.c:382:19:xQueueGenericCreate	56	static
../freertos/freertos_kernel/queue.c:444:13:prvInitialiseNewQueue	24	static
../freertos/freertos_kernel/queue.c:492:17:prvInitialiseMutex	16	static
../freertos/freertos_kernel/queue.c:522:19:xQueueCreateMutex	32	static
../freertos/freertos_kernel/queue.c:538:19:xQueueCreateMutexStatic	40	static
../freertos/freertos_kernel/queue.c:559:18:xQueueGetMutexHolder	24	static
../freertos/freertos_kernel/queue.c:590:18:xQueueGetMutexHolderFromISR	16	static
../freertos/freertos_kernel/queue.c:616:16:xQueueGiveMutexRecursive	32	static
../freertos/freertos_kernel/queue.c:671:16:xQueueTakeMutexRecursive	32	static
../freertos/freertos_kernel/queue.c:714:19:xQueueCreateCountingSemaphoreStatic	48	static
../freertos/freertos_kernel/queue.c:744:19:xQueueCreateCountingSemaphore	32	static
../freertos/freertos_kernel/queue.c:771:12:xQueueGenericSend	64	static
../freertos/freertos_kernel/queue.c:983:12:xQueueGenericSendFromISR	72	static
../freertos/freertos_kernel/queue.c:1150:12:xQueueGiveFromISR	64	static
../freertos/freertos_kernel/queue.c:1318:12:xQueueReceive	56	static
../freertos/freertos_kernel/queue.c:1461:12:xQueueSemaphoreTake	64	static
../freertos/freertos_kernel/queue.c:1682:12:xQueuePeek	64	static
../freertos/freertos_kernel/queue.c:1833:12:xQueueReceiveFromISR	72	static
../freertos/freertos_kernel/queue.c:1928:12:xQueuePeekFromISR	56	static
../freertos/freertos_kernel/queue.c:1983:13:uxQueueMessagesWaiting	24	static
../freertos/freertos_kernel/queue.c:1999:13:uxQueueSpacesAvailable	32	static
../freertos/freertos_kernel/queue.c:2016:13:uxQueueMessagesWaitingFromISR	24	static
../freertos/freertos_kernel/queue.c:2028:6:vQueueDelete	24	static
../freertos/freertos_kernel/queue.c:2072:17:uxQueueGetQueueNumber	8	static
../freertos/freertos_kernel/queue.c:2082:10:vQueueSetQueueNumber	8	static
../freertos/freertos_kernel/queue.c:2093:13:ucQueueGetQueueType	8	static
../freertos/freertos_kernel/queue.c:2103:24:prvGetDisinheritPriorityAfterTimeout	16	static
../freertos/freertos_kernel/queue.c:2128:19:prvCopyDataToQueue	32	static
../freertos/freertos_kernel/queue.c:2211:13:prvCopyDataFromQueue	16	static
../freertos/freertos_kernel/queue.c:2232:13:prvUnlockQueue	24	static
../freertos/freertos_kernel/queue.c:2352:19:prvIsQueueEmpty	24	static
../freertos/freertos_kernel/queue.c:2373:12:xQueueIsQueueEmptyFromISR	24	static
../freertos/freertos_kernel/queue.c:2393:19:prvIsQueueFull	24	static
../freertos/freertos_kernel/queue.c:2414:12:xQueueIsQueueFullFromISR	24	static
../freertos/freertos_kernel/queue.c:2723:10:vQueueAddToRegistry	16	static
../freertos/freertos_kernel/queue.c:2753:18:pcQueueGetName	16	static
../freertos/freertos_kernel/queue.c:2782:10:vQueueUnregisterQueue	16	static
../freertos/freertos_kernel/queue.c:2813:10:vQueueWaitForMessageRestricted	32	static
