../freertos/freertos_kernel/tasks.c:573:18:xTaskCreateStatic	64	static
../freertos/freertos_kernel/tasks.c:726:16:xTaskCreate	56	static
../freertos/freertos_kernel/tasks.c:817:13:prvInitialiseNewTask	40	static
../freertos/freertos_kernel/tasks.c:1068:13:prvAddNewTaskToReadyList	16	static
../freertos/freertos_kernel/tasks.c:1154:10:vTaskDelete	24	static
../freertos/freertos_kernel/tasks.c:1256:16:xTaskDelayUntil	48	static
../freertos/freertos_kernel/tasks.c:1343:10:vTaskDelay	24	static
../freertos/freertos_kernel/tasks.c:1388:16:eTaskGetState	48	static
../freertos/freertos_kernel/tasks.c:1485:17:uxTaskPriorityGet	24	static
../freertos/freertos_kernel/tasks.c:1507:17:uxTaskPriorityGetFromISR	40	static
../freertos/freertos_kernel/tasks.c:1547:10:vTaskPrioritySet	40	static
../freertos/freertos_kernel/tasks.c:1713:10:vTaskSuspend	32	static
../freertos/freertos_kernel/tasks.c:1819:23:prvTaskIsTaskSuspended	24	static
../freertos/freertos_kernel/tasks.c:1865:10:vTaskResume	24	static
../freertos/freertos_kernel/tasks.c:1919:16:xTaskResumeFromISR	48	static
../freertos/freertos_kernel/tasks.c:1994:6:vTaskStartScheduler	48	static
../freertos/freertos_kernel/tasks.c:2122:6:vTaskEndScheduler	16	static
../freertos/freertos_kernel/tasks.c:2133:6:vTaskSuspendAll	0	static
../freertos/freertos_kernel/tasks.c:2217:12:xTaskResumeAll	24	static
../freertos/freertos_kernel/tasks.c:2328:12:xTaskGetTickCount	8	static
../freertos/freertos_kernel/tasks.c:2343:12:xTaskGetTickCountFromISR	16	static
../freertos/freertos_kernel/tasks.c:2374:13:uxTaskGetNumberOfTasks	0	static
../freertos/freertos_kernel/tasks.c:2382:8:pcTaskGetName	16	static
../freertos/freertos_kernel/tasks.c:2529:17:uxTaskGetSystemState	32	static
../freertos/freertos_kernel/tasks.c:2634:12:xTaskCatchUpTicks	24	static
../freertos/freertos_kernel/tasks.c:2732:12:xTaskIncrementTick	32	static
../freertos/freertos_kernel/tasks.c:3017:6:vTaskSwitchContext	40	static
../freertos/freertos_kernel/tasks.c:3093:6:vTaskPlaceOnEventList	24	static
../freertos/freertos_kernel/tasks.c:3111:6:vTaskPlaceOnUnorderedEventList	32	static
../freertos/freertos_kernel/tasks.c:3139:10:vTaskPlaceOnEventListRestricted	32	static
../freertos/freertos_kernel/tasks.c:3172:12:xTaskRemoveFromEventList	32	static
../freertos/freertos_kernel/tasks.c:3240:6:vTaskRemoveFromUnorderedEventList	32	static
../freertos/freertos_kernel/tasks.c:3289:6:vTaskSetTimeOutState	24	static
../freertos/freertos_kernel/tasks.c:3301:6:vTaskInternalSetTimeOutState	8	static
../freertos/freertos_kernel/tasks.c:3309:12:xTaskCheckForTimeOut	40	static
../freertos/freertos_kernel/tasks.c:3374:6:vTaskMissedYield	0	static
../freertos/freertos_kernel/tasks.c:3382:17:uxTaskGetTaskNumber	16	static
../freertos/freertos_kernel/tasks.c:3405:10:vTaskSetTaskNumber	16	static
../freertos/freertos_kernel/tasks.c:3430:8:prvIdleTask	16	static
../freertos/freertos_kernel/tasks.c:3655:13:prvInitialiseTaskLists	16	static
../freertos/freertos_kernel/tasks.c:3687:13:prvCheckTasksWaitingTermination	16	static
../freertos/freertos_kernel/tasks.c:3717:10:vTaskGetInfo	32	static
../freertos/freertos_kernel/tasks.c:3816:24:prvListTasksWithinSingleList	48	static
../freertos/freertos_kernel/tasks.c:3851:35:prvTaskCheckFreeStackSpace	16	static
../freertos/freertos_kernel/tasks.c:3911:17:uxTaskGetStackHighWaterMark	32	static
../freertos/freertos_kernel/tasks.c:3939:17:prvDeleteTCB	24	static
../freertos/freertos_kernel/tasks.c:3995:13:prvResetNextTaskUnblockTime	0	static
../freertos/freertos_kernel/tasks.c:4018:18:xTaskGetCurrentTaskHandle	8	static
../freertos/freertos_kernel/tasks.c:4035:16:xTaskGetSchedulerState	8	static
../freertos/freertos_kernel/tasks.c:4063:16:xTaskPriorityInherit	24	static
../freertos/freertos_kernel/tasks.c:4153:16:xTaskPriorityDisinherit	32	static
../freertos/freertos_kernel/tasks.c:4233:10:vTaskPriorityDisinheritAfterTimeout	40	static
../freertos/freertos_kernel/tasks.c:4658:12:uxTaskResetEventItemValue	8	static
../freertos/freertos_kernel/tasks.c:4674:18:pvTaskIncrementMutexHeldCount	0	static
../freertos/freertos_kernel/tasks.c:4691:14:ulTaskGenericNotifyTake	32	static
../freertos/freertos_kernel/tasks.c:4763:16:xTaskGenericNotifyWait	32	static
../freertos/freertos_kernel/tasks.c:4849:16:xTaskGenericNotify	56	static
../freertos/freertos_kernel/tasks.c:4972:16:xTaskGenericNotifyFromISR	72	static
../freertos/freertos_kernel/tasks.c:5111:10:vTaskGenericNotifyGiveFromISR	64	static
../freertos/freertos_kernel/tasks.c:5200:16:xTaskGenericNotifyStateClear	32	static
../freertos/freertos_kernel/tasks.c:5234:14:ulTaskGenericNotifyValueClear	32	static
../freertos/freertos_kernel/tasks.c:5270:13:prvAddCurrentTaskToDelayedList	24	static
