../freertos/freertos_kernel/timers.c:221:16:xTimerCreateTimerTask	48	static
../freertos/freertos_kernel/timers.c:276:23:xTimerCreate	40	static
../freertos/freertos_kernel/timers.c:303:23:xTimerCreateStatic	48	static
../freertos/freertos_kernel/timers.c:343:17:prvInitialiseNewTimer	32	static
../freertos/freertos_kernel/timers.c:377:16:xTimerGenericCommand	48	static
../freertos/freertos_kernel/timers.c:424:18:xTimerGetTimerDaemonTaskHandle	8	static
../freertos/freertos_kernel/timers.c:433:16:xTimerGetPeriod	16	static
../freertos/freertos_kernel/timers.c:442:10:vTimerSetReloadMode	24	static
../freertos/freertos_kernel/timers.c:463:17:uxTimerGetReloadMode	32	static
../freertos/freertos_kernel/timers.c:488:16:xTimerGetExpiryTime	24	static
../freertos/freertos_kernel/timers.c:499:18:pcTimerGetName	16	static
../freertos/freertos_kernel/timers.c:508:17:prvProcessExpiredTimer	40	static
../freertos/freertos_kernel/timers.c:551:12:prvTimerTask	24	static
../freertos/freertos_kernel/timers.c:587:17:prvProcessTimerOrBlockTask	24	static
../freertos/freertos_kernel/timers.c:649:23:prvGetNextExpireTime	16	static
../freertos/freertos_kernel/timers.c:676:23:prvSampleTimeNow	24	static
../freertos/freertos_kernel/timers.c:699:23:prvInsertTimerInActiveList	32	static
../freertos/freertos_kernel/timers.c:743:17:prvProcessReceivedCommands	64	static
../freertos/freertos_kernel/timers.c:893:17:prvSwitchTimerLists	40	static
../freertos/freertos_kernel/timers.c:953:17:prvCheckForValidListAndQueue	16	static
../freertos/freertos_kernel/timers.c:1004:16:xTimerIsTimerActive	32	static
../freertos/freertos_kernel/timers.c:1029:12:pvTimerGetTimerID	32	static
../freertos/freertos_kernel/timers.c:1046:10:vTimerSetTimerID	24	static
../freertos/freertos_kernel/timers.c:1063:20:xTimerPendFunctionCallFromISR	48	static
../freertos/freertos_kernel/timers.c:1090:20:xTimerPendFunctionCall	48	static
../freertos/freertos_kernel/timers.c:1122:21:uxTimerGetTimerNumber	8	static
../freertos/freertos_kernel/timers.c:1132:14:vTimerSetTimerNumber	8	static
