../component/osa/fsl_os_abstraction_free_rtos.c:90:18:main_task	8	static
../component/osa/fsl_os_abstraction_free_rtos.c:121:7:OSA_MemoryAllocate	24	static
../component/osa/fsl_os_abstraction_free_rtos.c:139:6:OSA_MemoryFree	16	static
../component/osa/fsl_os_abstraction_free_rtos.c:144:6:OSA_EnterCritical	32	static
../component/osa/fsl_os_abstraction_free_rtos.c:160:6:OSA_ExitCritical	24	static
../component/osa/fsl_os_abstraction_free_rtos.c:182:6:startup_task	16	static
../component/osa/fsl_os_abstraction_free_rtos.c:334:6:OSA_TimeDelay	16	static
../component/osa/fsl_os_abstraction_free_rtos.c:344:10:OSA_TimeGetMsec	40	static
../component/osa/fsl_os_abstraction_free_rtos.c:366:14:OSA_SemaphoreCreate	24	static
../component/osa/fsl_os_abstraction_free_rtos.c:393:14:OSA_SemaphoreCreateBinary	24	static
../component/osa/fsl_os_abstraction_free_rtos.c:420:14:OSA_SemaphoreDestroy	24	static
../component/osa/fsl_os_abstraction_free_rtos.c:442:14:OSA_SemaphoreWait	24	static
../component/osa/fsl_os_abstraction_free_rtos.c:477:14:OSA_SemaphorePost	32	static
../component/osa/fsl_os_abstraction_free_rtos.c:518:14:OSA_MutexCreate	24	static
../component/osa/fsl_os_abstraction_free_rtos.c:548:14:OSA_MutexLock	24	static
../component/osa/fsl_os_abstraction_free_rtos.c:580:14:OSA_MutexUnlock	24	static
../component/osa/fsl_os_abstraction_free_rtos.c:602:14:OSA_MutexDestroy	24	static
../component/osa/fsl_os_abstraction_free_rtos.c:618:14:OSA_EventCreate	24	static
../component/osa/fsl_os_abstraction_free_rtos.c:642:14:OSA_EventSet	32	static
../component/osa/fsl_os_abstraction_free_rtos.c:680:14:OSA_EventClear	24	static
../component/osa/fsl_os_abstraction_free_rtos.c:714:14:OSA_EventGet	40	static
../component/osa/fsl_os_abstraction_free_rtos.c:759:14:OSA_EventWait	48	static
../component/osa/fsl_os_abstraction_free_rtos.c:817:14:OSA_EventDestroy	24	static
../component/osa/fsl_os_abstraction_free_rtos.c:838:14:OSA_MsgQCreate	32	static
../component/osa/fsl_os_abstraction_free_rtos.c:866:14:OSA_MsgQPut	32	static
../component/osa/fsl_os_abstraction_free_rtos.c:906:14:OSA_MsgQGet	40	static
../component/osa/fsl_os_abstraction_free_rtos.c:940:5:OSA_MsgQAvailableMsgs	24	static
../component/osa/fsl_os_abstraction_free_rtos.c:955:14:OSA_MsgQDestroy	24	static
../component/osa/fsl_os_abstraction_free_rtos.c:970:6:OSA_InterruptEnable	16	static
../component/osa/fsl_os_abstraction_free_rtos.c:996:6:OSA_InterruptDisable	24	static
../component/osa/fsl_os_abstraction_free_rtos.c:1018:6:OSA_EnableIRQGlobal	0	static
../component/osa/fsl_os_abstraction_free_rtos.c:1038:6:OSA_DisableIRQGlobal	0	static
../component/osa/fsl_os_abstraction_free_rtos.c:1053:6:OSA_InstallIntHandler	8	static
