C:\Users\chuch\Documents\MCUXpressoIDE_11.6.1_8255\workspace\evkmimxrt1060_aws_remote_control_wifi_nxp\wifi\incl\port\lwip/wm_net.h:111:19:net_socket_blocking	16	static
C:\Users\chuch\Documents\MCUXpressoIDE_11.6.1_8255\workspace\evkmimxrt1060_aws_remote_control_wifi_nxp\wifi\incl\port\lwip/wm_net.h:122:19:net_get_sock_error	16	static
C:\Users\chuch\Documents\MCUXpressoIDE_11.6.1_8255\workspace\evkmimxrt1060_aws_remote_control_wifi_nxp\wifi\incl\port\lwip/wm_net.h:150:24:net_inet_aton	24	static
../wifi/dhcpd/dhcp-server.c:43:12:ac_add	16	static
../wifi/dhcpd/dhcp-server.c:61:17:ac_lookup_mac	16	static
../wifi/dhcpd/dhcp-server.c:80:17:ac_lookup_ip	16	static
../wifi/dhcpd/dhcp-server.c:94:13:ac_not_full	0	static
../wifi/dhcpd/dhcp-server.c:100:13:ac_valid_ip	16	static
../wifi/dhcpd/dhcp-server.c:117:13:write_u32	8	static
../wifi/dhcpd/dhcp-server.c:126:5:dhcp_server_lease_timeout	8	static
../wifi/dhcpd/dhcp-server.c:143:21:next_yiaddr	24	static
../wifi/dhcpd/dhcp-server.c:173:21:make_response	32	static
../wifi/dhcpd/dhcp-server.c:239:5:dhcp_get_ip_from_mac	16	static
../wifi/dhcpd/dhcp-server.c:249:5:dhcp_send_response	40	static
../wifi/dhcpd/dhcp-server.c:268:12:process_dhcp_message	40	static
../wifi/dhcpd/dhcp-server.c:429:13:dhcp_clean_sockets	16	static
../wifi/dhcpd/dhcp-server.c:453:6:dhcp_server	96	static
../wifi/dhcpd/dhcp-server.c:558:5:dhcp_create_and_bind_udp_socket	48	static
../wifi/dhcpd/dhcp-server.c:609:5:dhcp_server_init	24	static
../wifi/dhcpd/dhcp-server.c:663:12:send_ctrl_msg	48	static
../wifi/dhcpd/dhcp-server.c:708:5:dhcp_send_halt	16	static
../wifi/dhcpd/dhcp-server.c:723:5:dhcp_free_allocations	16	static
../wifi/dhcpd/dhcp-server.c:746:12:send_gratuitous_arp	104	static
../wifi/dhcpd/dhcp-server.c:786:13:get_broadcast_addr	8	static
../wifi/dhcpd/dhcp-server.c:794:12:get_ip_addr_from_interface	16	static
../wifi/dhcpd/dhcp-server.c:799:12:get_netmask_from_interface	16	static
../wifi/dhcpd/dhcp-server.c:804:6:dhcp_stat	48	static
