C:\Users\chuch\Documents\MCUXpressoIDE_11.6.1_8255\workspace\evkmimxrt1060_aws_remote_control_wifi_nxp\wifi\incl/wm_utils.h:88:28:hex2bin	48	static
C:\Users\chuch\Documents\MCUXpressoIDE_11.6.1_8255\workspace\evkmimxrt1060_aws_remote_control_wifi_nxp\wifi\incl\wlcmgr/wlan.h:2657:20:print_mac	40	static
../wifi/wlcmgr/wlan.c:329:5:verify_scan_duration_value	8	static
../wifi/wlcmgr/wlan.c:338:5:verify_scan_channel_value	8	static
../wifi/wlcmgr/wlan.c:347:5:verify_split_scan_delay	8	static
../wifi/wlcmgr/wlan.c:356:5:set_scan_params	16	static
../wifi/wlcmgr/wlan.c:373:5:get_scan_params	8	static
../wifi/wlcmgr/wlan.c:381:17:wlan_map_to_wifi_wakeup_condtions	16	static
../wifi/wlcmgr/wlan.c:417:12:wlan_get_ipv4_addr	504	static
../wifi/wlcmgr/wlan.c:439:13:is_user_scanning	0	static
../wifi/wlcmgr/wlan.c:444:13:is_state	16	static
../wifi/wlcmgr/wlan.c:454:5:wlan_send_host_sleep	32	static
../wifi/wlcmgr/wlan.c:502:13:wlan_host_sleep_and_sleep_confirm	16	static
../wifi/wlcmgr/wlan.c:535:13:wlan_send_sleep_confirm	16	static
../wifi/wlcmgr/wlan.c:548:13:wlan_ieeeps_sm	24	static
../wifi/wlcmgr/wlan.c:712:13:wlan_deepsleepps_sm	24	static
../wifi/wlcmgr/wlan.c:820:12:is_bssid_any	8	static
../wifi/wlcmgr/wlan.c:827:12:security_profile_matches	24	static
../wifi/wlcmgr/wlan.c:909:12:network_matches_scan_result	64	static
../wifi/wlcmgr/wlan.c:984:12:configure_security	32	static
../wifi/wlcmgr/wlan.c:1091:13:is_running	0	static
../wifi/wlcmgr/wlan.c:1096:13:is_uap_state	8	static
../wifi/wlcmgr/wlan.c:1101:13:is_sta_connecting	0	static
../wifi/wlcmgr/wlan.c:1107:13:is_scanning_allowed	8	static
../wifi/wlcmgr/wlan.c:1115:13:do_scan	64	static
../wifi/wlcmgr/wlan.c:1181:13:do_hidden_scan	64	static
../wifi/wlcmgr/wlan.c:1227:12:do_connect	16	static
../wifi/wlcmgr/wlan.c:1245:12:do_start	440	static
../wifi/wlcmgr/wlan.c:1298:12:do_stop	24	static
../wifi/wlcmgr/wlan.c:1324:13:do_connect_failed	16	static
../wifi/wlcmgr/wlan.c:1350:13:report_scan_results	16	static
../wifi/wlcmgr/wlan.c:1364:13:update_network_params	24	static
../wifi/wlcmgr/wlan.c:1448:12:start_association	32	static
../wifi/wlcmgr/wlan.c:1472:13:handle_scan_results	200	static
../wifi/wlcmgr/wlan.c:1598:13:wlan_disable_power_save	16	static
../wifi/wlcmgr/wlan.c:1616:13:wlan_enable_power_save	16	static
../wifi/wlcmgr/wlan.c:1636:13:wlcm_process_awake_event	8	static
../wifi/wlcmgr/wlan.c:1644:13:wlcm_process_ieeeps_event	24	static
../wifi/wlcmgr/wlan.c:1659:13:wlcm_process_deepsleep_event	24	static
../wifi/wlcmgr/wlan.c:1682:13:wlcm_process_scan_result_event	16	static
../wifi/wlcmgr/wlan.c:1710:13:wlcm_process_sta_addr_config_event	32	static
../wifi/wlcmgr/wlan.c:1778:13:wlcm_process_channel_switch_ann	16	static
../wifi/wlcmgr/wlan.c:1802:13:wlcm_process_channel_switch	16	static
../wifi/wlcmgr/wlan.c:1816:13:wlcm_process_hs_config_event	24	static
../wifi/wlcmgr/wlan.c:1842:13:wlcm_process_addba_request	16	static
../wifi/wlcmgr/wlan.c:1856:13:wlcm_process_delba_request	16	static
../wifi/wlcmgr/wlan.c:1870:13:wlcm_process_ba_stream_timeout_request	16	static
../wifi/wlcmgr/wlan.c:1886:13:wlcm_process_association_event	16	static
../wifi/wlcmgr/wlan.c:1929:13:wlcm_process_pmk_event	32	static
../wifi/wlcmgr/wlan.c:1943:13:wlcm_process_authentication_event	40	static
../wifi/wlcmgr/wlan.c:2031:13:wlcm_process_rssi_low_event	24	static
../wifi/wlcmgr/wlan.c:2042:13:wlcm_process_link_loss_event	32	static
../wifi/wlcmgr/wlan.c:2138:13:wlcm_process_disassoc_event	24	static
../wifi/wlcmgr/wlan.c:2161:13:wlcm_process_deauthentication_event	16	static
../wifi/wlcmgr/wlan.c:2167:13:wlcm_process_net_dhcp_config	48	static
../wifi/wlcmgr/wlan.c:2340:13:wlcm_process_net_if_config_event	32	static
../wifi/wlcmgr/wlan.c:2428:26:uap_state_machine	32	static
../wifi/wlcmgr/wlan.c:2543:13:wlcm_request_scan	56	static
../wifi/wlcmgr/wlan.c:2592:13:wlcm_deinit	16	static
../wifi/wlcmgr/wlan.c:2605:13:wlcm_request_disconnect	24	static
../wifi/wlcmgr/wlan.c:2694:13:wlcm_request_connect	32	static
../wifi/wlcmgr/wlan.c:2737:13:wlcm_request_reconnect	24	static
../wifi/wlcmgr/wlan.c:2774:13:wlcm_process_get_hw_spec_event	8	static
../wifi/wlcmgr/wlan.c:2785:26:handle_message	24	static
../wifi/wlcmgr/wlan.c:2976:13:is_uap_msg	8	static
../wifi/wlcmgr/wlan.c:2987:13:cm_main	32	static
../wifi/wlcmgr/wlan.c:3072:12:send_user_request	24	static
../wifi/wlcmgr/wlan.c:3088:13:copy_network	16	static
../wifi/wlcmgr/wlan.c:3118:12:wifi_wakeup_card_cb	24	static
../wifi/wlcmgr/wlan.c:3130:5:wlan_init	32	static
../wifi/wlcmgr/wlan.c:3189:6:wlan_deinit	16	static
../wifi/wlcmgr/wlan.c:3204:13:assoc_timer_cb	16	static
../wifi/wlcmgr/wlan.c:3213:5:wlan_start	40	static
../wifi/wlcmgr/wlan.c:3310:5:wlan_stop	24	static
../wifi/wlcmgr/wlan.c:3434:6:wlan_initialize_uap_network	16	static
../wifi/wlcmgr/wlan.c:3455:13:isHexNumber	16	static
../wifi/wlcmgr/wlan.c:3468:13:wlan_is_key_valid	24	static
../wifi/wlcmgr/wlan.c:3528:5:wlan_add_network	32	static
../wifi/wlcmgr/wlan.c:3652:5:wlan_remove_network	24	static
../wifi/wlcmgr/wlan.c:3698:5:wlan_get_network_count	8	static
../wifi/wlcmgr/wlan.c:3709:5:wlan_get_current_network	16	static
../wifi/wlcmgr/wlan.c:3725:5:wlan_get_current_uap_network	16	static
../wifi/wlcmgr/wlan.c:3742:6:is_uap_started	8	static
../wifi/wlcmgr/wlan.c:3746:6:is_sta_connected	0	static
../wifi/wlcmgr/wlan.c:3751:6:is_sta_ipv4_connected	0	static
../wifi/wlcmgr/wlan.c:3763:5:wlan_get_network	24	static
../wifi/wlcmgr/wlan.c:3786:5:wlan_get_current_nf	0	static
../wifi/wlcmgr/wlan.c:3791:5:wlan_get_current_signal_strength	40	static
../wifi/wlcmgr/wlan.c:3801:5:wlan_get_average_signal_strength	40	static
../wifi/wlcmgr/wlan.c:3811:5:wlan_get_current_rssi	8	static
../wifi/wlcmgr/wlan.c:3818:5:wlan_get_network_byname	24	static
../wifi/wlcmgr/wlan.c:3839:5:wlan_disconnect	8	static
../wifi/wlcmgr/wlan.c:3853:5:wlan_connect	32	static
../wifi/wlcmgr/wlan.c:3892:5:wlan_start_network	24	static
../wifi/wlcmgr/wlan.c:3949:5:wlan_stop_network	24	static
../wifi/wlcmgr/wlan.c:3986:5:wlan_get_scan_result	24	static
../wifi/wlcmgr/wlan.c:4058:6:wlan_set_cal_data	16	static
../wifi/wlcmgr/wlan.c:4063:6:wlan_set_mac_addr	16	static
../wifi/wlcmgr/wlan.c:4075:5:wlan_scan	152	static
../wifi/wlcmgr/wlan.c:4090:12:wlan_pscan	632	static
../wifi/wlcmgr/wlan.c:4122:5:wlan_scan_with_opt	16	static
../wifi/wlcmgr/wlan.c:4169:5:wlan_get_connection_state	24	static
../wifi/wlcmgr/wlan.c:4221:5:wlan_get_ps_mode	8	static
../wifi/wlcmgr/wlan.c:4249:5:wlan_get_uap_connection_state	24	static
../wifi/wlcmgr/wlan.c:4282:5:wlan_get_address	24	static
../wifi/wlcmgr/wlan.c:4311:5:wlan_get_uap_address	24	static
../wifi/wlcmgr/wlan.c:4331:5:wlan_get_uap_channel	16	static
../wifi/wlcmgr/wlan.c:4346:5:wlan_get_mac_address	16	static
../wifi/wlcmgr/wlan.c:4358:6:wlan_wake_up_card	16	static
../wifi/wlcmgr/wlan.c:4365:6:wlan_configure_listen_interval	16	static
../wifi/wlcmgr/wlan.c:4370:6:wlan_configure_null_pkt_interval	16	static
../wifi/wlcmgr/wlan.c:4375:5:wlan_ieeeps_on	24	static
../wifi/wlcmgr/wlan.c:4404:5:wlan_ieeeps_off	8	static
../wifi/wlcmgr/wlan.c:4417:5:wlan_deepsleepps_on	16	static
../wifi/wlcmgr/wlan.c:4444:5:wlan_deepsleepps_off	8	static
../wifi/wlcmgr/wlan.c:4457:5:wlan_set_antcfg	16	static
../wifi/wlcmgr/wlan.c:4474:5:wlan_get_antcfg	16	static
../wifi/wlcmgr/wlan.c:4492:5:wlan_wlcmgr_send_msg	24	static
../wifi/wlcmgr/wlan.c:4516:5:load_wep_key	32	static
../wifi/wlcmgr/wlan.c:4557:5:get_split_scan_delay_ms	0	static
../wifi/wlcmgr/wlan.c:4562:7:wlan_get_firmware_version_ext	0	static
../wifi/wlcmgr/wlan.c:4567:14:wlan_get_uap_supported_max_clients	0	static
../wifi/wlcmgr/wlan.c:4572:5:wlan_get_uap_max_clients	16	static
../wifi/wlcmgr/wlan.c:4577:5:wlan_set_uap_max_clients	16	static
../wifi/wlcmgr/wlan.c:4600:5:wlan_get_mgmt_ie	24	static
../wifi/wlcmgr/wlan.c:4605:5:wlan_set_mgmt_ie	24	static
../wifi/wlcmgr/wlan.c:4622:5:wlan_clear_mgmt_ie	16	static
../wifi/wlcmgr/wlan.c:4627:5:wlan_set_htcapinfo	16	static
../wifi/wlcmgr/wlan.c:4632:5:wlan_set_httxcfg	16	static
../wifi/wlcmgr/wlan.c:4637:5:wlan_set_txratecfg	40	static
../wifi/wlcmgr/wlan.c:4642:5:wlan_get_txratecfg	24	static
../wifi/wlcmgr/wlan.c:4663:5:wlan_set_sta_tx_power	16	static
../wifi/wlcmgr/wlan.c:4668:5:wlan_get_sta_tx_power	16	static
../wifi/wlcmgr/wlan.c:4673:5:wlan_set_chanlist_and_txpwrlimit	24	static
../wifi/wlcmgr/wlan.c:4693:5:wlan_set_chanlist	16	static
../wifi/wlcmgr/wlan.c:4703:5:wlan_get_chanlist	16	static
../wifi/wlcmgr/wlan.c:4713:5:wlan_set_txpwrlimit	16	static
../wifi/wlcmgr/wlan.c:4723:5:wlan_get_txpwrlimit	16	static
../wifi/wlcmgr/wlan.c:4747:6:wlan_set_reassoc_control	8	static
../wifi/wlcmgr/wlan.c:4753:5:wlan_set_ed_mac_mode	16	static
../wifi/wlcmgr/wlan.c:4758:5:wlan_get_ed_mac_mode	16	static
../wifi/wlcmgr/wlan.c:4763:6:wlan_get_11d_enable_status	8	static
../wifi/wlcmgr/wlan.c:4768:5:wlan_remain_on_channel	32	static
../wifi/wlcmgr/wlan.c:4786:5:wlan_get_otp_user_data	16	static
../wifi/wlcmgr/wlan.c:4797:5:wlan_get_cal_data	16	static
../wifi/wlcmgr/wlan.c:4808:5:wlan_get_tsf	16	static
../wifi/wlcmgr/wlan.c:4831:10:wlan_get_beacon_period	496	static
../wifi/wlcmgr/wlan.c:4849:12:pscan_cb	136	static
../wifi/wlcmgr/wlan.c:4881:9:wlan_get_dtim_period	16	static
../wifi/wlcmgr/wlan.c:4914:5:wlan_get_data_rate	16	static
../wifi/wlcmgr/wlan.c:4919:5:wlan_set_pmfcfg	16	static
../wifi/wlcmgr/wlan.c:4929:5:wlan_get_pmfcfg	16	static
../wifi/wlcmgr/wlan.c:5166:5:wlan_get_current_bssid	504	static
../wifi/wlcmgr/wlan.c:5186:9:wlan_get_current_channel	496	static
../wifi/wlcmgr/wlan.c:5202:6:wlan_sta_ampdu_tx_enable	8	static
../wifi/wlcmgr/wlan.c:5207:6:wlan_sta_ampdu_tx_disable	8	static
../wifi/wlcmgr/wlan.c:5212:6:wlan_sta_ampdu_rx_enable	8	static
../wifi/wlcmgr/wlan.c:5217:6:wlan_sta_ampdu_rx_disable	8	static
../wifi/wlcmgr/wlan.c:5222:6:wlan_uap_set_scan_chan_list	8	static
../wifi/wlcmgr/wlan.c:5228:6:wlan_uap_set_beacon_period	16	static
../wifi/wlcmgr/wlan.c:5233:5:wlan_uap_set_bandwidth	16	static
../wifi/wlcmgr/wlan.c:5238:6:wlan_uap_set_hidden_ssid	16	static
../wifi/wlcmgr/wlan.c:5243:6:wlan_uap_ctrl_deauth	16	static
../wifi/wlcmgr/wlan.c:5248:6:wlan_uap_set_ecsa	8	static
../wifi/wlcmgr/wlan.c:5253:6:wlan_uap_set_htcapinfo	16	static
../wifi/wlcmgr/wlan.c:5258:6:wlan_uap_set_httxcfg	16	static
../wifi/wlcmgr/wlan.c:5269:6:wlan_version_extended	16	static
../wifi/wlcmgr/wlan.c:5410:5:wlan_send_hostcmd	32	static
../wifi/wlcmgr/wlan.c:5438:5:wlan_set_crypto_RC4_encrypt	160	static
../wifi/wlcmgr/wlan.c:5464:5:wlan_set_crypto_RC4_decrypt	160	static
../wifi/wlcmgr/wlan.c:5490:5:wlan_set_crypto_AES_ECB_encrypt	160	static
../wifi/wlcmgr/wlan.c:5516:5:wlan_set_crypto_AES_ECB_decrypt	160	static
../wifi/wlcmgr/wlan.c:5542:5:wlan_set_crypto_AES_WRAP_encrypt	160	static
../wifi/wlcmgr/wlan.c:5569:5:wlan_set_crypto_AES_WRAP_decrypt	160	static
../wifi/wlcmgr/wlan.c:5595:5:wlan_set_crypto_AES_CCMP_encrypt	160	static
../wifi/wlcmgr/wlan.c:5632:5:wlan_set_crypto_AES_CCMP_decrypt	160	static
../wifi/wlcmgr/wlan.c:5669:5:wlan_set_crypto_AES_GCMP_encrypt	160	static
../wifi/wlcmgr/wlan.c:5706:5:wlan_set_crypto_AES_GCMP_decrypt	160	static
