C:\Users\chuch\Documents\MCUXpressoIDE_11.6.1_8255\workspace\evkmimxrt1060_aws_remote_control_wifi_nxp\freertos\libraries\c_sdk\standard\common\include/iot_linear_containers.h:303:20:IotLink_IsLinked	16	static
C:\Users\chuch\Documents\MCUXpressoIDE_11.6.1_8255\workspace\evkmimxrt1060_aws_remote_control_wifi_nxp\freertos\libraries\c_sdk\standard\common\include/iot_linear_containers.h:330:20:IotListDouble_Create	16	static
C:\Users\chuch\Documents\MCUXpressoIDE_11.6.1_8255\workspace\evkmimxrt1060_aws_remote_control_wifi_nxp\freertos\libraries\c_sdk\standard\common\include/iot_linear_containers.h:378:20:IotListDouble_IsEmpty	8	static
C:\Users\chuch\Documents\MCUXpressoIDE_11.6.1_8255\workspace\evkmimxrt1060_aws_remote_control_wifi_nxp\freertos\libraries\c_sdk\standard\common\include/iot_linear_containers.h:396:27:IotListDouble_PeekHead	24	static
C:\Users\chuch\Documents\MCUXpressoIDE_11.6.1_8255\workspace\evkmimxrt1060_aws_remote_control_wifi_nxp\freertos\libraries\c_sdk\standard\common\include/iot_linear_containers.h:446:20:IotListDouble_InsertHead	24	static
C:\Users\chuch\Documents\MCUXpressoIDE_11.6.1_8255\workspace\evkmimxrt1060_aws_remote_control_wifi_nxp\freertos\libraries\c_sdk\standard\common\include/iot_linear_containers.h:473:20:IotListDouble_InsertTail	24	static
C:\Users\chuch\Documents\MCUXpressoIDE_11.6.1_8255\workspace\evkmimxrt1060_aws_remote_control_wifi_nxp\freertos\libraries\c_sdk\standard\common\include/iot_linear_containers.h:498:20:IotListDouble_InsertBefore	16	static
C:\Users\chuch\Documents\MCUXpressoIDE_11.6.1_8255\workspace\evkmimxrt1060_aws_remote_control_wifi_nxp\freertos\libraries\c_sdk\standard\common\include/iot_linear_containers.h:535:20:IotListDouble_InsertSorted	48	static
C:\Users\chuch\Documents\MCUXpressoIDE_11.6.1_8255\workspace\evkmimxrt1060_aws_remote_control_wifi_nxp\freertos\libraries\c_sdk\standard\common\include/iot_linear_containers.h:584:20:IotListDouble_Remove	24	static
C:\Users\chuch\Documents\MCUXpressoIDE_11.6.1_8255\workspace\evkmimxrt1060_aws_remote_control_wifi_nxp\freertos\libraries\c_sdk\standard\common\include/iot_linear_containers.h:609:27:IotListDouble_RemoveHead	24	static
C:\Users\chuch\Documents\MCUXpressoIDE_11.6.1_8255\workspace\evkmimxrt1060_aws_remote_control_wifi_nxp\freertos\libraries\c_sdk\standard\common\include/iot_linear_containers.h:710:27:IotListDouble_FindFirstMatch	32	static
C:\Users\chuch\Documents\MCUXpressoIDE_11.6.1_8255\workspace\evkmimxrt1060_aws_remote_control_wifi_nxp\freertos\libraries\c_sdk\standard\common\include/iot_linear_containers.h:860:20:IotDeQueue_Create	16	static
C:\Users\chuch\Documents\MCUXpressoIDE_11.6.1_8255\workspace\evkmimxrt1060_aws_remote_control_wifi_nxp\freertos\libraries\c_sdk\standard\common\include/iot_linear_containers.h:936:20:IotDeQueue_EnqueueHead	16	static
C:\Users\chuch\Documents\MCUXpressoIDE_11.6.1_8255\workspace\evkmimxrt1060_aws_remote_control_wifi_nxp\freertos\libraries\c_sdk\standard\common\include/iot_linear_containers.h:953:27:IotDeQueue_DequeueHead	16	static
C:\Users\chuch\Documents\MCUXpressoIDE_11.6.1_8255\workspace\evkmimxrt1060_aws_remote_control_wifi_nxp\freertos\libraries\c_sdk\standard\common\include/iot_linear_containers.h:966:20:IotDeQueue_EnqueueTail	16	static
C:\Users\chuch\Documents\MCUXpressoIDE_11.6.1_8255\workspace\evkmimxrt1060_aws_remote_control_wifi_nxp\freertos\libraries\c_sdk\standard\common\include/iot_linear_containers.h:995:20:IotDeQueue_Remove	16	static
../freertos/libraries/c_sdk/standard/common/taskpool/iot_taskpool.c:270:15:IotTaskPool_GetSystemTaskPool	0	static
../freertos/libraries/c_sdk/standard/common/taskpool/iot_taskpool.c:277:20:IotTaskPool_CreateSystemTaskPool	24	static
../freertos/libraries/c_sdk/standard/common/taskpool/iot_taskpool.c:292:20:IotTaskPool_Create	24	static
../freertos/libraries/c_sdk/standard/common/taskpool/iot_taskpool.c:336:20:IotTaskPool_Destroy	72	static
../freertos/libraries/c_sdk/standard/common/taskpool/iot_taskpool.c:472:20:IotTaskPool_SetMaxThreads	40	static
../freertos/libraries/c_sdk/standard/common/taskpool/iot_taskpool.c:527:20:IotTaskPool_CreateJob	32	static
../freertos/libraries/c_sdk/standard/common/taskpool/iot_taskpool.c:549:20:IotTaskPool_CreateRecyclableJob	40	static
../freertos/libraries/c_sdk/standard/common/taskpool/iot_taskpool.c:599:20:IotTaskPool_DestroyRecyclableJob	32	static
../freertos/libraries/c_sdk/standard/common/taskpool/iot_taskpool.c:647:20:IotTaskPool_RecycleJob	32	static
../freertos/libraries/c_sdk/standard/common/taskpool/iot_taskpool.c:694:20:IotTaskPool_Schedule	32	static
../freertos/libraries/c_sdk/standard/common/taskpool/iot_taskpool.c:733:20:IotTaskPool_ScheduleDeferred	72	static
../freertos/libraries/c_sdk/standard/common/taskpool/iot_taskpool.c:819:20:IotTaskPool_GetStatus	32	static
../freertos/libraries/c_sdk/standard/common/taskpool/iot_taskpool.c:854:20:IotTaskPool_TryCancel	32	static
../freertos/libraries/c_sdk/standard/common/taskpool/iot_taskpool.c:889:27:IotTaskPool_GetJobStorageFromHandle	8	static
../freertos/libraries/c_sdk/standard/common/taskpool/iot_taskpool.c:894:14:IotTaskPool_strerror	16	static
../freertos/libraries/c_sdk/standard/common/taskpool/iot_taskpool.c:936:20:_performTaskPoolParameterValidation	16	static
../freertos/libraries/c_sdk/standard/common/taskpool/iot_taskpool.c:949:27:_initTaskPoolControlStructures	24	static
../freertos/libraries/c_sdk/standard/common/taskpool/iot_taskpool.c:1042:27:_createTaskPool	40	static
../freertos/libraries/c_sdk/standard/common/taskpool/iot_taskpool.c:1116:13:_destroyTaskPool	16	static
../freertos/libraries/c_sdk/standard/common/taskpool/iot_taskpool.c:1126:13:_taskPoolWorker	56	static
../freertos/libraries/c_sdk/standard/common/taskpool/iot_taskpool.c:1289:13:_initJobsCache	16	static
../freertos/libraries/c_sdk/standard/common/taskpool/iot_taskpool.c:1298:13:_initializeJob	16	static
../freertos/libraries/c_sdk/standard/common/taskpool/iot_taskpool.c:1319:25:_fetchOrAllocateJob	32	static
../freertos/libraries/c_sdk/standard/common/taskpool/iot_taskpool.c:1357:13:_recycleJob	24	static
../freertos/libraries/c_sdk/standard/common/taskpool/iot_taskpool.c:1387:13:_destroyJob	16	static
../freertos/libraries/c_sdk/standard/common/taskpool/iot_taskpool.c:1405:13:_IsShutdownStarted	8	static
../freertos/libraries/c_sdk/standard/common/taskpool/iot_taskpool.c:1412:13:_signalShutdown	24	static
../freertos/libraries/c_sdk/standard/common/taskpool/iot_taskpool.c:1429:27:_scheduleInternal	40	static
../freertos/libraries/c_sdk/standard/common/taskpool/iot_taskpool.c:1532:13:_matchJobByPointer	16	static
../freertos/libraries/c_sdk/standard/common/taskpool/iot_taskpool.c:1549:27:_tryCancelInternal	56	static
../freertos/libraries/c_sdk/standard/common/taskpool/iot_taskpool.c:1654:27:_trySafeExtraction	40	static
../freertos/libraries/c_sdk/standard/common/taskpool/iot_taskpool.c:1709:16:_timerEventCompare	16	static
../freertos/libraries/c_sdk/standard/common/taskpool/iot_taskpool.c:1734:13:_rescheduleDeferredJobsTimer	48	static
../freertos/libraries/c_sdk/standard/common/taskpool/iot_taskpool.c:1760:13:_timerThread	40	static
