../utilities/fsl_str.c:141:17:PrintGetWidth	16	static
../utilities/fsl_str.c:170:17:PrintGetPrecision	32	static
../utilities/fsl_str.c:227:17:PrintIsobpu	16	static
../utilities/fsl_str.c:237:17:PrintIsdi	16	static
../utilities/fsl_str.c:247:13:PrintOutputdifFobpu	24	static
../utilities/fsl_str.c:300:13:PrintOutputxX	24	static
../utilities/fsl_str.c:361:17:PrintIsfF	16	static
../utilities/fsl_str.c:371:17:PrintIsxX	16	static
../utilities/fsl_str.c:462:13:PrintFilterLengthFlag	16	static
../utilities/fsl_str.c:476:16:PrintGetRadixFromobpu	16	static
../utilities/fsl_str.c:499:17:ScanIsWhiteSpace	16	static
../utilities/fsl_str.c:509:17:ScanIgnoreWhiteSpace	24	static
../utilities/fsl_str.c:524:16:ConvertRadixNumToString	56	static
../utilities/fsl_str.c:789:5:StrFormatPrintf	136	static
../utilities/fsl_str.c:1081:16:StrFormatScanIsFormatStarting	16	static
../utilities/fsl_str.c:1100:16:StrFormatScanGetBase	8	static
../utilities/fsl_str.c:1123:16:StrFormatScanCheckSymbol	16	static
../utilities/fsl_str.c:1144:16:StrFormatScanFillInteger	16	static
../utilities/fsl_str.c:1245:16:StrFormatScanfStringHandling	40	static
../utilities/fsl_str.c:1414:5:StrFormatScanf	88	static
