../freertos/libraries/coreMQTT/source/core_mqtt_serializer.c:429:15:remainingLengthEncodedSize	16	static
../freertos/libraries/coreMQTT/source/core_mqtt_serializer.c:466:18:encodeRemainingLength	32	static
../freertos/libraries/coreMQTT/source/core_mqtt_serializer.c:499:18:encodeString	32	static
../freertos/libraries/coreMQTT/source/core_mqtt_serializer.c:535:13:calculatePublishPacketSize	40	static
../freertos/libraries/coreMQTT/source/core_mqtt_serializer.c:614:13:serializePublishCommon	40	static
../freertos/libraries/coreMQTT/source/core_mqtt_serializer.c:708:15:getRemainingLength	40	static
../freertos/libraries/coreMQTT/source/core_mqtt_serializer.c:760:13:incomingPacketValid	24	static
../freertos/libraries/coreMQTT/source/core_mqtt_serializer.c:801:21:checkPublishRemainingLength	24	static
../freertos/libraries/coreMQTT/source/core_mqtt_serializer.c:838:21:processPublishFlags	24	static
../freertos/libraries/coreMQTT/source/core_mqtt_serializer.c:891:13:logConnackResponse	48	static
../freertos/libraries/coreMQTT/source/core_mqtt_serializer.c:923:21:deserializeConnack	24	static
../freertos/libraries/coreMQTT/source/core_mqtt_serializer.c:1004:21:calculateSubscriptionPacketSize	40	static
../freertos/libraries/coreMQTT/source/core_mqtt_serializer.c:1082:21:readSubackStatus	32	static
../freertos/libraries/coreMQTT/source/core_mqtt_serializer.c:1139:21:deserializeSuback	32	static
../freertos/libraries/coreMQTT/source/core_mqtt_serializer.c:1176:21:validateSubscriptionSerializeParams	32	static
../freertos/libraries/coreMQTT/source/core_mqtt_serializer.c:1233:21:deserializePublish	40	static
../freertos/libraries/coreMQTT/source/core_mqtt_serializer.c:1326:21:deserializeSimpleAck	24	static
../freertos/libraries/coreMQTT/source/core_mqtt_serializer.c:1362:21:deserializePingresp	24	static
../freertos/libraries/coreMQTT/source/core_mqtt_serializer.c:1382:13:serializeConnectPacket	32	static
../freertos/libraries/coreMQTT/source/core_mqtt_serializer.c:1501:14:MQTT_GetConnectPacketSize	40	static
../freertos/libraries/coreMQTT/source/core_mqtt_serializer.c:1601:14:MQTT_SerializeConnect	32	static
../freertos/libraries/coreMQTT/source/core_mqtt_serializer.c:1659:14:MQTT_GetSubscribePacketSize	40	static
../freertos/libraries/coreMQTT/source/core_mqtt_serializer.c:1697:14:MQTT_SerializeSubscribe	48	static
../freertos/libraries/coreMQTT/source/core_mqtt_serializer.c:1751:14:MQTT_GetUnsubscribePacketSize	40	static
../freertos/libraries/coreMQTT/source/core_mqtt_serializer.c:1789:14:MQTT_SerializeUnsubscribe	48	static
../freertos/libraries/coreMQTT/source/core_mqtt_serializer.c:1840:14:MQTT_GetPublishPacketSize	32	static
../freertos/libraries/coreMQTT/source/core_mqtt_serializer.c:1881:14:MQTT_SerializePublish	40	static
../freertos/libraries/coreMQTT/source/core_mqtt_serializer.c:1966:14:MQTT_SerializePublishHeader	40	static
../freertos/libraries/coreMQTT/source/core_mqtt_serializer.c:2049:14:MQTT_SerializeAck	24	static
../freertos/libraries/coreMQTT/source/core_mqtt_serializer.c:2104:14:MQTT_GetDisconnectPacketSize	24	static
../freertos/libraries/coreMQTT/source/core_mqtt_serializer.c:2124:14:MQTT_SerializeDisconnect	24	static
../freertos/libraries/coreMQTT/source/core_mqtt_serializer.c:2167:14:MQTT_GetPingreqPacketSize	24	static
../freertos/libraries/coreMQTT/source/core_mqtt_serializer.c:2187:14:MQTT_SerializePingreq	24	static
../freertos/libraries/coreMQTT/source/core_mqtt_serializer.c:2230:14:MQTT_DeserializePublish	32	static
../freertos/libraries/coreMQTT/source/core_mqtt_serializer.c:2267:14:MQTT_DeserializeAck	32	static
../freertos/libraries/coreMQTT/source/core_mqtt_serializer.c:2344:14:MQTT_GetIncomingPacketTypeAndLength	32	static
