../freertos/libraries/coreMQTT/source/core_mqtt_state.c:216:13:validateTransitionPublish	24	static
../freertos/libraries/coreMQTT/source/core_mqtt_state.c:284:13:validateTransitionAck	16	static
../freertos/libraries/coreMQTT/source/core_mqtt_state.c:393:13:isPublishOutgoing	16	static
../freertos/libraries/coreMQTT/source/core_mqtt_state.c:420:15:findInRecord	32	static
../freertos/libraries/coreMQTT/source/core_mqtt_state.c:447:13:compactRecords	24	static
../freertos/libraries/coreMQTT/source/core_mqtt_state.c:487:21:addRecord	40	static
../freertos/libraries/coreMQTT/source/core_mqtt_state.c:554:13:updateRecord	24	static
../freertos/libraries/coreMQTT/source/core_mqtt_state.c:574:17:stateSelect	40	static
../freertos/libraries/coreMQTT/source/core_mqtt_state.c:620:20:MQTT_CalculateStateAck	16	static
../freertos/libraries/coreMQTT/source/core_mqtt_state.c:669:21:updateStateAck	40	static
../freertos/libraries/coreMQTT/source/core_mqtt_state.c:729:21:updateStatePublish	40	static
../freertos/libraries/coreMQTT/source/core_mqtt_state.c:784:14:MQTT_ReserveState	32	static
../freertos/libraries/coreMQTT/source/core_mqtt_state.c:813:20:MQTT_CalculateStatePublish	16	static
../freertos/libraries/coreMQTT/source/core_mqtt_state.c:842:14:MQTT_UpdateStatePublish	48	static
../freertos/libraries/coreMQTT/source/core_mqtt_state.c:916:14:MQTT_UpdateStateAck	40	static
../freertos/libraries/coreMQTT/source/core_mqtt_state.c:989:10:MQTT_PubrelToResend	32	static
../freertos/libraries/coreMQTT/source/core_mqtt_state.c:1025:10:MQTT_PublishToResend	24	static
../freertos/libraries/coreMQTT/source/core_mqtt_state.c:1055:14:MQTT_State_strerror	16	static
