../freertos/libraries/coreMQTT/source/core_mqtt.c:384:13:matchEndWildcardsSpecialCases	24	static
../freertos/libraries/coreMQTT/source/core_mqtt.c:425:13:matchWildcards	32	static
../freertos/libraries/coreMQTT/source/core_mqtt.c:530:13:matchTopicFilter	48	static
../freertos/libraries/coreMQTT/source/core_mqtt.c:596:16:sendPacket	56	static
../freertos/libraries/coreMQTT/source/core_mqtt.c:674:17:calculateElapsedTime	8	static
../freertos/libraries/coreMQTT/source/core_mqtt.c:682:25:getAckFromPacketType	24	static
../freertos/libraries/coreMQTT/source/core_mqtt.c:715:16:recvExact	56	static
../freertos/libraries/coreMQTT/source/core_mqtt.c:791:21:discardPacket	56	static
../freertos/libraries/coreMQTT/source/core_mqtt.c:855:21:receivePacket	40	static
../freertos/libraries/coreMQTT/source/core_mqtt.c:903:16:getAckTypeToSend	16	static
../freertos/libraries/coreMQTT/source/core_mqtt.c:935:21:sendPublishAcks	40	static
../freertos/libraries/coreMQTT/source/core_mqtt.c:994:21:handleKeepAlive	32	static
../freertos/libraries/coreMQTT/source/core_mqtt.c:1029:21:handleIncomingPublish	64	static
../freertos/libraries/coreMQTT/source/core_mqtt.c:1143:21:handlePublishAcks	48	static
../freertos/libraries/coreMQTT/source/core_mqtt.c:1208:21:handleIncomingAck	48	static
../freertos/libraries/coreMQTT/source/core_mqtt.c:1287:21:receiveSingleIteration	48	static
../freertos/libraries/coreMQTT/source/core_mqtt.c:1358:21:validateSubscribeUnsubscribeParams	32	static
../freertos/libraries/coreMQTT/source/core_mqtt.c:1394:21:sendPublish	32	static
../freertos/libraries/coreMQTT/source/core_mqtt.c:1452:21:receiveConnack	56	static
../freertos/libraries/coreMQTT/source/core_mqtt.c:1576:21:handleSessionResumption	32	static
../freertos/libraries/coreMQTT/source/core_mqtt.c:1616:21:serializePublish	48	static
../freertos/libraries/coreMQTT/source/core_mqtt.c:1652:21:validatePublishParams	32	static
../freertos/libraries/coreMQTT/source/core_mqtt.c:1691:14:MQTT_Init	32	static
../freertos/libraries/coreMQTT/source/core_mqtt.c:1750:14:MQTT_Connect	64	static
../freertos/libraries/coreMQTT/source/core_mqtt.c:1847:14:MQTT_Subscribe	48	static
../freertos/libraries/coreMQTT/source/core_mqtt.c:1907:14:MQTT_Publish	48	static
../freertos/libraries/coreMQTT/source/core_mqtt.c:1981:14:MQTT_Ping	32	static
../freertos/libraries/coreMQTT/source/core_mqtt.c:2042:14:MQTT_Unsubscribe	48	static
../freertos/libraries/coreMQTT/source/core_mqtt.c:2102:14:MQTT_Disconnect	32	static
../freertos/libraries/coreMQTT/source/core_mqtt.c:2158:14:MQTT_ProcessLoop	32	static
../freertos/libraries/coreMQTT/source/core_mqtt.c:2215:14:MQTT_ReceiveLoop	32	static
../freertos/libraries/coreMQTT/source/core_mqtt.c:2270:10:MQTT_GetPacketId	16	static
../freertos/libraries/coreMQTT/source/core_mqtt.c:2295:14:MQTT_MatchTopic	32	static
../freertos/libraries/coreMQTT/source/core_mqtt.c:2364:14:MQTT_GetSubAckStatusCodes	32	static
../freertos/libraries/coreMQTT/source/core_mqtt.c:2423:14:MQTT_Status_strerror	16	static
