../lwip/src/core/ipv4/dhcp.c:232:1:dhcp_inc_pcb_refcount	8	static
../lwip/src/core/ipv4/dhcp.c:259:1:dhcp_dec_pcb_refcount	8	static
../lwip/src/core/ipv4/dhcp.c:283:1:dhcp_handle_nak	24	static
../lwip/src/core/ipv4/dhcp.c:371:1:dhcp_handle_offer	24	static
../lwip/src/core/ipv4/dhcp.c:405:1:dhcp_select	56	static
../lwip/src/core/ipv4/dhcp.c:469:1:dhcp_coarse_tmr	16	static
../lwip/src/core/ipv4/dhcp.c:507:1:dhcp_fine_tmr	16	static
../lwip/src/core/ipv4/dhcp.c:538:1:dhcp_timeout	24	static
../lwip/src/core/ipv4/dhcp.c:572:1:dhcp_t1_timeout	24	static
../lwip/src/core/ipv4/dhcp.c:599:1:dhcp_t2_timeout	24	static
../lwip/src/core/ipv4/dhcp.c:625:1:dhcp_handle_ack	32	static
../lwip/src/core/ipv4/dhcp.c:716:1:dhcp_set_struct	16	static
../lwip/src/core/ipv4/dhcp.c:740:6:dhcp_cleanup	24	static
../lwip/src/core/ipv4/dhcp.c:769:1:dhcp_start	24	static
../lwip/src/core/ipv4/dhcp.c:853:1:dhcp_inform	88	static
../lwip/src/core/ipv4/dhcp.c:897:1:dhcp_network_changed_link_up	24	static
../lwip/src/core/ipv4/dhcp.c:978:1:dhcp_discover	48	static
../lwip/src/core/ipv4/dhcp.c:1038:1:dhcp_bind	40	static
../lwip/src/core/ipv4/dhcp.c:1134:1:dhcp_renew	48	static
../lwip/src/core/ipv4/dhcp.c:1190:1:dhcp_rebind	48	static
../lwip/src/core/ipv4/dhcp.c:1244:1:dhcp_reboot	56	static
../lwip/src/core/ipv4/dhcp.c:1302:1:dhcp_release_and_stop	56	static
../lwip/src/core/ipv4/dhcp.c:1377:1:dhcp_release	16	static
../lwip/src/core/ipv4/dhcp.c:1389:1:dhcp_stop	16	static
../lwip/src/core/ipv4/dhcp.c:1400:1:dhcp_set_state	8	static
../lwip/src/core/ipv4/dhcp.c:1415:1:dhcp_option	16	static
../lwip/src/core/ipv4/dhcp.c:1427:1:dhcp_option_byte	16	static
../lwip/src/core/ipv4/dhcp.c:1435:1:dhcp_option_short	16	static
../lwip/src/core/ipv4/dhcp.c:1444:1:dhcp_option_long	24	static
../lwip/src/core/ipv4/dhcp.c:1456:1:dhcp_option_hostname	40	static
../lwip/src/core/ipv4/dhcp.c:1490:1:dhcp_parse_reply	80	static
../lwip/src/core/ipv4/dhcp.c:1739:1:dhcp_recv	48	static
../lwip/src/core/ipv4/dhcp.c:1860:1:dhcp_create_msg	40	static
../lwip/src/core/ipv4/dhcp.c:1946:1:dhcp_option_trailer	24	static
../lwip/src/core/ipv4/dhcp.c:1966:1:dhcp_supplied_address	16	static
