../lwip/src/core/ipv4/igmp.c:114:1:igmp_init	0	static
../lwip/src/core/ipv4/igmp.c:128:1:igmp_start	24	static
../lwip/src/core/ipv4/igmp.c:160:1:igmp_stop	24	static
../lwip/src/core/ipv4/igmp.c:192:1:igmp_report_groups	24	static
../lwip/src/core/ipv4/igmp.c:218:1:igmp_lookfor_group	16	static
../lwip/src/core/ipv4/igmp.c:244:1:igmp_lookup_group	24	static
../lwip/src/core/ipv4/igmp.c:295:1:igmp_remove_group	16	static
../lwip/src/core/ipv4/igmp.c:323:1:igmp_input	40	static
../lwip/src/core/ipv4/igmp.c:453:1:igmp_joingroup	24	static
../lwip/src/core/ipv4/igmp.c:489:1:igmp_joingroup_netif	24	static
../lwip/src/core/ipv4/igmp.c:550:1:igmp_leavegroup	32	static
../lwip/src/core/ipv4/igmp.c:585:1:igmp_leavegroup_netif	24	static
../lwip/src/core/ipv4/igmp.c:645:1:igmp_tmr	16	static
../lwip/src/core/ipv4/igmp.c:671:1:igmp_timeout	16	static
../lwip/src/core/ipv4/igmp.c:696:1:igmp_start_timer	8	static
../lwip/src/core/ipv4/igmp.c:717:1:igmp_delaying_member	16	static
../lwip/src/core/ipv4/igmp.c:745:1:igmp_ip_output_if	56	static
../lwip/src/core/ipv4/igmp.c:762:1:igmp_send	40	static
