../freertos/demos/network_manager/aws_iot_network_manager.c:507:21:_wifiConnectAccessPoint	192	static
../freertos/demos/network_manager/aws_iot_network_manager.c:608:17:_wifiEnable	24	static
../freertos/demos/network_manager/aws_iot_network_manager.c:667:17:_wifiDisable	32	static
../freertos/demos/network_manager/aws_iot_network_manager.c:717:17:_wifiEventHandler	64	static
../freertos/demos/network_manager/aws_iot_network_manager.c:786:25:prvGetNetworkInstance	16	static
../freertos/demos/network_manager/aws_iot_network_manager.c:805:13:prvDispatch	32	static
../freertos/demos/network_manager/aws_iot_network_manager.c:823:13:prvNetworkManagerTask	40	static
../freertos/demos/network_manager/aws_iot_network_manager.c:868:13:_initializeTCPIPCredentials	0	static
../freertos/demos/network_manager/aws_iot_network_manager.c:896:12:AwsIotNetworkManager_Init	24	static
../freertos/demos/network_manager/aws_iot_network_manager.c:961:12:AwsIotNetworkManager_SubscribeForStateChange	48	static
../freertos/demos/network_manager/aws_iot_network_manager.c:998:12:AwsIotNetworkManager_RemoveSubscription	40	static
../freertos/demos/network_manager/aws_iot_network_manager.c:1028:10:AwsIotNetworkManager_GetConfiguredNetworks	8	static
../freertos/demos/network_manager/aws_iot_network_manager.c:1041:10:AwsIotNetworkManager_GetEnabledNetworks	8	static
../freertos/demos/network_manager/aws_iot_network_manager.c:1057:10:AwsIotNetworkManager_GetConnectedNetworks	8	static
../freertos/demos/network_manager/aws_iot_network_manager.c:1073:10:AwsIotNetworkManager_EnableNetwork	24	static
../freertos/demos/network_manager/aws_iot_network_manager.c:1114:10:AwsIotNetworkManager_DisableNetwork	24	static
../freertos/demos/network_manager/aws_iot_network_manager.c:1159:31:AwsIotNetworkManager_GetNetworkInterface	16	static
../freertos/demos/network_manager/aws_iot_network_manager.c:1175:8:AwsIotNetworkManager_GetCredentials	16	static
../freertos/demos/network_manager/aws_iot_network_manager.c:1191:8:AwsIotNetworkManager_GetConnectionParams	16	static
