../lwip/src/api/sockets.c:359:1:lwip_socket_thread_init	0	static
../lwip/src/api/sockets.c:366:1:lwip_socket_thread_cleanup	0	static
../lwip/src/api/sockets.c:450:1:tryget_socket_unconn_nouse	16	static
../lwip/src/api/sockets.c:461:1:lwip_socket_dbg_get_socket	16	static
../lwip/src/api/sockets.c:468:1:tryget_socket_unconn	24	static
../lwip/src/api/sockets.c:481:1:tryget_socket_unconn_locked	24	static
../lwip/src/api/sockets.c:499:1:tryget_socket	24	static
../lwip/src/api/sockets.c:518:1:get_socket	24	static
../lwip/src/api/sockets.c:540:1:alloc_socket	24	static
../lwip/src/api/sockets.c:587:1:free_socket_locked	16	static
../lwip/src/api/sockets.c:611:1:free_socket_free_elements	24	static
../lwip/src/api/sockets.c:633:1:free_socket	32	static
../lwip/src/api/sockets.c:659:1:accept	80	static
../lwip/src/api/sockets.c:756:1:bind	40	static
../lwip/src/api/sockets.c:810:1:close	32	static
../lwip/src/api/sockets.c:851:1:connect	40	static
../lwip/src/api/sockets.c:919:1:listen	24	static
../lwip/src/api/sockets.c:958:1:lwip_recv_tcp	48	static
../lwip/src/api/sockets.c:1061:1:lwip_sock_make_addr	48	static
../lwip/src/api/sockets.c:1094:1:lwip_recv_tcp_from	40	static
../lwip/src/api/sockets.c:1126:1:lwip_recvfrom_udp_raw	56	static
../lwip/src/api/sockets.c:1237:1:recvfrom	88	static
../lwip/src/api/sockets.c:1290:1:read	32	static
../lwip/src/api/sockets.c:1296:1:readv	56	static
../lwip/src/api/sockets.c:1313:1:recv	32	static
../lwip/src/api/sockets.c:1319:1:recvmsg	64	static
../lwip/src/api/sockets.c:1420:1:send	48	static
../lwip/src/api/sockets.c:1460:1:sendmsg	80	static
../lwip/src/api/sockets.c:1623:1:sendto	56	static
../lwip/src/api/sockets.c:1723:1:socket	32	static
../lwip/src/api/sockets.c:1784:1:write	24	static
../lwip/src/api/sockets.c:1790:1:writev	56	static
../lwip/src/api/sockets.c:1809:1:lwip_link_select_cb	16	static
../lwip/src/api/sockets.c:1833:1:lwip_unlink_select_cb	16	static
../lwip/src/api/sockets.c:1873:1:lwip_selscan	104	static
c:\nxp\mcuxpressoide_11.6.1_8255\ide\plugins\com.nxp.mcuxpresso.tools.win32_11.6.1.202207200623\tools\arm-none-eabi\include\sys\select.h:76:5:select	136	static
../lwip/src/api/sockets.c:2238:1:lwip_pollscan	56	static
../lwip/src/api/sockets.c:2364:1:poll	72	static
../lwip/src/api/sockets.c:2483:1:lwip_poll_should_wake	24	static
../lwip/src/api/sockets.c:2522:1:event_callback	48	static
../lwip/src/api/sockets.c:2621:13:select_check_waiters	40	static
../lwip/src/api/sockets.c:2700:1:shutdown	32	static
../lwip/src/api/sockets.c:2745:1:lwip_getaddrname	56	static
../lwip/src/api/sockets.c:2792:1:getpeername	24	static
../lwip/src/api/sockets.c:2798:1:getsockname	24	static
../lwip/src/api/sockets.c:2804:1:getsockopt	40	static
../lwip/src/api/sockets.c:2904:1:lwip_sockopt_to_ipopt	16	static
../lwip/src/api/sockets.c:2927:1:lwip_getsockopt_impl	56	static
../lwip/src/api/sockets.c:3258:1:setsockopt	40	static
../lwip/src/api/sockets.c:3356:1:lwip_setsockopt_impl	72	static
../lwip/src/api/sockets.c:3809:1:ioctl	32	static
../lwip/src/api/sockets.c:3917:1:lwip_fcntl	40	static
../lwip/src/api/sockets.c:3987:1:fcntl	20	static
../lwip/src/api/sockets.c:4000:1:inet_ntop	32	static
../lwip/src/api/sockets.c:4033:1:inet_pton	32	static
../lwip/src/api/sockets.c:4070:1:lwip_socket_register_membership	32	static
../lwip/src/api/sockets.c:4098:1:lwip_socket_unregister_membership	32	static
../lwip/src/api/sockets.c:4125:1:lwip_socket_drop_registered_memberships	32	static
