C:\Users\chuch\Documents\MCUXpressoIDE_11.6.1_8255\workspace\evkmimxrt1060_aws_remote_control_wifi_nxp\drivers/fsl_usdhc.h:1038:24:USDHC_GetPresentStatusFlags	8	static
C:\Users\chuch\Documents\MCUXpressoIDE_11.6.1_8255\workspace\evkmimxrt1060_aws_remote_control_wifi_nxp\drivers/fsl_usdhc.h:1064:20:USDHC_ForceClockOn	8	static
C:\Users\chuch\Documents\MCUXpressoIDE_11.6.1_8255\workspace\evkmimxrt1060_aws_remote_control_wifi_nxp\sdmmc\host/fsl_sdmmc_host.h:230:20:SDMMCHOST_SendCardActive	16	static
C:\Users\chuch\Documents\MCUXpressoIDE_11.6.1_8255\workspace\evkmimxrt1060_aws_remote_control_wifi_nxp\sdmmc\host/fsl_sdmmc_host.h:241:24:SDMMCHOST_SetCardClock	16	static
C:\Users\chuch\Documents\MCUXpressoIDE_11.6.1_8255\workspace\evkmimxrt1060_aws_remote_control_wifi_nxp\sdmmc\host/fsl_sdmmc_host.h:264:24:SDMMCHOST_GetSignalLineStatus	16	static
C:\Users\chuch\Documents\MCUXpressoIDE_11.6.1_8255\workspace\evkmimxrt1060_aws_remote_control_wifi_nxp\sdmmc\host/fsl_sdmmc_host.h:295:20:SDMMCHOST_EnableDDRMode	24	static
C:\Users\chuch\Documents\MCUXpressoIDE_11.6.1_8255\workspace\evkmimxrt1060_aws_remote_control_wifi_nxp\sdmmc\host/fsl_sdmmc_host.h:377:20:SDMMCHOST_ForceClockOn	16	static
../sdmmc/src/fsl_sdio.c:113:24:SDIO_SelectCard	16	static
../sdmmc/src/fsl_sdio.c:120:24:SDIO_GoIdle	16	static
../sdmmc/src/fsl_sdio.c:127:17:SDIO_SwitchIOVoltage	16	static
../sdmmc/src/fsl_sdio.c:149:17:SDIO_SwitchVoltage	64	static
../sdmmc/src/fsl_sdio.c:220:17:SDIO_ExecuteTuning	16	static
../sdmmc/src/fsl_sdio.c:228:17:SDIO_SendRca	72	static
../sdmmc/src/fsl_sdio.c:267:10:SDIO_CardInActive	16	static
../sdmmc/src/fsl_sdio.c:274:17:SDIO_SendOperationCondition	80	static
../sdmmc/src/fsl_sdio.c:337:17:SDIO_IO_Access_Direct	72	static
../sdmmc/src/fsl_sdio.c:388:10:SDIO_IO_Write_Direct	48	static
../sdmmc/src/fsl_sdio.c:408:10:SDIO_IO_Read_Direct	48	static
../sdmmc/src/fsl_sdio.c:428:10:SDIO_IO_RW_Direct	48	static
../sdmmc/src/fsl_sdio.c:453:10:SDIO_IO_Write_Extended	96	static
../sdmmc/src/fsl_sdio.c:548:10:SDIO_IO_Read_Extended	96	static
../sdmmc/src/fsl_sdio.c:646:10:SDIO_IO_Transfer	112	static
../sdmmc/src/fsl_sdio.c:765:10:SDIO_GetCardCapability	48	static
../sdmmc/src/fsl_sdio.c:870:10:SDIO_SetBlockSize	48	static
../sdmmc/src/fsl_sdio.c:930:10:SDIO_CardReset	40	static
../sdmmc/src/fsl_sdio.c:943:10:SDIO_SetDataBusWidth	40	static
../sdmmc/src/fsl_sdio.c:1002:17:SDIO_SetMaxDataBusWidth	24	static
../sdmmc/src/fsl_sdio.c:1027:10:SDIO_SwitchToHighSpeed	48	static
../sdmmc/src/fsl_sdio.c:1083:17:SDIO_SelectBusTiming	56	static
../sdmmc/src/fsl_sdio.c:1236:10:SDIO_SetDriverStrength	48	static
../sdmmc/src/fsl_sdio.c:1275:10:SDIO_EnableAsyncInterrupt	40	static
../sdmmc/src/fsl_sdio.c:1320:17:SDIO_DecodeCIS	24	static
../sdmmc/src/fsl_sdio.c:1409:10:SDIO_ReadCIS	328	static
../sdmmc/src/fsl_sdio.c:1509:17:SDIO_ProbeBusVoltage	32	static
../sdmmc/src/fsl_sdio.c:1599:17:sdiocard_init	24	static
../sdmmc/src/fsl_sdio.c:1663:10:SDIO_CardInit	24	static
../sdmmc/src/fsl_sdio.c:1681:6:SDIO_CardDeinit	16	static
../sdmmc/src/fsl_sdio.c:1692:10:SDIO_HostInit	16	static
../sdmmc/src/fsl_sdio.c:1720:6:SDIO_HostDeinit	16	static
../sdmmc/src/fsl_sdio.c:1730:6:SDIO_HostDoReset	16	static
../sdmmc/src/fsl_sdio.c:1735:10:SDIO_PollingCardInsert	16	static
../sdmmc/src/fsl_sdio.c:1780:6:SDIO_IsCardPresent	16	static
../sdmmc/src/fsl_sdio.c:1809:6:SDIO_SetCardPower	24	static
../sdmmc/src/fsl_sdio.c:1836:10:SDIO_Init	24	static
../sdmmc/src/fsl_sdio.c:1876:6:SDIO_Deinit	16	static
../sdmmc/src/fsl_sdio.c:1884:10:SDIO_EnableIOInterrupt	40	static
../sdmmc/src/fsl_sdio.c:1937:10:SDIO_GetPendingInterrupt	40	static
../sdmmc/src/fsl_sdio.c:1953:10:SDIO_EnableIO	48	static
../sdmmc/src/fsl_sdio.c:2028:10:SDIO_SelectIO	40	static
../sdmmc/src/fsl_sdio.c:2047:10:SDIO_AbortIO	40	static
../sdmmc/src/fsl_sdio.c:2065:6:SDIO_SetIOIRQHandler	24	static
../sdmmc/src/fsl_sdio.c:2074:10:SDIO_HandlePendingIOInterrupt	24	static
