../mbedtls/port/ksdk/ecp_alt.c:161:20:ecp_drbg_init	16	static
../mbedtls/port/ksdk/ecp_alt.c:167:20:ecp_drbg_free	16	static
../mbedtls/port/ksdk/ecp_alt.c:173:19:ecp_drbg_random	24	static
../mbedtls/port/ksdk/ecp_alt.c:180:12:ecp_drbg_seed	88	static
../mbedtls/port/ksdk/ecp_alt.c:577:31:mbedtls_ecp_curve_list	0	static
../mbedtls/port/ksdk/ecp_alt.c:585:29:mbedtls_ecp_grp_id_list	16	static
../mbedtls/port/ksdk/ecp_alt.c:611:31:mbedtls_ecp_curve_info_from_grp_id	24	static
../mbedtls/port/ksdk/ecp_alt.c:629:31:mbedtls_ecp_curve_info_from_tls_id	24	static
../mbedtls/port/ksdk/ecp_alt.c:647:31:mbedtls_ecp_curve_info_from_name	24	static
../mbedtls/port/ksdk/ecp_alt.c:668:24:mbedtls_ecp_get_type	8	static
../mbedtls/port/ksdk/ecp_alt.c:682:6:mbedtls_ecp_point_init	16	static
../mbedtls/port/ksdk/ecp_alt.c:694:6:mbedtls_ecp_group_init	16	static
../mbedtls/port/ksdk/ecp_alt.c:718:6:mbedtls_ecp_keypair_init	16	static
../mbedtls/port/ksdk/ecp_alt.c:730:6:mbedtls_ecp_point_free	16	static
../mbedtls/port/ksdk/ecp_alt.c:743:6:mbedtls_ecp_group_free	24	static
../mbedtls/port/ksdk/ecp_alt.c:772:6:mbedtls_ecp_keypair_free_o	16	static
../mbedtls/port/ksdk/ecp_alt.c:798:6:mbedtls_ecp_keypair_free	16	static
../mbedtls/port/ksdk/ecp_alt.c:807:5:mbedtls_ecp_copy	24	static
../mbedtls/port/ksdk/ecp_alt.c:824:5:mbedtls_ecp_group_copy	16	static
../mbedtls/port/ksdk/ecp_alt.c:835:5:mbedtls_ecp_set_zero	24	static
../mbedtls/port/ksdk/ecp_alt.c:851:5:mbedtls_ecp_is_zero	16	static
../mbedtls/port/ksdk/ecp_alt.c:861:5:mbedtls_ecp_point_cmp	16	static
../mbedtls/port/ksdk/ecp_alt.c:880:5:mbedtls_ecp_point_read_string	32	static
../mbedtls/port/ksdk/ecp_alt.c:899:5:mbedtls_ecp_point_write_binary	32	static
../mbedtls/port/ksdk/ecp_alt.c:974:5:mbedtls_ecp_point_read_binary	32	static
../mbedtls/port/ksdk/ecp_alt.c:1039:5:mbedtls_ecp_tls_read_point	32	static
../mbedtls/port/ksdk/ecp_alt.c:1075:5:mbedtls_ecp_tls_write_point	40	static
../mbedtls/port/ksdk/ecp_alt.c:1109:5:mbedtls_ecp_tls_read_group_o	32	static
../mbedtls/port/ksdk/ecp_alt.c:1138:5:mbedtls_ecp_tls_read_group	32	static
../mbedtls/port/ksdk/ecp_alt.c:1149:5:mbedtls_ecp_tls_read_group_id	32	static
../mbedtls/port/ksdk/ecp_alt.c:1188:5:mbedtls_ecp_tls_write_group	32	static
../mbedtls/port/ksdk/ecp_alt.c:1225:12:ecp_modp	24	static
../mbedtls/port/ksdk/ecp_alt.c:1279:19:mbedtls_mpi_mul_mod	32	static
../mbedtls/port/ksdk/ecp_alt.c:1306:19:mbedtls_mpi_sub_mod	32	static
../mbedtls/port/ksdk/ecp_alt.c:1328:19:mbedtls_mpi_add_mod	32	static
../mbedtls/port/ksdk/ecp_alt.c:1344:19:mbedtls_mpi_shift_l_mod	32	static
../mbedtls/port/ksdk/ecp_alt.c:1370:12:ecp_normalize_jac	48	static
../mbedtls/port/ksdk/ecp_alt.c:1426:12:ecp_normalize_jac_many	72	static
../mbedtls/port/ksdk/ecp_alt.c:1520:12:ecp_safe_invert_jac	48	static
../mbedtls/port/ksdk/ecp_alt.c:1557:12:ecp_double_jac	80	static
../mbedtls/port/ksdk/ecp_alt.c:1659:12:ecp_add_mixed	112	static
../mbedtls/port/ksdk/ecp_alt.c:1753:12:ecp_randomize_jac	64	static
../mbedtls/port/ksdk/ecp_alt.c:1854:13:ecp_comb_recode_core	40	static
../mbedtls/port/ksdk/ecp_alt.c:1920:12:ecp_precompute_comb	48	static
../mbedtls/port/ksdk/ecp_alt.c:2059:12:ecp_select_comb	32	static
../mbedtls/port/ksdk/ecp_alt.c:2091:12:ecp_mul_comb_core	80	static
../mbedtls/port/ksdk/ecp_alt.c:2175:12:ecp_comb_recode_scalar	56	static
../mbedtls/port/ksdk/ecp_alt.c:2217:12:ecp_mul_comb_after_precomp	256	static
../mbedtls/port/ksdk/ecp_alt.c:2286:22:ecp_pick_window_size	16	static
../mbedtls/port/ksdk/ecp_alt.c:2333:12:ecp_mul_comb	152	static
../mbedtls/port/ksdk/ecp_alt.c:2742:5:mbedtls_ecp_mul_restartable	48	static
../mbedtls/port/ksdk/ecp_alt.c:2810:5:mbedtls_ecp_mul	40	static
../mbedtls/port/ksdk/ecp_alt.c:2826:12:ecp_check_pubkey_sw	48	static
../mbedtls/port/ksdk/ecp_alt.c:2877:12:mbedtls_ecp_mul_shortcuts	48	static
../mbedtls/port/ksdk/ecp_alt.c:2914:5:ecp_add	32	static
../mbedtls/port/ksdk/ecp_alt.c:2936:5:mbedtls_ecp_muladd_restartable	80	static
../mbedtls/port/ksdk/ecp_alt.c:3037:5:mbedtls_ecp_muladd	40	static
../mbedtls/port/ksdk/ecp_alt.c:3168:5:mbedtls_ecp_check_pubkey	16	static
../mbedtls/port/ksdk/ecp_alt.c:3192:5:mbedtls_ecp_check_privkey	16	static
../mbedtls/port/ksdk/ecp_alt.c:3264:12:mbedtls_ecp_gen_privkey_sw	40	static
../mbedtls/port/ksdk/ecp_alt.c:3282:5:mbedtls_ecp_gen_privkey	24	static
../mbedtls/port/ksdk/ecp_alt.c:3307:5:mbedtls_ecp_gen_keypair_base	40	static
../mbedtls/port/ksdk/ecp_alt.c:3330:5:mbedtls_ecp_gen_keypair	32	static
../mbedtls/port/ksdk/ecp_alt.c:3346:5:mbedtls_ecp_gen_key	40	static
../mbedtls/port/ksdk/ecp_alt.c:3363:5:mbedtls_ecp_read_key	32	static
../mbedtls/port/ksdk/ecp_alt.c:3431:5:mbedtls_ecp_write_key	32	static
../mbedtls/port/ksdk/ecp_alt.c:3470:5:mbedtls_ecp_check_pub_priv	192	static
../mbedtls/port/ksdk/ecp_alt.c:3516:12:self_test_adjust_exponent	16	static
../mbedtls/port/ksdk/ecp_alt.c:3551:12:self_test_point	56	static
../mbedtls/port/ksdk/ecp_alt.c:3606:5:mbedtls_ecp_self_test	280	static
