../mbedtls/port/ksdk/ksdk_mbedtls.c:94:13:IS_IN_NONCACHED	16	static
../mbedtls/port/ksdk/ksdk_mbedtls.c:216:13:crypto_attach_ctx_to_key_slot	8	static
../mbedtls/port/ksdk/ksdk_mbedtls.c:221:13:crypto_detach_ctx_from_key_slot	16	static
../mbedtls/port/ksdk/ksdk_mbedtls.c:233:13:crypto_key_is_loaded	16	static
../mbedtls/port/ksdk/ksdk_mbedtls.c:250:13:mbedtls_zeroize	16	static
../mbedtls/port/ksdk/ksdk_mbedtls.c:269:10:CRYPTO_InitHardware	104	static
../mbedtls/port/ksdk/ksdk_mbedtls.c:772:5:mbedtls_aes_setkey_enc	32	static
../mbedtls/port/ksdk/ksdk_mbedtls.c:853:5:mbedtls_aes_setkey_dec	32	static
../mbedtls/port/ksdk/ksdk_mbedtls.c:934:5:mbedtls_internal_aes_encrypt	48	static
../mbedtls/port/ksdk/ksdk_mbedtls.c:1042:5:mbedtls_internal_aes_decrypt	48	static
../mbedtls/port/ksdk/ksdk_mbedtls.c:1250:5:mbedtls_aes_crypt_cbc	56	static
../mbedtls/port/ksdk/ksdk_mbedtls.c:4169:6:mbedtls_sha1_init	16	static
../mbedtls/port/ksdk/ksdk_mbedtls.c:4176:6:mbedtls_sha1_free	16	static
../mbedtls/port/ksdk/ksdk_mbedtls.c:4184:6:mbedtls_sha1_clone	16	static
../mbedtls/port/ksdk/ksdk_mbedtls.c:4192:5:mbedtls_sha1_starts_ret	24	static
../mbedtls/port/ksdk/ksdk_mbedtls.c:4203:5:mbedtls_internal_sha1_process	24	static
../mbedtls/port/ksdk/ksdk_mbedtls.c:4220:5:mbedtls_sha1_update_ret	32	static
../mbedtls/port/ksdk/ksdk_mbedtls.c:4237:5:mbedtls_sha1_finish_ret	24	static
../mbedtls/port/ksdk/ksdk_mbedtls.c:4336:6:mbedtls_sha1_starts	16	static
../mbedtls/port/ksdk/ksdk_mbedtls.c:4341:6:mbedtls_sha1_update	24	static
../mbedtls/port/ksdk/ksdk_mbedtls.c:4346:6:mbedtls_sha1_finish	16	static
../mbedtls/port/ksdk/ksdk_mbedtls.c:4351:6:mbedtls_sha1_process	16	static
../mbedtls/port/ksdk/ksdk_mbedtls.c:4744:6:mbedtls_sha256_init	16	static
../mbedtls/port/ksdk/ksdk_mbedtls.c:4751:6:mbedtls_sha256_free	16	static
../mbedtls/port/ksdk/ksdk_mbedtls.c:4759:6:mbedtls_sha256_clone	16	static
../mbedtls/port/ksdk/ksdk_mbedtls.c:4767:5:mbedtls_sha256_starts_ret	24	static
../mbedtls/port/ksdk/ksdk_mbedtls.c:4781:5:mbedtls_internal_sha256_process	24	static
../mbedtls/port/ksdk/ksdk_mbedtls.c:4798:5:mbedtls_sha256_update_ret	32	static
../mbedtls/port/ksdk/ksdk_mbedtls.c:4815:5:mbedtls_sha256_finish_ret	24	static
../mbedtls/port/ksdk/ksdk_mbedtls.c:4916:6:mbedtls_sha256_starts	16	static
../mbedtls/port/ksdk/ksdk_mbedtls.c:4921:6:mbedtls_sha256_update	24	static
../mbedtls/port/ksdk/ksdk_mbedtls.c:4926:6:mbedtls_sha256_finish	16	static
../mbedtls/port/ksdk/ksdk_mbedtls.c:4931:6:mbedtls_sha256_process	16	static
../mbedtls/port/ksdk/ksdk_mbedtls.c:4951:5:mbedtls_hardware_poll	32	static
../mbedtls/port/ksdk/ksdk_mbedtls.c:5061:6:mcux_mbedtls_mutex_init	16	static
../mbedtls/port/ksdk/ksdk_mbedtls.c:5079:6:mcux_mbedtls_mutex_free	16	static
../mbedtls/port/ksdk/ksdk_mbedtls.c:5094:5:mcux_mbedtls_mutex_lock	24	static
../mbedtls/port/ksdk/ksdk_mbedtls.c:5119:5:mcux_mbedtls_mutex_unlock	24	static
../mbedtls/port/ksdk/ksdk_mbedtls.c:5138:13:CRYPTO_ConfigureThreadingMcux	8	static
