C:\Users\chuch\Documents\MCUXpressoIDE_11.6.1_8255\workspace\evkmimxrt1060_aws_remote_control_wifi_nxp\wifi\incl\port\os/wm_os.h:390:29:os_enter_critical_section	8	static
C:\Users\chuch\Documents\MCUXpressoIDE_11.6.1_8255\workspace\evkmimxrt1060_aws_remote_control_wifi_nxp\wifi\incl\port\os/wm_os.h:396:20:os_exit_critical_section	16	static
../wifi/port/os/os.c:26:10:os_ticks_get	8	static
../wifi/port/os/os.c:38:10:os_msec_to_ticks	8	static
../wifi/port/os/os.c:43:15:os_ticks_to_msec	8	static
../wifi/port/os/os.c:49:13:get_current_taskname	16	static
../wifi/port/os/os.c:62:5:os_thread_create	40	static
../wifi/port/os/os.c:80:13:os_get_current_task_handle	8	static
../wifi/port/os/os.c:85:5:os_thread_delete	16	static
../wifi/port/os/os.c:103:6:os_thread_sleep	16	static
../wifi/port/os/os.c:110:6:os_thread_self_complete	16	static
../wifi/port/os/os.c:136:5:os_timer_activate	32	static
../wifi/port/os/os.c:167:5:os_timer_create	40	static
../wifi/port/os/os.c:191:5:os_timer_change	40	static
../wifi/port/os/os.c:216:6:os_timer_is_running	24	static
../wifi/port/os/os.c:229:7:os_timer_get_context	16	static
../wifi/port/os/os.c:240:5:os_timer_reset	32	static
../wifi/port/os/os.c:270:5:os_timer_deactivate	32	static
../wifi/port/os/os.c:300:5:os_timer_delete	32	static
../wifi/port/os/os.c:324:5:os_queue_create	24	static
../wifi/port/os/os.c:338:5:os_queue_send	32	static
../wifi/port/os/os.c:366:5:os_queue_recv	32	static
../wifi/port/os/os.c:380:5:os_queue_delete	16	static
../wifi/port/os/os.c:391:5:os_queue_get_msgs_waiting	24	static
../wifi/port/os/os.c:407:6:vApplicationTickHook	16	static
../wifi/port/os/os.c:420:6:vApplicationIdleHook	16	static
../wifi/port/os/os.c:433:6:os_thread_stackmark	8	static
../wifi/port/os/os.c:438:5:os_setup_idle_function	16	static
../wifi/port/os/os.c:467:5:os_setup_tick_function	16	static
../wifi/port/os/os.c:496:5:os_remove_idle_function	16	static
../wifi/port/os/os.c:517:5:os_remove_tick_function	16	static
../wifi/port/os/os.c:539:5:os_mutex_create	24	static
../wifi/port/os/os.c:562:5:os_mutex_get	24	static
../wifi/port/os/os.c:574:5:os_mutex_put	24	static
../wifi/port/os/os.c:589:5:os_recursive_mutex_create	16	static
../wifi/port/os/os.c:608:5:os_recursive_mutex_get	24	static
../wifi/port/os/os.c:615:5:os_recursive_mutex_put	24	static
../wifi/port/os/os.c:622:5:os_mutex_delete	16	static
../wifi/port/os/os.c:653:20:os_event_flags_remove_node	16	static
../wifi/port/os/os.c:671:5:os_event_flags_create	24	static
../wifi/port/os/os.c:691:5:os_event_flags_get	48	static
../wifi/port/os/os.c:865:5:os_event_flags_set	32	static
../wifi/port/os/os.c:926:5:os_event_flags_delete	32	static
../wifi/port/os/os.c:996:5:os_event_notify_get	24	static
../wifi/port/os/os.c:1002:5:os_event_notify_put	32	static
../wifi/port/os/os.c:1029:5:os_semaphore_create	16	static
../wifi/port/os/os.c:1044:5:os_semaphore_create_counting	24	static
../wifi/port/os/os.c:1062:5:os_semaphore_get	24	static
../wifi/port/os/os.c:1086:5:os_semaphore_put	24	static
../wifi/port/os/os.c:1111:5:os_semaphore_getcount	16	static
../wifi/port/os/os.c:1117:5:os_semaphore_delete	16	static
../wifi/port/os/os.c:1126:5:os_rwlock_create	24	static
../wifi/port/os/os.c:1130:5:os_rwlock_create_with_cb	32	static
../wifi/port/os/os.c:1148:5:os_rwlock_read_lock	24	static
../wifi/port/os/os.c:1188:5:os_rwlock_read_unlock	24	static
../wifi/port/os/os.c:1207:5:os_rwlock_write_lock	24	static
../wifi/port/os/os.c:1213:6:os_rwlock_write_unlock	16	static
../wifi/port/os/os.c:1218:6:os_rwlock_delete	16	static
../wifi/port/os/os.c:1227:14:os_get_timestamp	16	static
../wifi/port/os/os.c:1254:7:os_mem_alloc	24	static
../wifi/port/os/os.c:1260:7:os_mem_calloc	24	static
../wifi/port/os/os.c:1275:6:os_mem_free	16	static
../wifi/port/os/os.c:1375:6:os_disable_all_interrupts	8	static
../wifi/port/os/os.c:1381:6:os_enable_all_interrupts	8	static
