../wifi/port/lwip/net.c:90:13:netif_ext_status_callback	32	static
../wifi/port/lwip/net.c:181:5:net_dhcp_hostname_set	8	static
../wifi/port/lwip/net.c:187:6:net_ipv4stack_init	8	static
../wifi/port/lwip/net.c:218:5:net_wlan_init	32	static
../wifi/port/lwip/net.c:273:12:net_netif_deinit	24	static
../wifi/port/lwip/net.c:301:5:net_wlan_deinit	16	static
../wifi/port/lwip/net.c:340:13:wm_netif_status_callback	24	static
../wifi/port/lwip/net.c:415:6:net_stop_dhcp_timer	8	static
../wifi/port/lwip/net.c:420:13:stop_cb	24	static
../wifi/port/lwip/net.c:429:13:dhcp_timer_cb	16	static
../wifi/port/lwip/net.c:435:12:check_iface_mask	24	static
../wifi/port/lwip/net.c:450:14:net_ip_to_interface	24	static
../wifi/port/lwip/net.c:476:7:net_sock_to_interface	48	static
../wifi/port/lwip/net.c:493:7:net_get_sta_handle	0	static
../wifi/port/lwip/net.c:498:7:net_get_uap_handle	0	static
../wifi/port/lwip/net.c:504:6:net_interface_up	24	static
../wifi/port/lwip/net.c:510:6:net_interface_down	24	static
../wifi/port/lwip/net.c:516:6:net_interface_dhcp_stop	24	static
../wifi/port/lwip/net.c:523:5:net_configure_address	24	static
../wifi/port/lwip/net.c:625:5:net_get_if_addr	24	static
../wifi/port/lwip/net.c:673:5:net_get_if_name	32	static
../wifi/port/lwip/net.c:685:5:net_get_if_ip_addr	16	static
../wifi/port/lwip/net.c:693:5:net_get_if_ip_mask	16	static
../wifi/port/lwip/net.c:701:6:net_configure_dns	24	static
../wifi/port/lwip/net.c:728:6:net_stat	8	static
