../flash/mflash/mflash_file.c:74:6:mflash_is_initialized	0	static
../flash/mflash/mflash_file.c:80:13:dir_path_store	24	static
../flash/mflash/mflash_file.c:108:13:dir_path_match	24	static
../flash/mflash/mflash_file.c:137:14:mflash_page_buf_get	16	static
../flash/mflash/mflash_file.c:149:13:mflash_page_buf_release	16	static
../flash/mflash/mflash_file.c:159:17:mflash_fs_sector_erase	24	static
../flash/mflash/mflash_file.c:174:17:mflash_fs_page_program	32	static
../flash/mflash/mflash_file.c:189:21:mflash_fs_get_ptr	8	static
../flash/mflash/mflash_file.c:199:17:mflash_readable_check	8	static
../flash/mflash/mflash_file.c:223:17:mflash_fs_check	24	static
../flash/mflash/mflash_file.c:266:17:mflash_file_check	24	static
../flash/mflash/mflash_file.c:311:17:mflash_dir_lookup	48	static
../flash/mflash/mflash_file.c:333:17:mflash_format_internal	88	static
../flash/mflash/mflash_file.c:444:17:mflash_format	32	static
../flash/mflash/mflash_file.c:473:17:mflash_template_match	88	static
../flash/mflash/mflash_file.c:500:17:mflash_fs_init	32	static
../flash/mflash/mflash_file.c:529:10:mflash_init	24	static
../flash/mflash/mflash_file.c:561:17:mflash_file_save_internal	56	static
../flash/mflash/mflash_file.c:630:10:mflash_file_save	112	static
../flash/mflash/mflash_file.c:671:17:mflash_file_mmap_internal	32	static
../flash/mflash/mflash_file.c:691:10:mflash_file_mmap	96	static
