C:\Users\chuch\Documents\MCUXpressoIDE_11.6.1_8255\workspace\evkmimxrt1060_aws_remote_control_wifi_nxp\drivers/fsl_usdhc.h:928:20:USDHC_EnableInterruptStatus	8	static
C:\Users\chuch\Documents\MCUXpressoIDE_11.6.1_8255\workspace\evkmimxrt1060_aws_remote_control_wifi_nxp\drivers/fsl_usdhc.h:939:20:USDHC_DisableInterruptStatus	8	static
C:\Users\chuch\Documents\MCUXpressoIDE_11.6.1_8255\workspace\evkmimxrt1060_aws_remote_control_wifi_nxp\drivers/fsl_usdhc.h:950:20:USDHC_EnableInterruptSignal	8	static
C:\Users\chuch\Documents\MCUXpressoIDE_11.6.1_8255\workspace\evkmimxrt1060_aws_remote_control_wifi_nxp\drivers/fsl_usdhc.h:961:20:USDHC_DisableInterruptSignal	8	static
C:\Users\chuch\Documents\MCUXpressoIDE_11.6.1_8255\workspace\evkmimxrt1060_aws_remote_control_wifi_nxp\drivers/fsl_usdhc.h:992:24:USDHC_GetInterruptStatusFlags	8	static
C:\Users\chuch\Documents\MCUXpressoIDE_11.6.1_8255\workspace\evkmimxrt1060_aws_remote_control_wifi_nxp\drivers/fsl_usdhc.h:1003:20:USDHC_ClearInterruptStatusFlags	8	static
C:\Users\chuch\Documents\MCUXpressoIDE_11.6.1_8255\workspace\evkmimxrt1060_aws_remote_control_wifi_nxp\drivers/fsl_usdhc.h:1025:24:USDHC_GetAdmaErrorStatusFlags	8	static
C:\Users\chuch\Documents\MCUXpressoIDE_11.6.1_8255\workspace\evkmimxrt1060_aws_remote_control_wifi_nxp\drivers/fsl_usdhc.h:1038:24:USDHC_GetPresentStatusFlags	8	static
C:\Users\chuch\Documents\MCUXpressoIDE_11.6.1_8255\workspace\evkmimxrt1060_aws_remote_control_wifi_nxp\drivers/fsl_usdhc.h:1064:20:USDHC_ForceClockOn	8	static
C:\Users\chuch\Documents\MCUXpressoIDE_11.6.1_8255\workspace\evkmimxrt1060_aws_remote_control_wifi_nxp\drivers/fsl_usdhc.h:1124:20:USDHC_SetDataBusWidth	8	static
C:\Users\chuch\Documents\MCUXpressoIDE_11.6.1_8255\workspace\evkmimxrt1060_aws_remote_control_wifi_nxp\drivers/fsl_usdhc.h:1188:20:USDHC_CardDetectByData3	8	static
C:\Users\chuch\Documents\MCUXpressoIDE_11.6.1_8255\workspace\evkmimxrt1060_aws_remote_control_wifi_nxp\drivers/fsl_usdhc.h:1283:20:USDHC_EnableMmcBoot	8	static
C:\Users\chuch\Documents\MCUXpressoIDE_11.6.1_8255\workspace\evkmimxrt1060_aws_remote_control_wifi_nxp\drivers/fsl_usdhc.h:1312:20:UDSHC_SelectVoltage	8	static
C:\Users\chuch\Documents\MCUXpressoIDE_11.6.1_8255\workspace\evkmimxrt1060_aws_remote_control_wifi_nxp\drivers/fsl_usdhc.h:1352:20:USDHC_EnableAutoTuning	8	static
C:\Users\chuch\Documents\MCUXpressoIDE_11.6.1_8255\workspace\evkmimxrt1060_aws_remote_control_wifi_nxp\drivers/fsl_usdhc.h:1402:24:USDHC_GetTuningDelayStatus	8	static
C:\Users\chuch\Documents\MCUXpressoIDE_11.6.1_8255\workspace\evkmimxrt1060_aws_remote_control_wifi_nxp\drivers/fsl_usdhc.h:1436:20:USDHC_SetStandardTuningCounter	8	static
C:\Users\chuch\Documents\MCUXpressoIDE_11.6.1_8255\workspace\evkmimxrt1060_aws_remote_control_wifi_nxp\drivers/fsl_usdhc.h:1459:24:USDHC_GetExecuteStdTuningStatus	8	static
C:\Users\chuch\Documents\MCUXpressoIDE_11.6.1_8255\workspace\evkmimxrt1060_aws_remote_control_wifi_nxp\drivers/fsl_usdhc.h:1469:24:USDHC_CheckStdTuningResult	8	static
C:\Users\chuch\Documents\MCUXpressoIDE_11.6.1_8255\workspace\evkmimxrt1060_aws_remote_control_wifi_nxp\drivers/fsl_usdhc.h:1479:24:USDHC_CheckTuningError	8	static
../sdmmc/host/fsl_sdmmc_host.h:273:20:SDMMCHOST_EnableCardInt	16	static
../sdmmc/host/fsl_sdmmc_host.c:80:13:SDMMCHOST_DetectCardInsertByHost	24	static
../sdmmc/host/fsl_sdmmc_host.c:112:13:SDMMCHOST_DetectCardRemoveByHost	24	static
../sdmmc/host/fsl_sdmmc_host.c:145:13:SDMMCHOST_CardInterrupt	24	static
../sdmmc/host/fsl_sdmmc_host.c:160:10:SDMMCHOST_CardIntInit	16	static
../sdmmc/host/fsl_sdmmc_host.c:169:10:SDMMCHOST_CardDetectInit	24	static
../sdmmc/host/fsl_sdmmc_host.c:204:10:SDMMCHOST_CardDetectStatus	24	static
../sdmmc/host/fsl_sdmmc_host.c:243:10:SDMMCHOST_PollingCardDetectStatus	32	static
../sdmmc/host/fsl_sdmmc_host.c:303:6:SDMMCHOST_ConvertDataToLittleEndian	48	static
../sdmmc/host/fsl_sdmmc_host.c:339:13:SDMMCHOST_TransferCompleteCallback	32	static
../sdmmc/host/fsl_sdmmc_host.c:381:10:SDMMCHOST_TransferFunction	40	static
../sdmmc/host/fsl_sdmmc_host.c:584:13:SDMMCHOST_ErrorRecovery	24	static
../sdmmc/host/fsl_sdmmc_host.c:603:6:SDMMCHOST_SetCardPower	8	static
../sdmmc/host/fsl_sdmmc_host.c:608:6:SDMMCHOST_SetCardBusWidth	16	static
../sdmmc/host/fsl_sdmmc_host.c:617:10:SDMMCHOST_Init	56	static
../sdmmc/host/fsl_sdmmc_host.c:701:6:SDMMCHOST_Reset	24	static
../sdmmc/host/fsl_sdmmc_host.c:731:6:SDMMCHOST_Deinit	24	static
../sdmmc/host/fsl_sdmmc_host.c:741:6:SDMMCHOST_SwitchToVoltage	16	static
../sdmmc/host/fsl_sdmmc_host.c:754:17:SDMMCHOST_ExecuteStdTuning	96	static
../sdmmc/host/fsl_sdmmc_host.c:829:17:SDMMC_CheckTuningResult	48	static
../sdmmc/host/fsl_sdmmc_host.c:875:17:SDMMCHOST_ExecuteManualTuning	128	static
../sdmmc/host/fsl_sdmmc_host.c:961:10:SDMMCHOST_ExecuteTuning	24	static
../sdmmc/host/fsl_sdmmc_host.c:975:10:SDMMCHOST_StartBoot	56	static
../sdmmc/host/fsl_sdmmc_host.c:1004:10:SDMMCHOST_ReadBootData	96	static
