C:\Users\chuch\Documents\MCUXpressoIDE_11.6.1_8255\workspace\evkmimxrt1060_aws_remote_control_wifi_nxp\mbedtls\include/mbedtls/pk.h:240:36:mbedtls_pk_ec	8	static
../freertos/libraries/abstractions/pkcs11/corePKCS11/source/portable/mbedtls/core_pkcs11_mbedtls.c:311:14:prvCheckValidSessionAndModule	16	static
../freertos/libraries/abstractions/pkcs11/corePKCS11/source/portable/mbedtls/core_pkcs11_mbedtls.c:353:23:prvSessionPointerFromHandle	16	static
../freertos/libraries/abstractions/pkcs11/corePKCS11/source/portable/mbedtls/core_pkcs11_mbedtls.c:373:17:prvOperationActive	16	static
../freertos/libraries/abstractions/pkcs11/corePKCS11/source/portable/mbedtls/core_pkcs11_mbedtls.c:414:14:prvMbedTLS_Initialize	24	static
../freertos/libraries/abstractions/pkcs11/corePKCS11/source/portable/mbedtls/core_pkcs11_mbedtls.c:458:14:prvGetObjectClass	32	static
../freertos/libraries/abstractions/pkcs11/corePKCS11/source/portable/mbedtls/core_pkcs11_mbedtls.c:485:14:prvCertAttParse	32	static
../freertos/libraries/abstractions/pkcs11/corePKCS11/source/portable/mbedtls/core_pkcs11_mbedtls.c:571:14:prvRsaPrivKeyAttParse	24	static
../freertos/libraries/abstractions/pkcs11/corePKCS11/source/portable/mbedtls/core_pkcs11_mbedtls.c:600:14:prvRsaPubKeyAttParse	24	static
../freertos/libraries/abstractions/pkcs11/corePKCS11/source/portable/mbedtls/core_pkcs11_mbedtls.c:630:14:prvRsaContextParse	56	static
../freertos/libraries/abstractions/pkcs11/corePKCS11/source/portable/mbedtls/core_pkcs11_mbedtls.c:717:14:prvRsaKeyAttParse	32	static
../freertos/libraries/abstractions/pkcs11/corePKCS11/source/portable/mbedtls/core_pkcs11_mbedtls.c:803:18:prvEcPrivKeyAttParse	32	static
../freertos/libraries/abstractions/pkcs11/corePKCS11/source/portable/mbedtls/core_pkcs11_mbedtls.c:852:18:prvEcPubKeyAttParse	32	static
../freertos/libraries/abstractions/pkcs11/corePKCS11/source/portable/mbedtls/core_pkcs11_mbedtls.c:911:18:prvEcKeyAttParse	48	static
../freertos/libraries/abstractions/pkcs11/corePKCS11/source/portable/mbedtls/core_pkcs11_mbedtls.c:1027:13:prvFindObjectInListByLabel	32	static
../freertos/libraries/abstractions/pkcs11/corePKCS11/source/portable/mbedtls/core_pkcs11_mbedtls.c:1058:13:prvFindObjectInListByHandle	24	static
../freertos/libraries/abstractions/pkcs11/corePKCS11/source/portable/mbedtls/core_pkcs11_mbedtls.c:1088:14:prvDeleteObjectFromList	32	static
../freertos/libraries/abstractions/pkcs11/corePKCS11/source/portable/mbedtls/core_pkcs11_mbedtls.c:1125:14:prvAddObjectToList	40	static
../freertos/libraries/abstractions/pkcs11/corePKCS11/source/portable/mbedtls/core_pkcs11_mbedtls.c:1189:14:prvAppendEmptyECDerKey	40	static
../freertos/libraries/abstractions/pkcs11/corePKCS11/source/portable/mbedtls/core_pkcs11_mbedtls.c:1226:14:prvSaveDerKeyToPal	48	static
../freertos/libraries/abstractions/pkcs11/corePKCS11/source/portable/mbedtls/core_pkcs11_mbedtls.c:1343:18:prvOverwritePalObject	40	static
../freertos/libraries/abstractions/pkcs11/corePKCS11/source/portable/mbedtls/core_pkcs11_mbedtls.c:1393:11:PKCS11_PAL_DestroyObject	96	static
../freertos/libraries/abstractions/pkcs11/corePKCS11/source/portable/mbedtls/core_pkcs11_mbedtls.c:1475:1:C_Initialize	24	static
../freertos/libraries/abstractions/pkcs11/corePKCS11/source/portable/mbedtls/core_pkcs11_mbedtls.c:1515:1:C_Finalize	24	static
../freertos/libraries/abstractions/pkcs11/corePKCS11/source/portable/mbedtls/core_pkcs11_mbedtls.c:1568:1:C_GetFunctionList	24	static
../freertos/libraries/abstractions/pkcs11/corePKCS11/source/portable/mbedtls/core_pkcs11_mbedtls.c:1675:1:C_GetSlotList	32	static
../freertos/libraries/abstractions/pkcs11/corePKCS11/source/portable/mbedtls/core_pkcs11_mbedtls.c:1742:1:C_GetTokenInfo	8	static
../freertos/libraries/abstractions/pkcs11/corePKCS11/source/portable/mbedtls/core_pkcs11_mbedtls.c:1767:1:C_GetMechanismInfo	112	static
../freertos/libraries/abstractions/pkcs11/corePKCS11/source/portable/mbedtls/core_pkcs11_mbedtls.c:1828:1:C_InitToken	16	static
../freertos/libraries/abstractions/pkcs11/corePKCS11/source/portable/mbedtls/core_pkcs11_mbedtls.c:1863:1:C_OpenSession	40	static
../freertos/libraries/abstractions/pkcs11/corePKCS11/source/portable/mbedtls/core_pkcs11_mbedtls.c:1996:1:C_CloseSession	24	static
../freertos/libraries/abstractions/pkcs11/corePKCS11/source/portable/mbedtls/core_pkcs11_mbedtls.c:2055:1:C_Login	16	static
../freertos/libraries/abstractions/pkcs11/corePKCS11/source/portable/mbedtls/core_pkcs11_mbedtls.c:2083:14:prvCreateCertificate	64	static
../freertos/libraries/abstractions/pkcs11/corePKCS11/source/portable/mbedtls/core_pkcs11_mbedtls.c:2143:13:prvGetKeyType	40	static
../freertos/libraries/abstractions/pkcs11/corePKCS11/source/portable/mbedtls/core_pkcs11_mbedtls.c:2172:13:prvGetLabel	32	static
../freertos/libraries/abstractions/pkcs11/corePKCS11/source/portable/mbedtls/core_pkcs11_mbedtls.c:2208:18:prvGetExistingKeyComponent	96	static
../freertos/libraries/abstractions/pkcs11/corePKCS11/source/portable/mbedtls/core_pkcs11_mbedtls.c:2281:18:prvLoadEcGroup	32	static
../freertos/libraries/abstractions/pkcs11/corePKCS11/source/portable/mbedtls/core_pkcs11_mbedtls.c:2331:18:prvCreateECKey	56	static
../freertos/libraries/abstractions/pkcs11/corePKCS11/source/portable/mbedtls/core_pkcs11_mbedtls.c:2408:14:prvCreateRsaKey	56	static
../freertos/libraries/abstractions/pkcs11/corePKCS11/source/portable/mbedtls/core_pkcs11_mbedtls.c:2479:14:prvCreatePrivateKey	32	static
../freertos/libraries/abstractions/pkcs11/corePKCS11/source/portable/mbedtls/core_pkcs11_mbedtls.c:2528:14:prvCreatePublicKey	32	static
../freertos/libraries/abstractions/pkcs11/corePKCS11/source/portable/mbedtls/core_pkcs11_mbedtls.c:2613:1:C_CreateObject	40	static
../freertos/libraries/abstractions/pkcs11/corePKCS11/source/portable/mbedtls/core_pkcs11_mbedtls.c:2678:1:C_DestroyObject	24	static
../freertos/libraries/abstractions/pkcs11/corePKCS11/source/portable/mbedtls/core_pkcs11_mbedtls.c:2741:1:C_GetAttributeValue	448	static
../freertos/libraries/abstractions/pkcs11/corePKCS11/source/portable/mbedtls/core_pkcs11_mbedtls.c:3082:1:C_FindObjectsInit	56	static
../freertos/libraries/abstractions/pkcs11/corePKCS11/source/portable/mbedtls/core_pkcs11_mbedtls.c:3194:1:C_FindObjects	56	static
../freertos/libraries/abstractions/pkcs11/corePKCS11/source/portable/mbedtls/core_pkcs11_mbedtls.c:3322:1:C_FindObjectsFinal	24	static
../freertos/libraries/abstractions/pkcs11/corePKCS11/source/portable/mbedtls/core_pkcs11_mbedtls.c:3371:1:C_DigestInit	32	static
../freertos/libraries/abstractions/pkcs11/corePKCS11/source/portable/mbedtls/core_pkcs11_mbedtls.c:3451:1:C_DigestUpdate	40	static
../freertos/libraries/abstractions/pkcs11/corePKCS11/source/portable/mbedtls/core_pkcs11_mbedtls.c:3530:1:C_DigestFinal	40	static
../freertos/libraries/abstractions/pkcs11/corePKCS11/source/portable/mbedtls/core_pkcs11_mbedtls.c:3631:1:C_SignInit	72	static
../freertos/libraries/abstractions/pkcs11/corePKCS11/source/portable/mbedtls/core_pkcs11_mbedtls.c:3817:1:C_Sign	144	static
../freertos/libraries/abstractions/pkcs11/corePKCS11/source/portable/mbedtls/core_pkcs11_mbedtls.c:3996:1:C_VerifyInit	72	static
../freertos/libraries/abstractions/pkcs11/corePKCS11/source/portable/mbedtls/core_pkcs11_mbedtls.c:4189:1:C_Verify	72	static
../freertos/libraries/abstractions/pkcs11/corePKCS11/source/portable/mbedtls/core_pkcs11_mbedtls.c:4388:14:prvCheckGenerateKeyPairPrivateTemplate	40	static
../freertos/libraries/abstractions/pkcs11/corePKCS11/source/portable/mbedtls/core_pkcs11_mbedtls.c:4502:14:prvCheckGenerateKeyPairPublicTemplate	56	static
../freertos/libraries/abstractions/pkcs11/corePKCS11/source/portable/mbedtls/core_pkcs11_mbedtls.c:4654:1:C_GenerateKeyPair	80	static
../freertos/libraries/abstractions/pkcs11/corePKCS11/source/portable/mbedtls/core_pkcs11_mbedtls.c:4882:1:C_GenerateRandom	40	static
