C:\Users\chuch\Documents\MCUXpressoIDE_11.6.1_8255\workspace\evkmimxrt1060_aws_remote_control_wifi_nxp\CMSIS/core_cm7.h:1911:22:__NVIC_EnableIRQ	8	static
../drivers/fsl_common_arm.h:210:20:_SDK_AtomicLocalClearAndSet4Byte	40	static
../drivers/fsl_clock.h:1496:20:CLOCK_ControlGate	32	static
../drivers/fsl_clock.h:1513:20:CLOCK_EnableClock	16	static
../drivers/fsl_common_arm.h:499:24:EnableIRQ	24	static
../drivers/fsl_flexspi.h:419:20:FLEXSPI_SoftwareReset	8	static
../drivers/fsl_flexspi.h:457:20:FLEXSPI_EnableInterrupts	8	static
../drivers/fsl_flexspi.h:468:20:FLEXSPI_DisableInterrupts	8	static
../drivers/fsl_flexspi.h:603:20:FLEXSPI_ClearInterruptStatusFlags	8	static
../drivers/fsl_flexspi.h:674:20:FLEXSPI_GetBusIdleStatus	8	static
../drivers/fsl_flexspi.c:118:13:FLEXSPI_Memset	32	static
../drivers/fsl_flexspi.c:130:10:FLEXSPI_GetInstance	24	static
../drivers/fsl_flexspi.c:148:17:FLEXSPI_CalculateDll	40	static
../drivers/fsl_flexspi.c:210:10:FLEXSPI_CheckAndClearError	24	static
../drivers/fsl_flexspi.c:256:6:FLEXSPI_Init	24	static
../drivers/fsl_flexspi.c:356:6:FLEXSPI_GetDefaultConfig	24	static
../drivers/fsl_flexspi.c:414:6:FLEXSPI_Deinit	16	static
../drivers/fsl_flexspi.c:427:6:FLEXSPI_UpdateDllValue	40	static
../drivers/fsl_flexspi.c:484:6:FLEXSPI_SetFlashConfig	32	static
../drivers/fsl_flexspi.c:573:6:FLEXSPI_UpdateLUT	32	static
../drivers/fsl_flexspi.c:609:6:FLEXSPI_UpdateRxSampleClock	24	static
../drivers/fsl_flexspi.c:638:10:FLEXSPI_WriteBlocking	40	static
../drivers/fsl_flexspi.c:697:10:FLEXSPI_ReadBlocking	48	static
../drivers/fsl_flexspi.c:784:10:FLEXSPI_TransferBlocking	24	static
../drivers/fsl_flexspi.c:851:6:FLEXSPI_TransferCreateHandle	32	static
../drivers/fsl_flexspi.c:892:10:FLEXSPI_TransferNonBlocking	32	static
../drivers/fsl_flexspi.c:969:10:FLEXSPI_TransferGetCount	32	static
../drivers/fsl_flexspi.c:996:6:FLEXSPI_TransferAbort	16	static
../drivers/fsl_flexspi.c:1010:6:FLEXSPI_TransferHandleIRQ	40	static
../drivers/fsl_flexspi.c:1122:6:FLEXSPI_DriverIRQHandler	8	static
