../drivers/fsl_common_arm.h:210:20:_SDK_AtomicLocalClearAndSet4Byte	40	static
../drivers/fsl_clock.h:1496:20:CLOCK_ControlGate	32	static
../drivers/fsl_clock.h:1513:20:CLOCK_EnableClock	16	static
../drivers/fsl_clock.h:1523:20:CLOCK_DisableClock	16	static
../drivers/fsl_trng.c:1231:17:trng_GetInstance	24	static
../drivers/fsl_trng.c:1293:10:TRNG_GetDefaultConfig	16	static
../drivers/fsl_trng.c:1354:17:trng_SetRetryCount	16	static
../drivers/fsl_trng.c:1376:17:trng_SetMonobitLimit	24	static
../drivers/fsl_trng.c:1401:17:trng_SetRunBit1Limit	24	static
../drivers/fsl_trng.c:1425:17:trng_SetRunBit2Limit	24	static
../drivers/fsl_trng.c:1449:17:trng_SetRunBit3Limit	24	static
../drivers/fsl_trng.c:1472:17:trng_SetRunBit4Limit	24	static
../drivers/fsl_trng.c:1495:17:trng_SetRunBit5Limit	24	static
../drivers/fsl_trng.c:1518:17:trng_SetRunBit6Limit	24	static
../drivers/fsl_trng.c:1541:17:trng_SetPokerMaxLimit	24	static
../drivers/fsl_trng.c:1564:17:trng_SetFrequencyCountMaxLimit	24	static
../drivers/fsl_trng.c:1589:17:trng_SetStatisticalCheckLimit	32	static
../drivers/fsl_trng.c:1662:17:trng_ApplyUserConfig	24	static
../drivers/fsl_trng.c:1743:17:trng_ReadEntropy	16	static
../drivers/fsl_trng.c:1773:10:TRNG_Init	24	static
../drivers/fsl_trng.c:1827:6:TRNG_Deinit	16	static
../drivers/fsl_trng.c:1862:10:TRNG_GetRandomData	64	static
