C:\Users\chuch\Documents\MCUXpressoIDE_11.6.1_8255\workspace\evkmimxrt1060_aws_remote_control_wifi_nxp\CMSIS/core_cm7.h:1911:22:__NVIC_EnableIRQ	8	static
../drivers/fsl_common_arm.h:210:20:_SDK_AtomicLocalClearAndSet4Byte	40	static
../drivers/fsl_clock.h:1496:20:CLOCK_ControlGate	32	static
../drivers/fsl_clock.h:1513:20:CLOCK_EnableClock	16	static
../drivers/fsl_clock.h:1523:20:CLOCK_DisableClock	16	static
../drivers/fsl_common_arm.h:499:24:EnableIRQ	24	static
../drivers/fsl_lpi2c.h:545:20:LPI2C_MasterReset	8	static
../drivers/fsl_lpi2c.h:557:20:LPI2C_MasterEnable	8	static
../drivers/fsl_lpi2c.h:579:24:LPI2C_MasterGetStatusFlags	8	static
../drivers/fsl_lpi2c.h:604:20:LPI2C_MasterClearStatusFlags	8	static
../drivers/fsl_lpi2c.h:624:20:LPI2C_MasterEnableInterrupts	8	static
../drivers/fsl_lpi2c.h:639:20:LPI2C_MasterDisableInterrupts	8	static
../drivers/fsl_lpi2c.h:651:24:LPI2C_MasterGetEnabledInterrupts	8	static
../drivers/fsl_lpi2c.h:711:20:LPI2C_MasterSetWatermarks	16	static
../drivers/fsl_lpi2c.h:725:20:LPI2C_MasterGetFifoCounts	16	static
../drivers/fsl_lpi2c.h:1028:20:LPI2C_SlaveReset	8	static
../drivers/fsl_lpi2c.h:1062:24:LPI2C_SlaveGetStatusFlags	8	static
../drivers/fsl_lpi2c.h:1084:20:LPI2C_SlaveClearStatusFlags	8	static
../drivers/fsl_lpi2c.h:1104:20:LPI2C_SlaveEnableInterrupts	8	static
../drivers/fsl_lpi2c.h:1119:20:LPI2C_SlaveDisableInterrupts	8	static
../drivers/fsl_lpi2c.c:121:10:LPI2C_GetInstance	24	static
../drivers/fsl_lpi2c.c:144:17:LPI2C_GetCyclesForWidth	40	static
../drivers/fsl_lpi2c.c:186:10:LPI2C_MasterCheckAndClearError	24	static
../drivers/fsl_lpi2c.c:240:17:LPI2C_MasterWaitForTxReady	32	static
../drivers/fsl_lpi2c.c:288:10:LPI2C_CheckForBusyBus	24	static
../drivers/fsl_lpi2c.c:325:6:LPI2C_MasterGetDefaultConfig	16	static
../drivers/fsl_lpi2c.c:358:6:LPI2C_MasterInit	56	static
../drivers/fsl_lpi2c.c:461:6:LPI2C_MasterDeinit	24	static
../drivers/fsl_lpi2c.c:486:6:LPI2C_MasterConfigureDataMatch	24	static
../drivers/fsl_lpi2c.c:517:6:LPI2C_MasterSetBaudRate	64	static
../drivers/fsl_lpi2c.c:656:10:LPI2C_MasterStart	24	static
../drivers/fsl_lpi2c.c:693:10:LPI2C_MasterStop	24	static
../drivers/fsl_lpi2c.c:754:10:LPI2C_MasterReceive	40	static
../drivers/fsl_lpi2c.c:856:10:LPI2C_MasterSend	32	static
../drivers/fsl_lpi2c.c:895:10:LPI2C_MasterTransferBlocking	48	static
../drivers/fsl_lpi2c.c:1013:6:LPI2C_MasterTransferCreateHandle	32	static
../drivers/fsl_lpi2c.c:1057:17:LPI2C_RunTransferStateMachine	64	static
../drivers/fsl_lpi2c.c:1284:13:LPI2C_InitTransferStateMachine	32	static
../drivers/fsl_lpi2c.c:1357:10:LPI2C_MasterTransferNonBlocking	40	static
../drivers/fsl_lpi2c.c:1419:10:LPI2C_MasterTransferGetCount	40	static
../drivers/fsl_lpi2c.c:1487:6:LPI2C_MasterTransferAbort	16	static
../drivers/fsl_lpi2c.c:1517:6:LPI2C_MasterTransferHandleIRQ	32	static
../drivers/fsl_lpi2c.c:1587:6:LPI2C_SlaveGetDefaultConfig	16	static
../drivers/fsl_lpi2c.c:1626:6:LPI2C_SlaveInit	48	static
../drivers/fsl_lpi2c.c:1698:6:LPI2C_SlaveDeinit	24	static
../drivers/fsl_lpi2c.c:1725:17:LPI2C_SlaveCheckAndClearError	24	static
../drivers/fsl_lpi2c.c:1765:10:LPI2C_SlaveSend	40	static
../drivers/fsl_lpi2c.c:1852:10:LPI2C_SlaveReceive	40	static
../drivers/fsl_lpi2c.c:1946:6:LPI2C_SlaveTransferCreateHandle	32	static
../drivers/fsl_lpi2c.c:2003:10:LPI2C_SlaveTransferNonBlocking	32	static
../drivers/fsl_lpi2c.c:2060:10:LPI2C_SlaveTransferGetCount	32	static
../drivers/fsl_lpi2c.c:2095:6:LPI2C_SlaveTransferAbort	16	static
../drivers/fsl_lpi2c.c:2123:6:LPI2C_SlaveTransferHandleIRQ	24	static
../drivers/fsl_lpi2c.c:2281:13:LPI2C_CommonIRQHandler	16	static
../drivers/fsl_lpi2c.c:2312:6:LPI2C1_DriverIRQHandler	8	static
../drivers/fsl_lpi2c.c:2321:6:LPI2C2_DriverIRQHandler	8	static
../drivers/fsl_lpi2c.c:2330:6:LPI2C3_DriverIRQHandler	8	static
../drivers/fsl_lpi2c.c:2339:6:LPI2C4_DriverIRQHandler	8	static
