C:\Users\chuch\Documents\MCUXpressoIDE_11.6.1_8255\workspace\evkmimxrt1060_aws_remote_control_wifi_nxp\CMSIS/core_cm7.h:1911:22:__NVIC_EnableIRQ	8	static
../drivers/fsl_common_arm.h:210:20:_SDK_AtomicLocalClearAndSet4Byte	40	static
../drivers/fsl_clock.h:1496:20:CLOCK_ControlGate	32	static
../drivers/fsl_clock.h:1513:20:CLOCK_EnableClock	16	static
../drivers/fsl_clock.h:1523:20:CLOCK_DisableClock	16	static
../drivers/fsl_common_arm.h:499:24:EnableIRQ	24	static
../drivers/fsl_usdhc.h:902:20:USDHC_EnableInternalDMA	8	static
../drivers/fsl_usdhc.h:950:20:USDHC_EnableInterruptSignal	8	static
../drivers/fsl_usdhc.h:961:20:USDHC_DisableInterruptSignal	8	static
../drivers/fsl_usdhc.h:979:24:USDHC_GetEnabledInterruptStatusFlags	16	static
../drivers/fsl_usdhc.h:992:24:USDHC_GetInterruptStatusFlags	8	static
../drivers/fsl_usdhc.h:1003:20:USDHC_ClearInterruptStatusFlags	8	static
../drivers/fsl_usdhc.h:1137:20:USDHC_WriteData	8	static
../drivers/fsl_usdhc.h:1150:24:USDHC_ReadData	8	static
../drivers/fsl_usdhc.c:236:17:USDHC_GetInstance	24	static
../drivers/fsl_usdhc.c:250:17:USDHC_SetTransferConfig	24	static
../drivers/fsl_usdhc.c:340:6:USDHC_SetDataConfig	32	static
../drivers/fsl_usdhc.c:361:17:USDHC_ReceiveCommandResponse	32	static
../drivers/fsl_usdhc.c:397:17:USDHC_ReadDataPort	40	static
../drivers/fsl_usdhc.c:450:17:USDHC_ReadByDataPortBlocking	32	static
../drivers/fsl_usdhc.c:523:17:USDHC_WriteDataPort	40	static
../drivers/fsl_usdhc.c:575:17:USDHC_WriteByDataPortBlocking	32	static
../drivers/fsl_usdhc.c:659:6:USDHC_SendCommand	24	static
../drivers/fsl_usdhc.c:717:17:USDHC_WaitCommandDone	32	static
../drivers/fsl_usdhc.c:749:17:USDHC_TransferDataBlocking	32	static
../drivers/fsl_usdhc.c:831:6:USDHC_Init	32	static
../drivers/fsl_usdhc.c:899:6:USDHC_Deinit	16	static
../drivers/fsl_usdhc.c:916:6:USDHC_Reset	16	static
../drivers/fsl_usdhc.c:942:6:USDHC_GetCapability	24	static
../drivers/fsl_usdhc.c:982:10:USDHC_SetSdClock	48	static
../drivers/fsl_usdhc.c:1103:6:USDHC_SetCardActive	8	static
../drivers/fsl_usdhc.c:1126:6:USDHC_EnableDDRMode	24	static
../drivers/fsl_usdhc.c:1171:6:USDHC_SetMmcBootConfig	24	static
../drivers/fsl_usdhc.c:1215:10:USDHC_SetADMA1Descriptor	56	static
../drivers/fsl_usdhc.c:1302:10:USDHC_SetADMA2Descriptor	56	static
../drivers/fsl_usdhc.c:1413:10:USDHC_SetInternalDmaConfig	24	static
../drivers/fsl_usdhc.c:1479:10:USDHC_SetAdmaTableConfig	48	static
../drivers/fsl_usdhc.c:1549:10:USDHC_TransferBlocking	56	static
../drivers/fsl_usdhc.c:1858:10:USDHC_TransferNonBlocking	56	static
../drivers/fsl_usdhc.c:1980:6:USDHC_EnableManualTuning	8	static
../drivers/fsl_usdhc.c:2005:10:USDHC_AdjustDelayForManualTuning	16	static
../drivers/fsl_usdhc.c:2037:10:USDHC_SetTuningDelay	32	static
../drivers/fsl_usdhc.c:2080:6:USDHC_EnableStandardTuning	24	static
../drivers/fsl_usdhc.c:2145:6:USDHC_EnableAutoTuningForCmdAndData	16	static
../drivers/fsl_usdhc.c:2172:13:USDHC_TransferHandleCardDetect	24	static
../drivers/fsl_usdhc.c:2190:13:USDHC_TransferHandleCommand	24	static
../drivers/fsl_usdhc.c:2282:13:USDHC_TransferHandleData	32	static
../drivers/fsl_usdhc.c:2344:13:USDHC_TransferHandleSdioInterrupt	16	static
../drivers/fsl_usdhc.c:2353:13:USDHC_TransferHandleReTuning	24	static
../drivers/fsl_usdhc.c:2364:13:USDHC_TransferHandleBlockGap	16	static
../drivers/fsl_usdhc.c:2380:6:USDHC_TransferCreateHandle	24	static
../drivers/fsl_usdhc.c:2417:6:USDHC_TransferHandleIRQ	24	static
../drivers/fsl_usdhc.c:2465:6:USDHC1_DriverIRQHandler	8	static
../drivers/fsl_usdhc.c:2474:6:USDHC2_DriverIRQHandler	8	static
