C:\Users\chuch\Documents\MCUXpressoIDE_11.6.1_8255\workspace\evkmimxrt1060_aws_remote_control_wifi_nxp\CMSIS/core_cm7.h:1911:22:__NVIC_EnableIRQ	8	static
C:\Users\chuch\Documents\MCUXpressoIDE_11.6.1_8255\workspace\evkmimxrt1060_aws_remote_control_wifi_nxp\CMSIS/core_cm7.h:2041:22:__NVIC_SetPriority	8	static
C:\Users\chuch\Documents\MCUXpressoIDE_11.6.1_8255\workspace\evkmimxrt1060_aws_remote_control_wifi_nxp\drivers/fsl_common_arm.h:499:24:EnableIRQ	24	static
C:\Users\chuch\Documents\MCUXpressoIDE_11.6.1_8255\workspace\evkmimxrt1060_aws_remote_control_wifi_nxp\drivers/fsl_common_arm.h:579:24:DisableGlobalIRQ	8	static
C:\Users\chuch\Documents\MCUXpressoIDE_11.6.1_8255\workspace\evkmimxrt1060_aws_remote_control_wifi_nxp\drivers/fsl_common_arm.h:606:20:EnableGlobalIRQ	16	static
C:\Users\chuch\Documents\MCUXpressoIDE_11.6.1_8255\workspace\evkmimxrt1060_aws_remote_control_wifi_nxp\drivers/fsl_gpio.h:176:24:GPIO_PinRead	16	static
C:\Users\chuch\Documents\MCUXpressoIDE_11.6.1_8255\workspace\evkmimxrt1060_aws_remote_control_wifi_nxp\drivers/fsl_gpio.h:253:20:GPIO_PortEnableInterrupts	8	static
C:\Users\chuch\Documents\MCUXpressoIDE_11.6.1_8255\workspace\evkmimxrt1060_aws_remote_control_wifi_nxp\drivers/fsl_gpio.h:275:20:GPIO_PortDisableInterrupts	8	static
C:\Users\chuch\Documents\MCUXpressoIDE_11.6.1_8255\workspace\evkmimxrt1060_aws_remote_control_wifi_nxp\drivers/fsl_gpio.h:295:24:GPIO_PortGetInterruptFlags	8	static
C:\Users\chuch\Documents\MCUXpressoIDE_11.6.1_8255\workspace\evkmimxrt1060_aws_remote_control_wifi_nxp\drivers/fsl_gpio.h:318:20:GPIO_PortClearInterruptFlags	8	static
../component/gpio/fsl_adapter_igpio.c:56:13:HAL_GpioInterruptHandle	80	static
../component/gpio/fsl_adapter_igpio.c:86:6:GPIO1_Combined_0_15_IRQHandler	8	static
../component/gpio/fsl_adapter_igpio.c:93:6:GPIO1_Combined_16_31_IRQHandler	8	static
../component/gpio/fsl_adapter_igpio.c:103:6:GPIO2_Combined_0_15_IRQHandler	8	static
../component/gpio/fsl_adapter_igpio.c:110:6:GPIO2_Combined_16_31_IRQHandler	8	static
../component/gpio/fsl_adapter_igpio.c:120:6:GPIO3_Combined_0_15_IRQHandler	8	static
../component/gpio/fsl_adapter_igpio.c:127:6:GPIO3_Combined_16_31_IRQHandler	8	static
../component/gpio/fsl_adapter_igpio.c:137:6:GPIO4_Combined_0_15_IRQHandler	8	static
../component/gpio/fsl_adapter_igpio.c:144:6:GPIO4_Combined_16_31_IRQHandler	8	static
../component/gpio/fsl_adapter_igpio.c:154:6:GPIO5_Combined_0_15_IRQHandler	8	static
../component/gpio/fsl_adapter_igpio.c:161:6:GPIO5_Combined_16_31_IRQHandler	8	static
../component/gpio/fsl_adapter_igpio.c:171:6:GPIO6_7_8_9_IRQHandler	8	static
../component/gpio/fsl_adapter_igpio.c:190:26:HAL_GpioConflictSearch	8	static
../component/gpio/fsl_adapter_igpio.c:203:26:HAL_GpioAddItem	24	static
../component/gpio/fsl_adapter_igpio.c:233:26:HAL_GpioRemoveItem	32	static
../component/gpio/fsl_adapter_igpio.c:264:6:HAL_GpioPreInit	0	static
../component/gpio/fsl_adapter_igpio.c:269:19:HAL_GpioInit	80	static
../component/gpio/fsl_adapter_igpio.c:323:19:HAL_GpioDeinit	72	static
../component/gpio/fsl_adapter_igpio.c:341:19:HAL_GpioGetInput	72	static
../component/gpio/fsl_adapter_igpio.c:354:19:HAL_GpioSetOutput	72	static
../component/gpio/fsl_adapter_igpio.c:367:19:HAL_GpioInstallCallback	32	static
../component/gpio/fsl_adapter_igpio.c:383:19:HAL_GpioGetTriggerMode	24	static
../component/gpio/fsl_adapter_igpio.c:400:19:HAL_GpioSetTriggerMode	128	static
../component/gpio/fsl_adapter_igpio.c:474:19:HAL_GpioWakeUpSetting	24	static
../component/gpio/fsl_adapter_igpio.c:489:19:HAL_GpioEnterLowpower	16	static
../component/gpio/fsl_adapter_igpio.c:496:19:HAL_GpioExitLowpower	16	static
