C:\Users\chuch\Documents\MCUXpressoIDE_11.6.1_8255\workspace\evkmimxrt1060_aws_remote_control_wifi_nxp\wifi\incl\port\lwip/wm_net.h:189:20:net_inet_ntoa	24	static
../freertos/vendors/nxp/wifi/nxp/iot_wifi.c:57:5:wlan_event_callback	64	static
../freertos/vendors/nxp/wifi/nxp/iot_wifi.c:99:18:WIFI_On	16	static
../freertos/vendors/nxp/wifi/nxp/iot_wifi.c:145:18:WIFI_Off	0	static
../freertos/vendors/nxp/wifi/nxp/iot_wifi.c:154:18:WIFI_ConnectAP	520	static
../freertos/vendors/nxp/wifi/nxp/iot_wifi.c:347:18:WIFI_Disconnect	24	static
../freertos/vendors/nxp/wifi/nxp/iot_wifi.c:398:18:WIFI_Reset	0	static
../freertos/vendors/nxp/wifi/nxp/iot_wifi.c:414:12:prov_handle_scan_results	24	static
../freertos/vendors/nxp/wifi/nxp/iot_wifi.c:453:18:WIFI_Scan	24	static
../freertos/vendors/nxp/wifi/nxp/iot_wifi.c:571:18:WIFI_SetMode	8	static
../freertos/vendors/nxp/wifi/nxp/iot_wifi.c:578:18:WIFI_GetMode	8	static
../freertos/vendors/nxp/wifi/nxp/iot_wifi.c:585:18:WIFI_NetworkAdd	8	static
../freertos/vendors/nxp/wifi/nxp/iot_wifi.c:592:18:WIFI_NetworkGet	8	static
../freertos/vendors/nxp/wifi/nxp/iot_wifi.c:599:18:WIFI_NetworkDelete	8	static
../freertos/vendors/nxp/wifi/nxp/iot_wifi.c:606:18:WIFI_Ping	16	static
../freertos/vendors/nxp/wifi/nxp/iot_wifi.c:613:18:WIFI_GetIP	48	static
../freertos/vendors/nxp/wifi/nxp/iot_wifi.c:638:18:WIFI_GetMAC	16	static
../freertos/vendors/nxp/wifi/nxp/iot_wifi.c:654:18:WIFI_GetHostIP	8	static
../freertos/vendors/nxp/wifi/nxp/iot_wifi.c:661:18:WIFI_StartAP	0	static
../freertos/vendors/nxp/wifi/nxp/iot_wifi.c:668:18:WIFI_StopAP	0	static
../freertos/vendors/nxp/wifi/nxp/iot_wifi.c:675:18:WIFI_ConfigureAP	8	static
../freertos/vendors/nxp/wifi/nxp/iot_wifi.c:682:18:WIFI_SetPMMode	8	static
../freertos/vendors/nxp/wifi/nxp/iot_wifi.c:689:18:WIFI_GetPMMode	8	static
../freertos/vendors/nxp/wifi/nxp/iot_wifi.c:696:12:WIFI_IsConnected	16	static
../freertos/vendors/nxp/wifi/nxp/iot_wifi.c:705:18:WIFI_RegisterEvent	8	static
../freertos/vendors/nxp/wifi/nxp/iot_wifi.c:710:18:WIFI_StartScan	8	static
../freertos/vendors/nxp/wifi/nxp/iot_wifi.c:715:18:WIFI_GetScanResults	8	static
../freertos/vendors/nxp/wifi/nxp/iot_wifi.c:720:18:WIFI_StartConnectAP	8	static
../freertos/vendors/nxp/wifi/nxp/iot_wifi.c:725:18:WIFI_StartDisconnect	0	static
../freertos/vendors/nxp/wifi/nxp/iot_wifi.c:730:18:WIFI_GetConnectionInfo	8	static
../freertos/vendors/nxp/wifi/nxp/iot_wifi.c:735:18:WIFI_GetIPInfo	8	static
../freertos/vendors/nxp/wifi/nxp/iot_wifi.c:740:18:WIFI_GetRSSI	8	static
../freertos/vendors/nxp/wifi/nxp/iot_wifi.c:745:18:WIFI_GetStationList	8	static
../freertos/vendors/nxp/wifi/nxp/iot_wifi.c:750:18:WIFI_StartDisconnectStation	8	static
../freertos/vendors/nxp/wifi/nxp/iot_wifi.c:755:18:WIFI_SetMAC	8	static
../freertos/vendors/nxp/wifi/nxp/iot_wifi.c:760:18:WIFI_SetCountryCode	8	static
../freertos/vendors/nxp/wifi/nxp/iot_wifi.c:765:18:WIFI_GetCountryCode	8	static
../freertos/vendors/nxp/wifi/nxp/iot_wifi.c:770:18:WIFI_GetStatistic	8	static
../freertos/vendors/nxp/wifi/nxp/iot_wifi.c:775:18:WIFI_GetCapability	8	static
