../lwip/port/sys_arch.c:70:6:sys_assert	16	static
../lwip/port/sys_arch.c:89:7:lwip_rand	0	static
../lwip/port/sys_arch.c:106:7:sys_mbox_new	24	static
../lwip/port/sys_arch.c:130:6:sys_mbox_free	24	static
../lwip/port/sys_arch.c:160:6:sys_mbox_post	16	static
../lwip/port/sys_arch.c:179:7:sys_mbox_trypost	24	static
../lwip/port/sys_arch.c:231:7:sys_mbox_trypost_fromisr	16	static
../lwip/port/sys_arch.c:261:7:sys_arch_mbox_fetch	48	static
../lwip/port/sys_arch.c:322:7:sys_arch_mbox_tryfetch	24	static
../lwip/port/sys_arch.c:358:7:sys_sem_new	24	static
../lwip/port/sys_arch.c:412:7:sys_arch_sem_wait	32	static
../lwip/port/sys_arch.c:453:7:sys_mutex_new	24	static
../lwip/port/sys_arch.c:474:6:sys_mutex_lock	16	static
../lwip/port/sys_arch.c:482:6:sys_mutex_unlock	16	static
../lwip/port/sys_arch.c:489:6:sys_mutex_free	16	static
../lwip/port/sys_arch.c:503:6:sys_sem_signal	16	static
../lwip/port/sys_arch.c:516:6:sys_sem_free	16	static
../lwip/port/sys_arch.c:528:6:sys_init	0	static
../lwip/port/sys_arch.c:532:7:sys_now	8	static
../lwip/port/sys_arch.c:555:14:sys_thread_new	48	static
../lwip/port/sys_arch.c:598:12:sys_arch_protect	24	static
../lwip/port/sys_arch.c:628:6:sys_arch_unprotect	24	static
../lwip/port/sys_arch.c:649:6:sys_lock_tcpip_core	8	static
../lwip/port/sys_arch.c:659:6:sys_unlock_tcpip_core	8	static
../lwip/port/sys_arch.c:673:6:sys_mark_tcpip_thread	8	static
../lwip/port/sys_arch.c:678:6:sys_check_core_locking	16	static
