../mbedtls/library/bignum.c:78:13:mbedtls_mpi_zeroize	16	static
../mbedtls/library/bignum.c:86:6:mbedtls_mpi_init	8	static
../mbedtls/library/bignum.c:98:6:mbedtls_mpi_free	16	static
../mbedtls/library/bignum.c:117:5:mbedtls_mpi_grow	24	static
../mbedtls/library/bignum.c:148:5:mbedtls_mpi_shrink	24	static
../mbedtls/library/bignum.c:187:12:mbedtls_mpi_resize_clear	16	static
../mbedtls/library/bignum.c:216:5:mbedtls_mpi_copy	24	static
../mbedtls/library/bignum.c:262:6:mbedtls_mpi_swap	32	static
../mbedtls/library/bignum.c:276:5:mbedtls_mpi_lset	24	static
../mbedtls/library/bignum.c:295:5:mbedtls_mpi_get_bit	8	static
../mbedtls/library/bignum.c:312:5:mbedtls_mpi_set_bit	40	static
../mbedtls/library/bignum.c:341:8:mbedtls_mpi_lsb	24	static
../mbedtls/library/bignum.c:357:15:mbedtls_clz	16	static
../mbedtls/library/bignum.c:375:8:mbedtls_mpi_bitlen	24	static
../mbedtls/library/bignum.c:394:8:mbedtls_mpi_size	16	static
../mbedtls/library/bignum.c:402:12:mpi_get_digit	16	static
../mbedtls/library/bignum.c:419:5:mbedtls_mpi_read_string	64	static
../mbedtls/library/bignum.c:489:12:mpi_write_hlp	40	static
../mbedtls/library/bignum.c:528:5:mbedtls_mpi_write_string	64	static
../mbedtls/library/bignum.c:699:25:mpi_uint_bigendian_to_host_c	24	static
../mbedtls/library/bignum.c:714:25:mpi_uint_bigendian_to_host	8	static
../mbedtls/library/bignum.c:757:13:mpi_bigendian_to_host	32	static
../mbedtls/library/bignum.c:789:5:mbedtls_mpi_read_binary_le	40	static
../mbedtls/library/bignum.c:815:5:mbedtls_mpi_read_binary	40	static
../mbedtls/library/bignum.c:851:5:mbedtls_mpi_write_binary_le	40	static
../mbedtls/library/bignum.c:890:5:mbedtls_mpi_write_binary	40	static
../mbedtls/library/bignum.c:936:5:mbedtls_mpi_shift_l	40	static
../mbedtls/library/bignum.c:987:5:mbedtls_mpi_shift_r	40	static
../mbedtls/library/bignum.c:1031:5:mbedtls_mpi_cmp_abs	16	static
../mbedtls/library/bignum.c:1063:5:mbedtls_mpi_cmp_mpi	16	static
../mbedtls/library/bignum.c:1098:5:mbedtls_mpi_cmp_int	32	static
../mbedtls/library/bignum.c:1119:5:mbedtls_mpi_add_abs	56	static
../mbedtls/library/bignum.c:1193:25:mpi_sub_hlp	32	static
../mbedtls/library/bignum.c:1217:5:mbedtls_mpi_sub_abs	40	static
../mbedtls/library/bignum.c:1273:5:mbedtls_mpi_add_mpi	32	static
../mbedtls/library/bignum.c:1308:5:mbedtls_mpi_sub_mpi	32	static
../mbedtls/library/bignum.c:1343:5:mbedtls_mpi_add_int	40	static
../mbedtls/library/bignum.c:1361:5:mbedtls_mpi_sub_int	40	static
../mbedtls/library/bignum.c:1400:6:mpi_mul_hlp	672	static
../mbedtls/library/bignum.c:1471:5:mbedtls_mpi_mul_mpi	64	static
../mbedtls/library/bignum.c:1524:5:mbedtls_mpi_mul_int	32	static
../mbedtls/library/bignum.c:1563:25:mbedtls_int_div_int	72	static
../mbedtls/library/bignum.c:1658:5:mbedtls_mpi_div_mpi	128	static
../mbedtls/library/bignum.c:1786:5:mbedtls_mpi_div_int	40	static
../mbedtls/library/bignum.c:1809:5:mbedtls_mpi_mod_mpi	32	static
../mbedtls/library/bignum.c:1836:5:mbedtls_mpi_mod_int	32	static
../mbedtls/library/bignum.c:1895:13:mpi_montg_init	24	static
../mbedtls/library/bignum.c:1931:13:mpi_montmul	48	static
../mbedtls/library/bignum.c:1983:13:mpi_montred	48	static
../mbedtls/library/bignum.c:2010:12:mpi_select	32	static
../mbedtls/library/bignum.c:2031:5:mbedtls_mpi_exp_mod	160	static
../mbedtls/library/bignum.c:2273:5:mbedtls_mpi_gcd	64	static
../mbedtls/library/bignum.c:2392:12:mpi_fill_random_internal	40	static
../mbedtls/library/bignum.c:2419:5:mbedtls_mpi_fill_random	32	static
../mbedtls/library/bignum.c:2440:5:mbedtls_mpi_random	64	static
../mbedtls/library/bignum.c:2522:5:mbedtls_mpi_inv_mod	136	static
../mbedtls/library/bignum.c:2654:12:mpi_check_small_factors	32	static
../mbedtls/library/bignum.c:2681:12:mpi_miller_rabin	120	static
../mbedtls/library/bignum.c:2774:5:mbedtls_mpi_is_prime_ext	40	static
../mbedtls/library/bignum.c:2815:5:mbedtls_mpi_is_prime	24	static
../mbedtls/library/bignum.c:2839:5:mbedtls_mpi_gen_prime	56	static
../mbedtls/library/bignum.c:2975:5:mbedtls_mpi_self_test	120	static
