C:\Users\chuch\Documents\MCUXpressoIDE_11.6.1_8255\workspace\evkmimxrt1060_aws_remote_control_wifi_nxp\mbedtls\include/mbedtls/cipher.h:505:28:mbedtls_cipher_get_block_size	8	static
C:\Users\chuch\Documents\MCUXpressoIDE_11.6.1_8255\workspace\evkmimxrt1060_aws_remote_control_wifi_nxp\mbedtls\include/mbedtls/cipher.h:544:19:mbedtls_cipher_get_iv_size	8	static
../mbedtls/library/cipher.c:80:12:mbedtls_cipher_list	8	static
../mbedtls/library/cipher.c:101:30:mbedtls_cipher_info_from_type	16	static
../mbedtls/library/cipher.c:113:30:mbedtls_cipher_info_from_string	24	static
../mbedtls/library/cipher.c:128:30:mbedtls_cipher_info_from_values	16	static
../mbedtls/library/cipher.c:144:6:mbedtls_cipher_init	16	static
../mbedtls/library/cipher.c:150:6:mbedtls_cipher_free	16	static
../mbedtls/library/cipher.c:193:5:mbedtls_cipher_setup	16	static
../mbedtls/library/cipher.c:253:5:mbedtls_cipher_setkey	24	static
../mbedtls/library/cipher.c:351:5:mbedtls_cipher_set_iv	32	static
../mbedtls/library/cipher.c:407:5:mbedtls_cipher_reset	8	static
../mbedtls/library/cipher.c:428:5:mbedtls_cipher_update_ad	32	static
../mbedtls/library/cipher.c:479:5:mbedtls_cipher_update	64	static
../mbedtls/library/cipher.c:729:13:add_pkcs_padding	24	static
../mbedtls/library/cipher.c:739:12:get_pkcs_padding	32	static
../mbedtls/library/cipher.c:769:13:add_one_and_zeros_padding	24	static
../mbedtls/library/cipher.c:780:12:get_one_and_zeros_padding	24	static
../mbedtls/library/cipher.c:808:13:add_zeros_and_len_padding	24	static
../mbedtls/library/cipher.c:819:12:get_zeros_and_len_padding	32	static
../mbedtls/library/cipher.c:848:13:add_zeros_padding	24	static
../mbedtls/library/cipher.c:857:12:get_zeros_padding	24	static
../mbedtls/library/cipher.c:884:12:get_no_padding	16	static
../mbedtls/library/cipher.c:896:5:mbedtls_cipher_finish	48	static
../mbedtls/library/cipher.c:997:5:mbedtls_cipher_set_padding_mode	8	static
../mbedtls/library/cipher.c:1060:5:mbedtls_cipher_write_tag	24	static
../mbedtls/library/cipher.c:1102:5:mbedtls_cipher_check_tag	48	static
../mbedtls/library/cipher.c:1188:5:mbedtls_cipher_crypt	40	static
../mbedtls/library/cipher.c:1287:12:mbedtls_cipher_aead_encrypt	56	static
../mbedtls/library/cipher.c:1367:12:mbedtls_cipher_aead_decrypt	56	static
../mbedtls/library/cipher.c:1469:5:mbedtls_cipher_auth_encrypt	56	static
../mbedtls/library/cipher.c:1492:5:mbedtls_cipher_auth_decrypt	56	static
../mbedtls/library/cipher.c:1518:5:mbedtls_cipher_auth_encrypt_ext	64	static
../mbedtls/library/cipher.c:1574:5:mbedtls_cipher_auth_decrypt_ext	56	static
