../mbedtls/library/ctr_drbg.c:54:6:mbedtls_ctr_drbg_init	16	static
../mbedtls/library/ctr_drbg.c:68:6:mbedtls_ctr_drbg_free	16	static
../mbedtls/library/ctr_drbg.c:84:6:mbedtls_ctr_drbg_set_prediction_resistance	8	static
../mbedtls/library/ctr_drbg.c:90:6:mbedtls_ctr_drbg_set_entropy_len	8	static
../mbedtls/library/ctr_drbg.c:96:5:mbedtls_ctr_drbg_set_nonce_len	8	static
../mbedtls/library/ctr_drbg.c:122:6:mbedtls_ctr_drbg_set_reseed_interval	8	static
../mbedtls/library/ctr_drbg.c:128:12:block_cipher_df	816	static
../mbedtls/library/ctr_drbg.c:256:12:ctr_drbg_update_internal	64	static
../mbedtls/library/ctr_drbg.c:318:5:mbedtls_ctr_drbg_update_ret	64	static
../mbedtls/library/ctr_drbg.c:339:6:mbedtls_ctr_drbg_update	24	static
../mbedtls/library/ctr_drbg.c:364:12:mbedtls_ctr_drbg_reseed_internal	416	static
../mbedtls/library/ctr_drbg.c:420:5:mbedtls_ctr_drbg_reseed	24	static
../mbedtls/library/ctr_drbg.c:431:15:good_nonce_len	8	static
../mbedtls/library/ctr_drbg.c:450:5:mbedtls_ctr_drbg_seed	48	static
../mbedtls/library/ctr_drbg.c:517:5:mbedtls_ctr_drbg_random_with_add	96	static
../mbedtls/library/ctr_drbg.c:594:5:mbedtls_ctr_drbg_random	40	static
../mbedtls/library/ctr_drbg.c:821:12:ctr_drbg_self_test_entropy	32	static
../mbedtls/library/ctr_drbg.c:842:5:mbedtls_ctr_drbg_self_test	416	static
