../mbedtls/library/ecdh.c:48:29:mbedtls_ecdh_grp_id	8	static
../mbedtls/library/ecdh.c:60:5:mbedtls_ecdh_can_do	8	static
../mbedtls/library/ecdh.c:76:12:ecdh_gen_public_restartable	48	static
../mbedtls/library/ecdh.c:100:5:mbedtls_ecdh_gen_public	32	static
../mbedtls/library/ecdh.c:116:12:ecdh_compute_shared_restartable	80	static
../mbedtls/library/ecdh.c:148:5:mbedtls_ecdh_compute_shared	40	static
../mbedtls/library/ecdh.c:162:13:ecdh_init_internal	16	static
../mbedtls/library/ecdh.c:178:6:mbedtls_ecdh_init	16	static
../mbedtls/library/ecdh.c:198:12:ecdh_setup_internal	24	static
../mbedtls/library/ecdh.c:215:5:mbedtls_ecdh_setup	16	static
../mbedtls/library/ecdh.c:241:13:ecdh_free_internal	16	static
../mbedtls/library/ecdh.c:269:6:mbedtls_ecdh_free	16	static
../mbedtls/library/ecdh.c:300:12:ecdh_make_params_internal	48	static
../mbedtls/library/ecdh.c:358:5:mbedtls_ecdh_make_params	48	static
../mbedtls/library/ecdh.c:397:12:ecdh_read_params_internal	24	static
../mbedtls/library/ecdh.c:412:5:mbedtls_ecdh_read_params	32	static
../mbedtls/library/ecdh.c:449:12:ecdh_get_params_internal	32	static
../mbedtls/library/ecdh.c:473:5:mbedtls_ecdh_get_params	32	static
../mbedtls/library/ecdh.c:523:12:ecdh_make_public_internal	40	static
../mbedtls/library/ecdh.c:564:5:mbedtls_ecdh_make_public	48	static
../mbedtls/library/ecdh.c:601:12:ecdh_read_public_internal	32	static
../mbedtls/library/ecdh.c:620:5:mbedtls_ecdh_read_public	24	static
../mbedtls/library/ecdh.c:645:12:ecdh_calc_secret_internal	40	static
../mbedtls/library/ecdh.c:698:5:mbedtls_ecdh_calc_secret	48	static
