C:\Users\chuch\Documents\MCUXpressoIDE_11.6.1_8255\workspace\evkmimxrt1060_aws_remote_control_wifi_nxp\mbedtls\include/mbedtls/error.h:159:19:mbedtls_error_add	16	static
../mbedtls/library/ecdsa.c:227:12:derive_mpi	40	static
../mbedtls/library/ecdsa.c:252:12:ecdsa_sign_restartable	144	static
../mbedtls/library/ecdsa.c:386:5:mbedtls_ecdsa_can_do	8	static
../mbedtls/library/ecdsa.c:403:5:mbedtls_ecdsa_sign	56	static
../mbedtls/library/ecdsa.c:424:12:ecdsa_sign_det_restartable	344	static
../mbedtls/library/ecdsa.c:557:5:mbedtls_ecdsa_sign_det	48	static
../mbedtls/library/ecdsa.c:573:5:mbedtls_ecdsa_sign_det_ext	48	static
../mbedtls/library/ecdsa.c:598:12:ecdsa_verify_restartable	136	static
../mbedtls/library/ecdsa.c:706:5:mbedtls_ecdsa_verify	40	static
../mbedtls/library/ecdsa.c:725:12:ecdsa_signature_to_asn1	144	static
../mbedtls/library/ecdsa.c:749:5:mbedtls_ecdsa_write_signature_restartable	80	static
../mbedtls/library/ecdsa.c:799:5:mbedtls_ecdsa_write_signature	48	static
../mbedtls/library/ecdsa.c:816:5:mbedtls_ecdsa_write_signature_det	40	static
../mbedtls/library/ecdsa.c:833:5:mbedtls_ecdsa_read_signature	32	static
../mbedtls/library/ecdsa.c:847:5:mbedtls_ecdsa_read_signature_restartable	80	static
../mbedtls/library/ecdsa.c:913:5:mbedtls_ecdsa_genkey	40	static
../mbedtls/library/ecdsa.c:932:5:mbedtls_ecdsa_from_keypair	24	static
../mbedtls/library/ecdsa.c:953:6:mbedtls_ecdsa_init	16	static
../mbedtls/library/ecdsa.c:963:6:mbedtls_ecdsa_free	16	static
