../mbedtls/library/pk_wrap.c:65:12:rsa_can_do	8	static
../mbedtls/library/pk_wrap.c:71:15:rsa_get_bitlen	24	static
../mbedtls/library/pk_wrap.c:77:12:rsa_verify_wrap	56	static
../mbedtls/library/pk_wrap.c:109:12:rsa_sign_wrap	48	static
../mbedtls/library/pk_wrap.c:127:12:rsa_decrypt_wrap	48	static
../mbedtls/library/pk_wrap.c:141:12:rsa_encrypt_wrap	48	static
../mbedtls/library/pk_wrap.c:156:12:rsa_check_pair_wrap	16	static
../mbedtls/library/pk_wrap.c:162:14:rsa_alloc_wrap	16	static
../mbedtls/library/pk_wrap.c:172:13:rsa_free_wrap	16	static
../mbedtls/library/pk_wrap.c:178:13:rsa_debug	8	static
../mbedtls/library/pk_wrap.c:219:12:eckey_can_do	8	static
../mbedtls/library/pk_wrap.c:226:15:eckey_get_bitlen	8	static
../mbedtls/library/pk_wrap.c:242:12:eckey_verify_wrap	208	static
../mbedtls/library/pk_wrap.c:259:12:eckey_sign_wrap	216	static
../mbedtls/library/pk_wrap.c:384:12:eckey_check_pair	16	static
../mbedtls/library/pk_wrap.c:390:14:eckey_alloc_wrap	16	static
../mbedtls/library/pk_wrap.c:400:13:eckey_free_wrap	16	static
../mbedtls/library/pk_wrap.c:406:13:eckey_debug	8	static
../mbedtls/library/pk_wrap.c:444:12:eckeydh_can_do	8	static
../mbedtls/library/pk_wrap.c:475:12:ecdsa_can_do	8	static
../mbedtls/library/pk_wrap.c:622:12:ecdsa_verify_wrap	40	static
../mbedtls/library/pk_wrap.c:639:12:ecdsa_sign_wrap	40	static
../mbedtls/library/pk_wrap.c:682:14:ecdsa_alloc_wrap	16	static
../mbedtls/library/pk_wrap.c:692:13:ecdsa_free_wrap	16	static
../mbedtls/library/pk_wrap.c:745:12:rsa_alt_can_do	8	static
../mbedtls/library/pk_wrap.c:750:15:rsa_alt_get_bitlen	24	static
../mbedtls/library/pk_wrap.c:757:12:rsa_alt_sign_wrap	48	static
../mbedtls/library/pk_wrap.c:777:12:rsa_alt_decrypt_wrap	40	static
../mbedtls/library/pk_wrap.c:795:12:rsa_alt_check_pair	584	static
../mbedtls/library/pk_wrap.c:824:14:rsa_alt_alloc_wrap	16	static
../mbedtls/library/pk_wrap.c:834:13:rsa_alt_free_wrap	16	static
