C:\Users\chuch\Documents\MCUXpressoIDE_11.6.1_8255\workspace\evkmimxrt1060_aws_remote_control_wifi_nxp\mbedtls\include/mbedtls/error.h:159:19:mbedtls_error_add	16	static
../mbedtls/library/rsa.c:77:5:mbedtls_rsa_import	32	static
../mbedtls/library/rsa.c:100:5:mbedtls_rsa_import_raw	32	static
../mbedtls/library/rsa.c:142:5:rsa_check_context	24	static
../mbedtls/library/rsa.c:230:5:mbedtls_rsa_complete	88	static
../mbedtls/library/rsa.c:334:5:mbedtls_rsa_export_raw	32	static
../mbedtls/library/rsa.c:382:5:mbedtls_rsa_export	32	static
../mbedtls/library/rsa.c:427:5:mbedtls_rsa_export_crt	32	static
../mbedtls/library/rsa.c:467:6:mbedtls_rsa_init	24	static
../mbedtls/library/rsa.c:490:6:mbedtls_rsa_set_padding	16	static
../mbedtls/library/rsa.c:505:8:mbedtls_rsa_get_len	8	static
../mbedtls/library/rsa.c:519:5:mbedtls_rsa_gen_key	88	static
../mbedtls/library/rsa.c:639:5:mbedtls_rsa_check_pubkey	16	static
../mbedtls/library/rsa.c:664:5:mbedtls_rsa_check_privkey	40	static
../mbedtls/library/rsa.c:694:5:mbedtls_rsa_check_pub_priv	16	static
../mbedtls/library/rsa.c:720:5:mbedtls_rsa_public	56	static
../mbedtls/library/rsa.c:778:12:rsa_prepare_blinding	56	static
../mbedtls/library/rsa.c:861:5:mbedtls_rsa_private	168	static
../mbedtls/library/rsa.c:1240:5:mbedtls_rsa_rsaes_pkcs1_v15_encrypt	56	static
../mbedtls/library/rsa.c:1312:5:mbedtls_rsa_pkcs1_encrypt	40	static
../mbedtls/library/rsa.c:1495:5:mbedtls_rsa_rsaes_pkcs1_v15_decrypt	552	static
../mbedtls/library/rsa.c:1543:5:mbedtls_rsa_pkcs1_decrypt	40	static
../mbedtls/library/rsa.c:1769:12:rsa_rsassa_pkcs1_v15_encode	48	static
../mbedtls/library/rsa.c:1884:5:mbedtls_rsa_rsassa_pkcs1_v15_sign	48	static
../mbedtls/library/rsa.c:1968:5:mbedtls_rsa_pkcs1_sign	40	static
../mbedtls/library/rsa.c:2192:5:mbedtls_rsa_rsassa_pkcs1_v15_verify	48	static
../mbedtls/library/rsa.c:2275:5:mbedtls_rsa_pkcs1_verify	40	static
../mbedtls/library/rsa.c:2314:5:mbedtls_rsa_copy	24	static
../mbedtls/library/rsa.c:2355:6:mbedtls_rsa_free	16	static
../mbedtls/library/rsa.c:2433:12:myrand	32	static
../mbedtls/library/rsa.c:2457:5:mbedtls_rsa_self_test	432	static
