C:\Users\chuch\Documents\MCUXpressoIDE_11.6.1_8255\workspace\evkmimxrt1060_aws_remote_control_wifi_nxp\mbedtls\include/mbedtls/ssl_ciphersuites.h:470:19:mbedtls_ssl_ciphersuite_cert_req_allowed	8	static
C:\Users\chuch\Documents\MCUXpressoIDE_11.6.1_8255\workspace\evkmimxrt1060_aws_remote_control_wifi_nxp\mbedtls\include/mbedtls/ssl_ciphersuites.h:537:19:mbedtls_ssl_ciphersuite_uses_server_signature	8	static
C:\Users\chuch\Documents\MCUXpressoIDE_11.6.1_8255\workspace\evkmimxrt1060_aws_remote_control_wifi_nxp\mbedtls\include/mbedtls/ssl_internal.h:331:19:mbedtls_ssl_chk_buf_ptr	16	static
C:\Users\chuch\Documents\MCUXpressoIDE_11.6.1_8255\workspace\evkmimxrt1060_aws_remote_control_wifi_nxp\mbedtls\include/mbedtls/ssl_internal.h:1140:35:mbedtls_ssl_own_key	16	static
C:\Users\chuch\Documents\MCUXpressoIDE_11.6.1_8255\workspace\evkmimxrt1060_aws_remote_control_wifi_nxp\mbedtls\include/mbedtls/ssl_internal.h:1152:33:mbedtls_ssl_own_cert	16	static
C:\Users\chuch\Documents\MCUXpressoIDE_11.6.1_8255\workspace\evkmimxrt1060_aws_remote_control_wifi_nxp\mbedtls\include/mbedtls/ssl_internal.h:1207:22:mbedtls_ssl_hs_hdr_len	8	static
../mbedtls/library/ssl_cli.c:94:12:ssl_write_hostname_ext	32	static
../mbedtls/library/ssl_cli.c:207:12:ssl_write_signature_algorithms_ext	40	static
../mbedtls/library/ssl_cli.c:305:12:ssl_write_supported_elliptic_curves_ext	48	static
../mbedtls/library/ssl_cli.c:376:12:ssl_write_supported_point_formats_ext	32	static
../mbedtls/library/ssl_cli.c:526:12:ssl_write_max_fragment_length_ext	32	static
../mbedtls/library/ssl_cli.c:588:12:ssl_write_encrypt_then_mac_ext	32	static
../mbedtls/library/ssl_cli.c:619:12:ssl_write_extended_ms_ext	32	static
../mbedtls/library/ssl_cli.c:692:12:ssl_write_alpn_ext	40	static
../mbedtls/library/ssl_cli.c:871:12:ssl_generate_random	24	static
../mbedtls/library/ssl_cli.c:920:12:ssl_validate_ciphersuite	16	static
../mbedtls/library/ssl_cli.c:963:12:ssl_write_client_hello	72	static
../mbedtls/library/ssl_cli.c:1453:12:ssl_parse_renegotiation_info	24	static
../mbedtls/library/ssl_cli.c:1497:12:ssl_parse_max_fragment_length_ext	24	static
../mbedtls/library/ssl_cli.c:1604:12:ssl_parse_encrypt_then_mac_ext	24	static
../mbedtls/library/ssl_cli.c:1630:12:ssl_parse_extended_ms_ext	24	static
../mbedtls/library/ssl_cli.c:1682:12:ssl_parse_supported_point_formats_ext	32	static
../mbedtls/library/ssl_cli.c:1761:12:ssl_parse_alpn_ext	40	static
../mbedtls/library/ssl_cli.c:2034:12:ssl_parse_server_hello	64	static
../mbedtls/library/ssl_cli.c:2640:12:ssl_check_server_ecdh_params	24	static
../mbedtls/library/ssl_cli.c:2743:12:ssl_parse_server_ecdh_params	32	static
../mbedtls/library/ssl_cli.c:2828:12:ssl_write_encrypted_pms	56	static
../mbedtls/library/ssl_cli.c:2915:12:ssl_parse_signature_algorithm	24	static
../mbedtls/library/ssl_cli.c:3032:12:ssl_parse_server_key_exchange	112	static
../mbedtls/library/ssl_cli.c:3456:12:ssl_parse_certificate_request	48	static
../mbedtls/library/ssl_cli.c:3627:12:ssl_parse_server_hello_done	24	static
../mbedtls/library/ssl_cli.c:3666:12:ssl_write_client_key_exchange	40	static
../mbedtls/library/ssl_cli.c:4108:12:ssl_write_certificate_verify	128	static
../mbedtls/library/ssl_cli.c:4399:5:mbedtls_ssl_handshake_client_step	24	static
