C:\Users\chuch\Documents\MCUXpressoIDE_11.6.1_8255\workspace\evkmimxrt1060_aws_remote_control_wifi_nxp\mbedtls\include/mbedtls/pk.h:240:36:mbedtls_pk_ec	8	static
C:\Users\chuch\Documents\MCUXpressoIDE_11.6.1_8255\workspace\evkmimxrt1060_aws_remote_control_wifi_nxp\mbedtls\include/mbedtls/ssl_ciphersuites.h:487:19:mbedtls_ssl_ciphersuite_uses_srv_cert	8	static
C:\Users\chuch\Documents\MCUXpressoIDE_11.6.1_8255\workspace\evkmimxrt1060_aws_remote_control_wifi_nxp\mbedtls\include/mbedtls/ssl_internal.h:913:20:mbedtls_ssl_sig_hash_set_init	16	static
C:\Users\chuch\Documents\MCUXpressoIDE_11.6.1_8255\workspace\evkmimxrt1060_aws_remote_control_wifi_nxp\mbedtls\include/mbedtls/ssl_internal.h:1152:33:mbedtls_ssl_own_cert	16	static
C:\Users\chuch\Documents\MCUXpressoIDE_11.6.1_8255\workspace\evkmimxrt1060_aws_remote_control_wifi_nxp\mbedtls\include/mbedtls/ssl_internal.h:1207:22:mbedtls_ssl_hs_hdr_len	8	static
../mbedtls/library/ssl_tls.c:165:21:ssl_mfl_code_to_length	8	static
../mbedtls/library/ssl_tls.c:185:5:mbedtls_ssl_session_copy	16	static
../mbedtls/library/ssl_tls.c:682:12:tls_prf_generic	104	static
../mbedtls/library/ssl_tls.c:773:12:tls_prf_sha256	40	static
../mbedtls/library/ssl_tls.c:885:6:mbedtls_ssl_tls_prf	48	static
../mbedtls/library/ssl_tls.c:952:12:ssl_populate_transform	344	static
../mbedtls/library/ssl_tls.c:1514:12:ssl_set_handshake_prfs	16	static
../mbedtls/library/ssl_tls.c:1583:12:ssl_compute_master	112	static
../mbedtls/library/ssl_tls.c:1710:5:mbedtls_ssl_derive_keys	128	static
../mbedtls/library/ssl_tls.c:1886:6:ssl_calc_verify_tls_sha256	280	static
../mbedtls/library/ssl_tls.c:2142:13:ssl_clear_peer_cert	16	static
../mbedtls/library/ssl_tls.c:2208:5:mbedtls_ssl_write_certificate	40	static
../mbedtls/library/ssl_tls.c:2375:12:ssl_parse_certificate_chain	32	static
../mbedtls/library/ssl_tls.c:2573:12:ssl_parse_certificate_coordinate	24	static
../mbedtls/library/ssl_tls.c:2602:12:ssl_parse_certificate_verify	88	static
../mbedtls/library/ssl_tls.c:2790:12:ssl_remember_peer_crt_digest	32	static
../mbedtls/library/ssl_tls.c:2821:12:ssl_remember_peer_pubkey	32	static
../mbedtls/library/ssl_tls.c:2841:5:mbedtls_ssl_parse_certificate	56	static
../mbedtls/library/ssl_tls.c:2991:6:mbedtls_ssl_optimize_checksum	8	static
../mbedtls/library/ssl_tls.c:3020:6:mbedtls_ssl_reset_checksum	16	static
../mbedtls/library/ssl_tls.c:3047:13:ssl_update_checksum_start	24	static
../mbedtls/library/ssl_tls.c:3085:13:ssl_update_checksum_sha256	24	static
../mbedtls/library/ssl_tls.c:3255:13:ssl_calc_finished_tls_sha256	344	static
../mbedtls/library/ssl_tls.c:3419:6:mbedtls_ssl_handshake_wrapup_free_hs_transform	16	static
../mbedtls/library/ssl_tls.c:3444:6:mbedtls_ssl_handshake_wrapup	24	static
../mbedtls/library/ssl_tls.c:3506:5:mbedtls_ssl_write_finished	24	static
../mbedtls/library/ssl_tls.c:3630:5:mbedtls_ssl_parse_finished	40	static
../mbedtls/library/ssl_tls.c:3714:13:ssl_handshake_params_init	16	static
../mbedtls/library/ssl_tls.c:3781:6:mbedtls_ssl_transform_init	16	static
../mbedtls/library/ssl_tls.c:3794:6:mbedtls_ssl_session_init	16	static
../mbedtls/library/ssl_tls.c:3799:12:ssl_handshake_init	16	static
../mbedtls/library/ssl_tls.c:3906:6:mbedtls_ssl_init	16	static
../mbedtls/library/ssl_tls.c:3915:5:mbedtls_ssl_setup	32	static
../mbedtls/library/ssl_tls.c:3999:5:mbedtls_ssl_session_reset_int	32	static
../mbedtls/library/ssl_tls.c:4125:5:mbedtls_ssl_session_reset	16	static
../mbedtls/library/ssl_tls.c:4133:6:mbedtls_ssl_conf_endpoint	8	static
../mbedtls/library/ssl_tls.c:4138:6:mbedtls_ssl_conf_transport	8	static
../mbedtls/library/ssl_tls.c:4173:6:mbedtls_ssl_conf_authmode	8	static
../mbedtls/library/ssl_tls.c:4179:6:mbedtls_ssl_conf_verify	16	static
../mbedtls/library/ssl_tls.c:4188:6:mbedtls_ssl_conf_rng	16	static
../mbedtls/library/ssl_tls.c:4196:6:mbedtls_ssl_conf_dbg	16	static
../mbedtls/library/ssl_tls.c:4204:6:mbedtls_ssl_set_bio	16	static
../mbedtls/library/ssl_tls.c:4223:6:mbedtls_ssl_conf_read_timeout	8	static
../mbedtls/library/ssl_tls.c:4228:6:mbedtls_ssl_set_timer_cb	24	static
../mbedtls/library/ssl_tls.c:4254:5:mbedtls_ssl_set_session	24	static
../mbedtls/library/ssl_tls.c:4276:6:mbedtls_ssl_conf_ciphersuites	8	static
../mbedtls/library/ssl_tls.c:4285:6:mbedtls_ssl_conf_ciphersuites_for_version	16	static
../mbedtls/library/ssl_tls.c:4299:6:mbedtls_ssl_conf_cert_profile	8	static
../mbedtls/library/ssl_tls.c:4306:12:ssl_append_key_cert	32	static
../mbedtls/library/ssl_tls.c:4336:5:mbedtls_ssl_conf_own_cert	24	static
../mbedtls/library/ssl_tls.c:4343:6:mbedtls_ssl_conf_ca_chain	16	static
../mbedtls/library/ssl_tls.c:4375:5:mbedtls_ssl_set_hs_own_cert	24	static
../mbedtls/library/ssl_tls.c:4383:6:mbedtls_ssl_set_hs_ca_chain	16	static
../mbedtls/library/ssl_tls.c:4391:6:mbedtls_ssl_set_hs_authmode	8	static
../mbedtls/library/ssl_tls.c:4399:6:mbedtls_ssl_set_verify	16	static
../mbedtls/library/ssl_tls.c:4666:6:mbedtls_ssl_conf_dhm_min_bitlen	8	static
../mbedtls/library/ssl_tls.c:4677:6:mbedtls_ssl_conf_sig_hashes	8	static
../mbedtls/library/ssl_tls.c:4688:6:mbedtls_ssl_conf_curves	8	static
../mbedtls/library/ssl_tls.c:4696:5:mbedtls_ssl_set_hostname	24	static
../mbedtls/library/ssl_tls.c:4742:6:mbedtls_ssl_conf_sni	16	static
../mbedtls/library/ssl_tls.c:4753:5:mbedtls_ssl_conf_alpn_protocols	32	static
../mbedtls/library/ssl_tls.c:4780:13:mbedtls_ssl_get_alpn_protocol	8	static
../mbedtls/library/ssl_tls.c:4866:6:mbedtls_ssl_conf_max_version	16	static
../mbedtls/library/ssl_tls.c:4872:6:mbedtls_ssl_conf_min_version	16	static
../mbedtls/library/ssl_tls.c:4894:6:mbedtls_ssl_conf_encrypt_then_mac	8	static
../mbedtls/library/ssl_tls.c:4901:6:mbedtls_ssl_conf_extended_master_secret	8	static
../mbedtls/library/ssl_tls.c:4915:5:mbedtls_ssl_conf_max_frag_len	16	static
../mbedtls/library/ssl_tls.c:4943:6:mbedtls_ssl_conf_legacy_renegotiation	8	static
../mbedtls/library/ssl_tls.c:5045:10:mbedtls_ssl_get_verify_result	8	static
../mbedtls/library/ssl_tls.c:5056:13:mbedtls_ssl_get_ciphersuite	16	static
../mbedtls/library/ssl_tls.c:5064:13:mbedtls_ssl_get_version	8	static
../mbedtls/library/ssl_tls.c:5103:8:mbedtls_ssl_get_input_max_frag_len	24	static
../mbedtls/library/ssl_tls.c:5138:8:mbedtls_ssl_get_output_max_frag_len	24	static
../mbedtls/library/ssl_tls.c:5165:8:mbedtls_ssl_get_max_frag_len	16	static
../mbedtls/library/ssl_tls.c:5192:5:mbedtls_ssl_get_max_out_record_payload	24	static
../mbedtls/library/ssl_tls.c:5238:25:mbedtls_ssl_get_peer_cert	8	static
../mbedtls/library/ssl_tls.c:5252:5:mbedtls_ssl_get_session	16	static
../mbedtls/library/ssl_tls.c:5267:28:mbedtls_ssl_get_session_pointer	8	static
../mbedtls/library/ssl_tls.c:5387:12:ssl_session_save	32	static
../mbedtls/library/ssl_tls.c:5572:5:mbedtls_ssl_session_save	32	static
../mbedtls/library/ssl_tls.c:5586:12:ssl_session_load	40	static
../mbedtls/library/ssl_tls.c:5812:5:mbedtls_ssl_session_load	32	static
../mbedtls/library/ssl_tls.c:5827:5:mbedtls_ssl_handshake_step	24	static
../mbedtls/library/ssl_tls.c:5849:5:mbedtls_ssl_handshake	24	static
../mbedtls/library/ssl_tls.c:6015:13:ssl_key_cert_free	24	static
../mbedtls/library/ssl_tls.c:6028:6:mbedtls_ssl_handshake_free	32	static
../mbedtls/library/ssl_tls.c:6151:6:mbedtls_ssl_session_free	16	static
../mbedtls/library/ssl_tls.c:6795:6:mbedtls_ssl_free	24	static
../mbedtls/library/ssl_tls.c:6888:6:mbedtls_ssl_config_init	16	static
../mbedtls/library/ssl_tls.c:6941:5:mbedtls_ssl_config_defaults	24	static
../mbedtls/library/ssl_tls.c:7105:6:mbedtls_ssl_config_free	16	static
../mbedtls/library/ssl_tls.c:7142:15:mbedtls_ssl_sig_from_pk	16	static
../mbedtls/library/ssl_tls.c:7155:15:mbedtls_ssl_sig_from_pk_alg	8	static
../mbedtls/library/ssl_tls.c:7168:19:mbedtls_ssl_pk_alg_from_sig	8	static
../mbedtls/library/ssl_tls.c:7190:19:mbedtls_ssl_sig_hash_set_find	8	static
../mbedtls/library/ssl_tls.c:7205:6:mbedtls_ssl_sig_hash_set_add	8	static
../mbedtls/library/ssl_tls.c:7227:6:mbedtls_ssl_sig_hash_set_const_hash	8	static
../mbedtls/library/ssl_tls.c:7240:19:mbedtls_ssl_md_alg_from_hash	8	static
../mbedtls/library/ssl_tls.c:7274:15:mbedtls_ssl_hash_from_md_alg	8	static
../mbedtls/library/ssl_tls.c:7310:5:mbedtls_ssl_check_curve	16	static
../mbedtls/library/ssl_tls.c:7330:5:mbedtls_ssl_check_sig_hash	16	static
../mbedtls/library/ssl_tls.c:7347:5:mbedtls_ssl_check_cert_usage	40	static
../mbedtls/library/ssl_tls.c:7437:5:mbedtls_ssl_set_calc_verify_md	8	static
../mbedtls/library/ssl_tls.c:7631:5:mbedtls_ssl_get_key_exchange_md_tls1_2	48	static
