C:\Users\chuch\Documents\MCUXpressoIDE_11.6.1_8255\workspace\evkmimxrt1060_aws_remote_control_wifi_nxp\mbedtls\include/mbedtls/cipher.h:505:28:mbedtls_cipher_get_block_size	8	static
C:\Users\chuch\Documents\MCUXpressoIDE_11.6.1_8255\workspace\evkmimxrt1060_aws_remote_control_wifi_nxp\mbedtls\include/mbedtls/cipher.h:524:37:mbedtls_cipher_get_cipher_mode	8	static
C:\Users\chuch\Documents\MCUXpressoIDE_11.6.1_8255\workspace\evkmimxrt1060_aws_remote_control_wifi_nxp\mbedtls\include/mbedtls/ssl_internal.h:1184:22:mbedtls_ssl_in_hdr_len	8	static
C:\Users\chuch\Documents\MCUXpressoIDE_11.6.1_8255\workspace\evkmimxrt1060_aws_remote_control_wifi_nxp\mbedtls\include/mbedtls/ssl_internal.h:1202:22:mbedtls_ssl_out_hdr_len	8	static
C:\Users\chuch\Documents\MCUXpressoIDE_11.6.1_8255\workspace\evkmimxrt1060_aws_remote_control_wifi_nxp\mbedtls\include/mbedtls/ssl_internal.h:1207:22:mbedtls_ssl_hs_hdr_len	8	static
C:\Users\chuch\Documents\MCUXpressoIDE_11.6.1_8255\workspace\evkmimxrt1060_aws_remote_control_wifi_nxp\mbedtls\include/mbedtls/ssl_internal.h:1267:22:mbedtls_ssl_ep_len	8	static
../mbedtls/library/ssl_msg.c:67:6:mbedtls_ssl_set_timer	16	static
../mbedtls/library/ssl_msg.c:79:5:mbedtls_ssl_check_timer	16	static
../mbedtls/library/ssl_msg.c:407:13:ssl_extract_add_data_from_record	32	static
../mbedtls/library/ssl_msg.c:544:12:ssl_transform_aead_dynamic_iv_is_explicit	8	static
../mbedtls/library/ssl_msg.c:573:13:ssl_build_record_nonce	32	static
../mbedtls/library/ssl_msg.c:592:5:mbedtls_ssl_encrypt_buf	224	static
../mbedtls/library/ssl_msg.c:1112:5:mbedtls_ssl_decrypt_buf	288	static
../mbedtls/library/ssl_msg.c:1861:5:mbedtls_ssl_fetch_input	32	static
../mbedtls/library/ssl_msg.c:2082:5:mbedtls_ssl_flush_output	24	static
../mbedtls/library/ssl_msg.c:2519:5:mbedtls_ssl_write_handshake_msg	32	static
../mbedtls/library/ssl_msg.c:2678:5:mbedtls_ssl_write_record	80	static
../mbedtls/library/ssl_msg.c:2983:17:ssl_get_hs_total_len	8	static
../mbedtls/library/ssl_msg.c:2990:5:mbedtls_ssl_prepare_handshake_record	16	static
../mbedtls/library/ssl_msg.c:3082:6:mbedtls_ssl_update_handshake_status	24	static
../mbedtls/library/ssl_msg.c:3430:12:ssl_check_record_type	8	static
../mbedtls/library/ssl_msg.c:3462:12:ssl_parse_record_header	64	static
../mbedtls/library/ssl_msg.c:3724:12:ssl_prepare_record_content	32	static
../mbedtls/library/ssl_msg.c:3879:5:mbedtls_ssl_read_record	24	static
../mbedtls/library/ssl_msg.c:4315:12:ssl_consume_current_message	16	static
../mbedtls/library/ssl_msg.c:4402:12:ssl_record_is_in_progress	8	static
../mbedtls/library/ssl_msg.c:4543:12:ssl_get_next_record	48	static
../mbedtls/library/ssl_msg.c:4771:5:mbedtls_ssl_handle_message_type	24	static
../mbedtls/library/ssl_msg.c:4905:5:mbedtls_ssl_send_fatal_handshake_failure	16	static
../mbedtls/library/ssl_msg.c:4912:5:mbedtls_ssl_send_alert_message	24	static
../mbedtls/library/ssl_msg.c:4939:5:mbedtls_ssl_write_change_cipher_spec	24	static
../mbedtls/library/ssl_msg.c:4962:5:mbedtls_ssl_parse_change_cipher_spec	24	static
../mbedtls/library/ssl_msg.c:5043:15:ssl_transform_get_explicit_iv_len	8	static
../mbedtls/library/ssl_msg.c:5052:6:mbedtls_ssl_update_out_pointers	16	static
../mbedtls/library/ssl_msg.c:5094:6:mbedtls_ssl_update_in_pointers	8	static
../mbedtls/library/ssl_msg.c:5141:6:mbedtls_ssl_reset_in_out_pointers	16	static
../mbedtls/library/ssl_msg.c:5165:8:mbedtls_ssl_get_bytes_avail	8	static
../mbedtls/library/ssl_msg.c:5170:5:mbedtls_ssl_check_pending	8	static
../mbedtls/library/ssl_msg.c:5226:5:mbedtls_ssl_get_record_expansion	32	static
../mbedtls/library/ssl_msg.c:5321:5:mbedtls_ssl_read	32	static
../mbedtls/library/ssl_msg.c:5640:12:ssl_write_real	32	static
../mbedtls/library/ssl_msg.c:5744:5:mbedtls_ssl_write	32	static
../mbedtls/library/ssl_msg.c:5784:5:mbedtls_ssl_close_notify	24	static
../mbedtls/library/ssl_msg.c:5812:6:mbedtls_ssl_transform_free	16	static
../mbedtls/library/ssl_msg.c:5878:6:mbedtls_ssl_write_version	16	static
../mbedtls/library/ssl_msg.c:5900:6:mbedtls_ssl_read_version	16	static
