C:\Users\chuch\Documents\MCUXpressoIDE_11.6.1_8255\workspace\evkmimxrt1060_aws_remote_control_wifi_nxp\mbedtls\include/mbedtls/pk.h:240:36:mbedtls_pk_ec	8	static
C:\Users\chuch\Documents\MCUXpressoIDE_11.6.1_8255\workspace\evkmimxrt1060_aws_remote_control_wifi_nxp\mbedtls\include/mbedtls/error.h:159:19:mbedtls_error_add	16	static
../mbedtls/library/x509_crt.c:158:12:x509_profile_check_md_alg	8	static
../mbedtls/library/x509_crt.c:174:12:x509_profile_check_pk_alg	8	static
../mbedtls/library/x509_crt.c:190:12:x509_profile_check_key	24	static
../mbedtls/library/x509_crt.c:228:12:x509_memcasecmp	32	static
../mbedtls/library/x509_crt.c:257:12:x509_check_wildcard	32	static
../mbedtls/library/x509_crt.c:293:12:x509_string_cmp	16	static
../mbedtls/library/x509_crt.c:323:12:x509_name_cmp	16	static
../mbedtls/library/x509_crt.c:358:13:x509_crt_verify_chain_reset	16	static
../mbedtls/library/x509_crt.c:379:12:x509_get_version	32	static
../mbedtls/library/x509_crt.c:415:12:x509_get_dates	32	static
../mbedtls/library/x509_crt.c:445:12:x509_get_uid	32	static
../mbedtls/library/x509_crt.c:471:12:x509_get_basic_constraints	32	static
../mbedtls/library/x509_crt.c:527:12:x509_get_ns_cert_type	40	static
../mbedtls/library/x509_crt.c:546:12:x509_get_key_usage	48	static
../mbedtls/library/x509_crt.c:576:12:x509_get_ext_key_usage	32	static
../mbedtls/library/x509_crt.c:620:12:x509_get_subject_alt_name	96	static
../mbedtls/library/x509_crt.c:761:12:x509_get_certificate_policies	64	static
../mbedtls/library/x509_crt.c:878:12:x509_get_crt_ext	72	static
../mbedtls/library/x509_crt.c:1066:12:x509_crt_parse_der_core	88	static
../mbedtls/library/x509_crt.c:1331:12:mbedtls_x509_crt_parse_der_internal	48	static
../mbedtls/library/x509_crt.c:1383:5:mbedtls_x509_crt_parse_der_nocopy	32	static
../mbedtls/library/x509_crt.c:1390:5:mbedtls_x509_crt_parse_der_with_ext_cb	32	static
../mbedtls/library/x509_crt.c:1400:5:mbedtls_x509_crt_parse_der	32	static
../mbedtls/library/x509_crt.c:1411:5:mbedtls_x509_crt_parse	80	static
../mbedtls/library/x509_crt.c:1683:12:x509_get_other_name	48	static
../mbedtls/library/x509_crt.c:1765:12:x509_info_subject_alt_name	88	static
../mbedtls/library/x509_crt.c:1878:5:mbedtls_x509_parse_subject_alt_name	56	static
../mbedtls/library/x509_crt.c:1939:12:x509_info_cert_type	40	static
../mbedtls/library/x509_crt.c:1966:12:x509_info_key_usage	40	static
../mbedtls/library/x509_crt.c:1990:12:x509_info_ext_key_usage	56	static
../mbedtls/library/x509_crt.c:2019:12:x509_info_cert_policies	56	static
../mbedtls/library/x509_crt.c:2053:5:mbedtls_x509_crt_info	96	static
../mbedtls/library/x509_crt.c:2225:5:mbedtls_x509_crt_verify_info	48	static
../mbedtls/library/x509_crt.c:2254:5:mbedtls_x509_crt_check_key_usage	24	static
../mbedtls/library/x509_crt.c:2279:5:mbedtls_x509_crt_check_extended_key_usage	32	static
../mbedtls/library/x509_crt.c:2424:12:x509_crt_check_signature	88	static
../mbedtls/library/x509_crt.c:2483:12:x509_crt_check_parent	32	static
../mbedtls/library/x509_crt.c:2557:12:x509_crt_find_parent_in	48	static
../mbedtls/library/x509_crt.c:2680:12:x509_crt_find_parent	48	static
../mbedtls/library/x509_crt.c:2747:12:x509_crt_check_ee_locally_trusted	24	static
../mbedtls/library/x509_crt.c:2811:12:x509_crt_verify_chain	80	static
../mbedtls/library/x509_crt.c:2986:12:x509_crt_check_cn	24	static
../mbedtls/library/x509_crt.c:3008:12:x509_crt_check_san	32	static
../mbedtls/library/x509_crt.c:3027:13:x509_crt_verify_name	40	static
../mbedtls/library/x509_crt.c:3065:12:x509_crt_merge_flags_with_cb	40	static
../mbedtls/library/x509_crt.c:3108:12:x509_crt_verify_restartable_ca_cb	136	static
../mbedtls/library/x509_crt.c:3196:5:mbedtls_x509_crt_verify	56	static
../mbedtls/library/x509_crt.c:3213:5:mbedtls_x509_crt_verify_with_profile	56	static
../mbedtls/library/x509_crt.c:3247:5:mbedtls_x509_crt_verify_restartable	56	static
../mbedtls/library/x509_crt.c:3266:6:mbedtls_x509_crt_init	16	static
../mbedtls/library/x509_crt.c:3274:6:mbedtls_x509_crt_free	40	static
