C:\Users\chuch\Documents\MCUXpressoIDE_11.6.1_8255\workspace\evkmimxrt1060_aws_remote_control_wifi_nxp\mbedtls\include/mbedtls/error.h:159:19:mbedtls_error_add	16	static
../mbedtls/library/x509.c:78:5:mbedtls_x509_get_serial	32	static
../mbedtls/library/x509.c:109:5:mbedtls_x509_get_alg_null	32	static
../mbedtls/library/x509.c:123:5:mbedtls_x509_get_alg	32	static
../mbedtls/library/x509.c:346:12:x509_get_attr_type_value	40	static
../mbedtls/library/x509.c:428:5:mbedtls_x509_get_name	40	static
../mbedtls/library/x509.c:481:12:x509_parse_int	16	static
../mbedtls/library/x509.c:497:12:x509_date_is_valid	16	static
../mbedtls/library/x509.c:534:12:x509_parse_time	32	static
../mbedtls/library/x509.c:599:5:mbedtls_x509_get_time	40	static
../mbedtls/library/x509.c:629:5:mbedtls_x509_get_sig	40	static
../mbedtls/library/x509.c:656:5:mbedtls_x509_get_sig_alg	32	static
../mbedtls/library/x509.c:705:5:mbedtls_x509_get_ext	32	static
../mbedtls/library/x509.c:741:5:mbedtls_x509_dn_gets	312	static
../mbedtls/library/x509.c:803:5:mbedtls_x509_serial_gets	56	static
../mbedtls/library/x509.c:837:5:mbedtls_x509_sig_alg_gets	40	static
../mbedtls/library/x509.c:882:5:mbedtls_x509_key_size_helper	40	static
../mbedtls/library/x509.c:986:5:mbedtls_x509_time_is_past	8	static
../mbedtls/library/x509.c:992:5:mbedtls_x509_time_is_future	8	static
../mbedtls/library/x509.c:1007:5:mbedtls_x509_self_test	16	static
