C:\Users\chuch\Documents\MCUXpressoIDE_11.6.1_8255\workspace\evkmimxrt1060_aws_remote_control_wifi_nxp\wifi\wifidriver\incl/mlan_main.h:2069:14:wlan_strlen	16	static
C:\Users\chuch\Documents\MCUXpressoIDE_11.6.1_8255\workspace\evkmimxrt1060_aws_remote_control_wifi_nxp\wifi\wifidriver\incl/mlan_api.h:154:27:wifi_check_bss_entry_wpa2_entp_only	16	static
../wifi/wifidriver/mlan_scan.c:104:6:is_split_scan_complete	0	static
../wifi/wifidriver/mlan_scan.c:113:6:wlan_abort_split_scan	0	static
../wifi/wifidriver/mlan_scan.c:130:13:search_oui_in_ie	32	static
../wifi/wifidriver/mlan_scan.c:168:13:is_rsn_oui_present	40	static
../wifi/wifidriver/mlan_scan.c:198:13:is_wpa_oui_present	40	static
../wifi/wifidriver/mlan_scan.c:228:14:radio_type_to_band	16	static
../wifi/wifidriver/mlan_scan.c:256:13:wlan_is_band_compatible	16	static
../wifi/wifidriver/mlan_scan.c:291:15:wlan_scan_create_channel_list	56	static
../wifi/wifidriver/mlan_scan.c:458:20:wlan_scan_channel_list	72	static
../wifi/wifidriver/mlan_scan.c:689:20:wlan_scan_setup_scan_config	112	static
../wifi/wifidriver/mlan_scan.c:1045:15:wlan_ret_802_11_scan_get_tlv_ptrs	40	static
../wifi/wifidriver/mlan_scan.c:1130:20:wlan_interpret_bss_desc_with_ie	112	static
../wifi/wifidriver/mlan_scan.c:1633:19:wlan_scan_process_results	16	static
../wifi/wifidriver/mlan_scan.c:1673:7:wlan_is_network_compatible	32	static
../wifi/wifidriver/mlan_scan.c:1918:13:wlan_scan_networks	80	static
../wifi/wifidriver/mlan_scan.c:2032:13:wlan_cmd_802_11_scan	32	static
../wifi/wifidriver/mlan_scan.c:2071:13:adjust_pointers_to_internal_buffers	8	static
../wifi/wifidriver/mlan_scan.c:2125:13:wlan_ret_802_11_scan	128	static
../wifi/wifidriver/mlan_scan.c:2737:7:wlan_find_ssid_in_list	48	static
../wifi/wifidriver/mlan_scan.c:2819:7:wlan_find_bssid_in_list	40	static
../wifi/wifidriver/mlan_scan.c:2882:7:wlan_ssid_cmp	24	static
../wifi/wifidriver/mlan_scan.c:2903:14:wlan_find_worst_network_in_list	24	static
