C:\Users\chuch\Documents\MCUXpressoIDE_11.6.1_8255\workspace\evkmimxrt1060_aws_remote_control_wifi_nxp\wifi\wifidriver\incl/mlan_main.h:2165:22:wlan_get_priv	16	static
../wifi/wifidriver/mlan_11d.c:102:20:wlan_11d_region_2_code	32	static
../wifi/wifidriver/mlan_11d.c:131:16:wlan_11d_country_index_2_string	8	static
../wifi/wifidriver/mlan_11d.c:148:20:wlan_11d_code_2_region	16	static
../wifi/wifidriver/mlan_11d.c:180:13:wlan_11d_channel_known	40	static
../wifi/wifidriver/mlan_11d.c:234:15:wlan_11d_generate_parsed_region_chan	24	static
../wifi/wifidriver/mlan_11d.c:286:20:wlan_11d_generate_domain_info	32	static
../wifi/wifidriver/mlan_11d.c:361:20:wlan_11d_update_chan_pwr_table	32	static
../wifi/wifidriver/mlan_11d.c:420:13:wlan_11d_get_chan	16	static
../wifi/wifidriver/mlan_11d.c:479:20:wlan_11d_process_country_info	200	static
../wifi/wifidriver/mlan_11d.c:556:15:wlan_11d_copy_chan_power	8	static
../wifi/wifidriver/mlan_11d.c:577:15:wlan_11d_sort_parsed_region_chan	32	static
../wifi/wifidriver/mlan_11d.c:612:20:wlan_11d_send_domain_info	32	static
../wifi/wifidriver/mlan_11d.c:641:20:wlan_11d_set_domain_info	40	static
../wifi/wifidriver/mlan_11d.c:675:8:wlan_is_station	8	static
../wifi/wifidriver/mlan_11d.c:689:8:wlan_11d_support_is_enabled	8	static
../wifi/wifidriver/mlan_11d.c:703:8:wlan_11d_is_enabled	8	static
../wifi/wifidriver/mlan_11d.c:725:7:wlan_enable_11d_support	8	static
../wifi/wifidriver/mlan_11d.c:753:7:wlan_11d_support_APIs	8	static
../wifi/wifidriver/mlan_11d.c:770:8:wlan_11d_priv_init	16	static
../wifi/wifidriver/mlan_11d.c:799:8:wlan_11d_init	16	static
../wifi/wifidriver/mlan_11d.c:822:13:wlan_cmd_802_11d_domain_info	40	static
../wifi/wifidriver/mlan_11d.c:881:13:wlan_11d_parse_domain_info	40	static
../wifi/wifidriver/mlan_11d.c:970:7:wlan_11d_chan_2_freq	24	static
../wifi/wifidriver/mlan_11d.c:1016:13:wlan_11d_set_universaltable	32	static
../wifi/wifidriver/mlan_11d.c:1091:16:wlan_11d_get_scan_type	32	static
../wifi/wifidriver/mlan_11d.c:1124:13:wlan_11d_clear_parsedtable	24	static
../wifi/wifidriver/mlan_11d.c:1153:13:wlan_11d_create_dnld_countryinfo	200	static
../wifi/wifidriver/mlan_11d.c:1265:13:wlan_11d_parse_dnld_countryinfo	360	static
../wifi/wifidriver/mlan_11d.c:1336:13:wlan_11d_prepare_dnld_domain_info_cmd	32	static
../wifi/wifidriver/mlan_11d.c:1387:13:wlan_11d_cfg_domain_info	48	static
../wifi/wifidriver/mlan_11d.c:1445:13:wlan_11d_handle_uap_domain_info	64	static
