../wifi/wifidriver/mlan_sta_cmd.c:201:20:wlan_cmd_802_11_rssi_info	16	static
../wifi/wifidriver/mlan_sta_cmd.c:235:20:wlan_cmd_mac_control	24	static
../wifi/wifidriver/mlan_sta_cmd.c:271:20:wlan_cmd_802_11_snmp_mib	24	static
../wifi/wifidriver/mlan_sta_cmd.c:342:20:wlan_cmd_802_11_get_log	8	static
../wifi/wifidriver/mlan_sta_cmd.c:361:20:wlan_cmd_tx_power_cfg	40	static
../wifi/wifidriver/mlan_sta_cmd.c:419:20:wlan_cmd_802_11_rf_tx_power	24	static
../wifi/wifidriver/mlan_sta_cmd.c:463:20:wlan_cmd_802_11_hs_cfg	24	static
../wifi/wifidriver/mlan_sta_cmd.c:509:20:wlan_cmd_802_11_mac_address	24	static
../wifi/wifidriver/mlan_sta_cmd.c:540:20:wlan_cmd_mac_multicast_adr	32	static
../wifi/wifidriver/mlan_sta_cmd.c:570:26:wlan_cmd_802_11_deauthenticate	32	static
../wifi/wifidriver/mlan_sta_cmd.c:617:20:wlan_cmd_802_11_key_material	40	static
../wifi/wifidriver/mlan_sta_cmd.c:813:20:wlan_cmd_802_11_supplicant_pmk	64	static
../wifi/wifidriver/mlan_sta_cmd.c:935:20:wlan_cmd_802_11_rf_channel	24	static
../wifi/wifidriver/mlan_sta_cmd.c:973:20:wlan_cmd_mgmt_ie_list	40	static
../wifi/wifidriver/mlan_sta_cmd.c:1037:26:wlan_cmd_reg_access	48	static
../wifi/wifidriver/mlan_sta_cmd.c:1121:13:wlan_cmd_mem_access	24	static
../wifi/wifidriver/mlan_sta_cmd.c:1147:13:wlan_cmd_auto_reconnect	24	static
../wifi/wifidriver/mlan_sta_cmd.c:1211:20:wlan_cmd_otp_user_data	32	static
../wifi/wifidriver/mlan_sta_cmd.c:1260:13:wlan_ops_sta_prepare_cmd	48	static
