C:\Users\chuch\Documents\MCUXpressoIDE_11.6.1_8255\workspace\evkmimxrt1060_aws_remote_control_wifi_nxp\wifi\wifidriver\incl/mlan_main.h:2044:14:wlan_copy_rates	24	static
C:\Users\chuch\Documents\MCUXpressoIDE_11.6.1_8255\workspace\evkmimxrt1060_aws_remote_control_wifi_nxp\wifi\wifidriver\incl/mlan_main.h:2195:12:wlan_count_priv_cond	40	static
../wifi/wifidriver/mlan_cfp.c:539:33:wlan_get_region_cfp_table	24	static
../wifi/wifidriver/mlan_cfp.c:715:7:wlan_index_to_data_rate	88	static
../wifi/wifidriver/mlan_cfp.c:880:7:wlan_get_active_data_rates	32	static
../wifi/wifidriver/mlan_cfp.c:912:6:wlan_get_txpwr_of_chan_from_cfp	32	static
../wifi/wifidriver/mlan_cfp.c:988:26:wlan_get_cfp_by_band_and_channel	32	static
../wifi/wifidriver/mlan_cfp.c:1095:26:wlan_find_cfp_by_band_and_channel	24	static
../wifi/wifidriver/mlan_cfp.c:1124:26:wlan_find_cfp_by_band_and_freq	40	static
../wifi/wifidriver/mlan_cfp.c:1224:6:wlan_is_rate_auto	16	static
../wifi/wifidriver/mlan_cfp.c:1259:5:wlan_get_rate_index	24	static
../wifi/wifidriver/mlan_cfp.c:1288:7:wlan_get_supported_rates	32	static
../wifi/wifidriver/mlan_cfp.c:1419:13:wlan_set_regiontable	32	static
../wifi/wifidriver/mlan_cfp.c:1491:8:wlan_get_cfp_radar_detect	16	static
../wifi/wifidriver/mlan_cfp.c:1542:8:wlan_bg_scan_type_is_passive	16	static
../wifi/wifidriver/mlan_cfp.c:1589:6:wlan_convert_v14_rate_ht_info	16	static
../wifi/wifidriver/mlan_cfp.c:1607:8:wlan_is_channel_valid	24	static
../wifi/wifidriver/mlan_cfp.c:1673:8:wlan_is_channel_and_freq_valid	24	static
../wifi/wifidriver/mlan_cfp.c:1762:13:wlan_set_custom_cfp_table	24	static
../wifi/wifidriver/mlan_cfp.c:1829:6:wlan_set_custom_regiontable	16	static
../wifi/wifidriver/mlan_cfp.c:1866:6:wlan_get_active_channel_list	40	static
