C:\Users\chuch\Documents\MCUXpressoIDE_11.6.1_8255\workspace\evkmimxrt1060_aws_remote_control_wifi_nxp\wifi\incl\wlcmgr/wlan_11d.h:68:19:wlan_enable_11d	8	static
../wifi/wifidriver/mlan_api.c:76:5:wifi_deauthenticate	24	static
../wifi/wifidriver/mlan_api.c:91:5:wifi_get_eeprom_data	40	static
../wifi/wifidriver/mlan_api.c:109:5:wifi_reg_access	48	static
../wifi/wifidriver/mlan_api.c:150:5:wifi_mem_access	40	static
../wifi/wifidriver/mlan_api.c:170:5:wifi_get_tsf	48	static
../wifi/wifidriver/mlan_api.c:198:5:wifi_send_rssi_info_cmd	40	static
../wifi/wifidriver/mlan_api.c:217:5:wifi_send_rf_channel_cmd	40	static
../wifi/wifidriver/mlan_api.c:240:5:wifi_send_remain_on_channel_cmd	40	static
../wifi/wifidriver/mlan_api.c:260:5:wifi_get_set_rf_tx_power	40	static
../wifi/wifidriver/mlan_api.c:278:5:wifi_get_data_rate	40	static
../wifi/wifidriver/mlan_api.c:308:5:wifi_set_pmfcfg	16	static
../wifi/wifidriver/mlan_api.c:318:5:wifi_get_pmfcfg	16	static
../wifi/wifidriver/mlan_api.c:329:5:wifi_set_packet_filters	64	static
../wifi/wifidriver/mlan_api.c:1109:5:wifi_send_scan_cmd	48	static
../wifi/wifidriver/mlan_api.c:1218:12:wifi_send_key_material_cmd	56	static
../wifi/wifidriver/mlan_api.c:1248:5:wifi_set_key	400	static
../wifi/wifidriver/mlan_api.c:1287:5:wifi_set_igtk_key	400	static
../wifi/wifidriver/mlan_api.c:1305:5:wifi_remove_key	400	static
../wifi/wifidriver/mlan_api.c:1327:12:wifi_send_rf_antenna_cmd	64	static
../wifi/wifidriver/mlan_api.c:1366:5:wifi_get_antenna	24	static
../wifi/wifidriver/mlan_api.c:1383:5:wifi_set_antenna	16	static
../wifi/wifidriver/mlan_api.c:1389:12:wifi_send_cmd_802_11_supplicant_pmk	64	static
../wifi/wifidriver/mlan_api.c:1410:5:wifi_send_add_wpa_pmk	408	static
../wifi/wifidriver/mlan_api.c:1448:5:wifi_send_get_wpa_pmk	400	static
../wifi/wifidriver/mlan_api.c:1483:5:wifi_send_add_wpa_psk	408	static
../wifi/wifidriver/mlan_api.c:1520:5:wifi_send_add_wpa3_password	408	static
../wifi/wifidriver/mlan_api.c:1553:5:wifi_send_clear_wpa_psk	400	static
../wifi/wifidriver/mlan_api.c:1581:5:wifi_send_enable_supplicant	400	static
../wifi/wifidriver/mlan_api.c:1609:5:wifi_send_disable_supplicant	392	static
../wifi/wifidriver/mlan_api.c:1621:5:wifi_set_mac_multicast_addr	240	static
../wifi/wifidriver/mlan_api.c:1650:5:wifi_get_otp_user_data	296	static
../wifi/wifidriver/mlan_api.c:1676:5:wifi_get_cal_data	32	static
../wifi/wifidriver/mlan_api.c:1700:5:wifi_get_firmware_version_ext	40	static
../wifi/wifidriver/mlan_api.c:1713:5:wifi_get_firmware_version	64	static
../wifi/wifidriver/mlan_api.c:1787:5:wifi_get_region_code	2120	static
../wifi/wifidriver/mlan_api.c:1808:5:wifi_set_region_code	2120	static
../wifi/wifidriver/mlan_api.c:1830:12:wifi_send_11d_cfg_ioctl	56	static
../wifi/wifidriver/mlan_api.c:1850:5:wifi_set_domain_params	288	static
../wifi/wifidriver/mlan_api.c:1888:5:wifi_enable_11d_support	16	static
../wifi/wifidriver/mlan_api.c:1899:5:wifi_enable_11d_support_APIs	16	static
../wifi/wifidriver/mlan_api.c:1906:22:get_sub_band_from_country	16	static
../wifi/wifidriver/mlan_api.c:1939:29:get_sub_band_from_region_code	16	static
../wifi/wifidriver/mlan_api.c:1968:29:get_sub_band_from_country_5ghz	16	static
../wifi/wifidriver/mlan_api.c:2010:29:get_sub_band_from_region_code_5ghz	16	static
../wifi/wifidriver/mlan_api.c:2050:6:wifi_11d_is_channel_allowed	32	static
../wifi/wifidriver/mlan_api.c:2113:13:wifi_get_country_str	8	static
../wifi/wifidriver/mlan_api.c:2161:22:get_11d_domain_params	24	static
../wifi/wifidriver/mlan_api.c:2173:16:wifi_get_country	0	static
../wifi/wifidriver/mlan_api.c:2178:5:wifi_set_country	32	static
../wifi/wifidriver/mlan_api.c:2208:5:wifi_enable_ecsa_support	8	static
../wifi/wifidriver/mlan_api.c:2213:6:wifi_is_ecsa_enabled	0	static
../wifi/wifidriver/mlan_api.c:2218:12:get_free_mgmt_ie_index	0	static
../wifi/wifidriver/mlan_api.c:2242:13:set_ie_index	8	static
../wifi/wifidriver/mlan_api.c:2247:13:clear_ie_index	8	static
../wifi/wifidriver/mlan_api.c:2296:12:wifi_config_mgmt_ie	56	static
../wifi/wifidriver/mlan_api.c:2435:5:wifi_get_mgmt_ie	32	static
../wifi/wifidriver/mlan_api.c:2440:5:wifi_set_mgmt_ie	40	static
../wifi/wifidriver/mlan_api.c:2447:5:wifi_clear_mgmt_ie	32	static
../wifi/wifidriver/mlan_api.c:2477:5:wifi_set_chanlist	32	static
../wifi/wifidriver/mlan_api.c:2529:5:wifi_get_chanlist	40	static
../wifi/wifidriver/mlan_api.c:2576:6:wifi_get_active_channel_list	16	static
../wifi/wifidriver/mlan_api.c:2584:5:wifi_set_txpwrlimit	40	static
../wifi/wifidriver/mlan_api.c:2625:5:wifi_get_txpwrlimit	32	static
../wifi/wifidriver/mlan_api.c:2649:6:wifi_set_curr_bss_channel	16	static
../wifi/wifidriver/mlan_api.c:2686:5:wifi_set_ed_mac_mode	32	static
../wifi/wifidriver/mlan_api.c:2726:5:wifi_get_ed_mac_mode	24	static
../wifi/wifidriver/mlan_api.c:2755:5:wifi_set_smart_mode_cfg	72	static
../wifi/wifidriver/mlan_api.c:2860:5:wifi_get_smart_mode_cfg	24	static
../wifi/wifidriver/mlan_api.c:2879:5:wifi_start_smart_mode	24	static
../wifi/wifidriver/mlan_api.c:2898:5:wifi_stop_smart_mode	24	static
../wifi/wifidriver/mlan_api.c:2919:5:wifi_send_hostcmd	32	static
../wifi/wifidriver/mlan_api.c:2962:5:wifi_set_eu_crypto	32	static
