C:\Users\chuch\Documents\MCUXpressoIDE_11.6.1_8255\workspace\evkmimxrt1060_aws_remote_control_wifi_nxp\wifi\wifidriver\incl/mlan_main.h:2165:22:wlan_get_priv	16	static
../wifi/wifidriver/mlan_glue.c:157:14:wifi_11n_save_request	24	static
../wifi/wifidriver/mlan_glue.c:171:6:wrapper_deliver_amsdu_subframe	32	static
../wifi/wifidriver/mlan_glue.c:178:20:wrapper_moal_recv_packet	24	static
../wifi/wifidriver/mlan_glue.c:201:20:wrapper_moal_init_timer	48	static
../wifi/wifidriver/mlan_glue.c:239:20:wrapper_moal_start_timer	32	static
../wifi/wifidriver/mlan_glue.c:272:20:wrapper_moal_stop_timer	24	static
../wifi/wifidriver/mlan_glue.c:287:20:wrapper_moal_free_timer	24	static
../wifi/wifidriver/mlan_glue.c:301:20:wrapper_moal_init_lock	8	static
../wifi/wifidriver/mlan_glue.c:310:20:wrapper_moal_free_lock	8	static
../wifi/wifidriver/mlan_glue.c:319:20:wrapper_moal_spin_lock	8	static
../wifi/wifidriver/mlan_glue.c:328:20:wrapper_moal_spin_unlock	8	static
../wifi/wifidriver/mlan_glue.c:351:5:mlan_subsys_init	8	static
../wifi/wifidriver/mlan_glue.c:390:5:mlan_subsys_deinit	8	static
../wifi/wifidriver/mlan_glue.c:403:5:wrapper_wlan_cmd_11n_addba_rspgen	24	static
../wifi/wifidriver/mlan_glue.c:435:5:wrapper_wlan_cmd_11n_ba_stream_timeout	24	static
../wifi/wifidriver/mlan_glue.c:446:5:wrapper_wlan_cmd_11n_delba_rspgen	24	static
../wifi/wifidriver/mlan_glue.c:466:12:wlan_find_ampud_info	24	static
../wifi/wifidriver/mlan_glue.c:482:13:wlan_update_uap_ampdu_stat	24	static
../wifi/wifidriver/mlan_glue.c:495:13:wlan_update_uap_ampdu_supported	24	static
../wifi/wifidriver/mlan_glue.c:508:13:wlan_update_uap_ampdu_info	32	static
../wifi/wifidriver/mlan_glue.c:551:13:wrapper_wlan_upa_ampdu_enable	24	static
../wifi/wifidriver/mlan_glue.c:571:20:do_wlan_ret_11n_addba_resp	32	static
../wifi/wifidriver/mlan_glue.c:592:20:do_wlan_ret_11n_addba_req	24	static
../wifi/wifidriver/mlan_glue.c:636:20:do_wlan_ret_11n_delba	24	static
../wifi/wifidriver/mlan_glue.c:662:13:wlan_is_ampdu_allowed	8	static
../wifi/wifidriver/mlan_glue.c:671:13:wrapper_wlan_sta_ampdu_enable	24	static
../wifi/wifidriver/mlan_glue.c:718:5:wrapper_wlan_11d_enable	32	static
../wifi/wifidriver/mlan_glue.c:735:5:wrapper_wlan_ecsa_enable	32	static
../wifi/wifidriver/mlan_glue.c:759:5:wrapper_wlan_cmd_get_hw_spec	16	static
../wifi/wifidriver/mlan_glue.c:771:13:wrapper_wlan_cmd_mgmt_ie	1176	static
../wifi/wifidriver/mlan_glue.c:796:5:wrapper_wlan_handle_rx_packet	32	static
../wifi/wifidriver/mlan_glue.c:896:5:wrapper_wlan_handle_amsdu_rx_packet	32	static
../wifi/wifidriver/mlan_glue.c:975:6:wrapper_wlan_cmd_11n_cfg	24	static
../wifi/wifidriver/mlan_glue.c:991:6:set_event_chanswann	0	static
../wifi/wifidriver/mlan_glue.c:996:6:clear_event_chanswann	0	static
../wifi/wifidriver/mlan_glue.c:1001:6:wrapper_wlan_11d_clear_parsedtable	16	static
../wifi/wifidriver/mlan_glue.c:1020:6:wrapper_clear_media_connected_event	8	static
../wifi/wifidriver/mlan_glue.c:1026:13:wifi_prepare_and_send_cmd	56	static
../wifi/wifidriver/mlan_glue.c:1073:6:wmsdk_is_11N_enabled	0	static
../wifi/wifidriver/mlan_glue.c:1078:18:wifi_send_bss_ioctl	56	static
../wifi/wifidriver/mlan_glue.c:1098:5:wrapper_get_wpa_ie_in_assoc	24	static
../wifi/wifidriver/mlan_glue.c:1108:12:wifi_send_11n_cfg_ioctl	56	static
../wifi/wifidriver/mlan_glue.c:1129:12:wifi_send_uap_11n_cfg_ioctl	56	static
../wifi/wifidriver/mlan_glue.c:1150:5:wifi_set_htcapinfo	40	static
../wifi/wifidriver/mlan_glue.c:1167:5:wifi_set_httxcfg	40	static
../wifi/wifidriver/mlan_glue.c:1184:5:wifi_uap_set_httxcfg_int	40	static
../wifi/wifidriver/mlan_glue.c:1201:12:wifi_send_tx_power_cfg_ioctl	56	static
../wifi/wifidriver/mlan_glue.c:1222:5:wifi_set_tx_power	536	static
../wifi/wifidriver/mlan_glue.c:1235:5:wifi_set_tx_power_ext	536	static
../wifi/wifidriver/mlan_glue.c:1248:5:wifi_get_tx_power	576	static
../wifi/wifidriver/mlan_glue.c:1271:12:wifi_send_tx_rate_cfg_ioctl	56	static
../wifi/wifidriver/mlan_glue.c:1300:5:wifi_set_txratecfg	64	static
../wifi/wifidriver/mlan_glue.c:1333:5:wifi_get_txratecfg	80	static
../wifi/wifidriver/mlan_glue.c:1357:6:wrapper_wlan_11d_support_is_enabled	16	static
../wifi/wifidriver/mlan_glue.c:1367:5:wrapper_wifi_assoc	1120	static
../wifi/wifidriver/mlan_glue.c:1496:13:compute_rssi_values	8	static
../wifi/wifidriver/mlan_glue.c:1517:13:wifi_set_hostcmd_resp	24	static
../wifi/wifidriver/mlan_glue.c:1538:13:load_bss_list	40	static
../wifi/wifidriver/mlan_glue.c:1592:13:load_ver_ext	24	static
../wifi/wifidriver/mlan_glue.c:1608:5:wifi_process_cmd_response	248	static
../wifi/wifidriver/mlan_glue.c:2605:14:wlan_get_specific_ie	32	static
../wifi/wifidriver/mlan_glue.c:2657:13:wrapper_wlan_check_sta_capability	72	static
../wifi/wifidriver/mlan_glue.c:2792:13:wrapper_wlan_check_uap_capability	24	static
../wifi/wifidriver/mlan_glue.c:2874:5:wifi_handle_fw_event	64	static
../wifi/wifidriver/mlan_glue.c:3220:22:process_rsn_ie	40	static
../wifi/wifidriver/mlan_glue.c:3349:22:process_wpa_ie	32	static
../wifi/wifidriver/mlan_glue.c:3405:5:wrapper_bssdesc_first_set	40	static
../wifi/wifidriver/mlan_glue.c:3490:5:wrapper_bssdesc_second_set	32	static
../wifi/wifidriver/mlan_glue.c:3563:5:wifi_get_scan_result_count	8	static
../wifi/wifidriver/mlan_glue.c:3574:5:wrapper_wlan_set_regiontable	24	static
../wifi/wifidriver/mlan_glue.c:3589:6:wifi_scan_process_results	16	static
../wifi/wifidriver/mlan_glue.c:3602:6:check_for_wpa2_entp_ie	32	static
../wifi/wifidriver/mlan_glue.c:3649:6:wifi_get_value1_from_cmdresp	8	static
../wifi/wifidriver/mlan_glue.c:3660:6:wifi_get_mac_address_from_cmdresp	16	static
../wifi/wifidriver/mlan_glue.c:3665:6:wifi_get_firmware_ver_ext_from_cmdresp	32	static
../wifi/wifidriver/mlan_glue.c:3707:6:wifi_prepare_set_cal_data_cmd	16	static
../wifi/wifidriver/mlan_glue.c:3730:6:wifi_prepare_get_hw_spec_cmd	8	static
../wifi/wifidriver/mlan_glue.c:3738:6:wifi_prepare_reconfigure_tx_buf_cmd	8	static
../wifi/wifidriver/mlan_glue.c:3752:6:wifi_prepare_get_mac_addr_cmd	8	static
../wifi/wifidriver/mlan_glue.c:3761:6:wifi_prepare_get_fw_ver_ext_cmd	16	static
../wifi/wifidriver/mlan_glue.c:3770:6:wifi_prepare_get_value1	8	static
../wifi/wifidriver/mlan_glue.c:3782:6:wifi_prepare_set_mac_addr_cmd	16	static
../wifi/wifidriver/mlan_glue.c:3793:6:wifi_prepare_enable_amsdu_cmd	8	static
../wifi/wifidriver/mlan_glue.c:3818:6:wlan_prepare_mac_control_cmd	8	static
../wifi/wifidriver/mlan_glue.c:3831:6:wifi_set_cal_data	8	static
../wifi/wifidriver/mlan_glue.c:3838:6:wifi_set_mac_addr	8	static
../wifi/wifidriver/mlan_glue.c:3844:6:_wifi_set_mac_addr	40	static
