../wifi/wifidriver/mlan_sta_ioctl.c:48:20:wlan_bss_ioctl_start	40	static
../wifi/wifidriver/mlan_sta_ioctl.c:136:20:wlan_bss_ioctl	24	static
../wifi/wifidriver/mlan_sta_ioctl.c:178:20:wlan_rate_ioctl	24	static
../wifi/wifidriver/mlan_sta_ioctl.c:218:20:wlan_power_ioctl_get_power	40	static
../wifi/wifidriver/mlan_sta_ioctl.c:247:20:wlan_power_ioctl_set_power	64	static
../wifi/wifidriver/mlan_sta_ioctl.c:355:12:wlan_get_modulation_class	8	static
../wifi/wifidriver/mlan_sta_ioctl.c:390:20:wlan_power_ioctl_set_power_ext	80	static
../wifi/wifidriver/mlan_sta_ioctl.c:511:20:wlan_power_ioctl	24	static
../wifi/wifidriver/mlan_sta_ioctl.c:567:6:wlan_get_random_charactor	24	static
../wifi/wifidriver/mlan_sta_ioctl.c:596:20:wlan_sec_ioctl_set_wep_key	48	static
../wifi/wifidriver/mlan_sta_ioctl.c:796:20:wlan_sec_ioctl_set_wpa_key	40	static
../wifi/wifidriver/mlan_sta_ioctl.c:839:20:wlan_sec_ioctl_encrypt_key	24	static
../wifi/wifidriver/mlan_sta_ioctl.c:874:20:wlan_sec_ioctl_passphrase	40	static
../wifi/wifidriver/mlan_sta_ioctl.c:933:20:wlan_sec_ioctl_password	40	static
../wifi/wifidriver/mlan_sta_ioctl.c:993:20:wlan_sec_cfg_ioctl	24	static
../wifi/wifidriver/mlan_sta_ioctl.c:1039:13:wlan_11d_cfg_ioctl	32	static
../wifi/wifidriver/mlan_sta_ioctl.c:1086:26:wlan_misc_ioctl_region	32	static
../wifi/wifidriver/mlan_sta_ioctl.c:1155:20:wlan_misc_cfg_ioctl	24	static
../wifi/wifidriver/mlan_sta_ioctl.c:1208:13:wlan_ops_sta_ioctl	32	static
