../wifi/wifidriver/mlan_11ac.c:147:13:wlan_get_nss_vht_mcs	16	static
../wifi/wifidriver/mlan_11ac.c:168:13:wlan_get_nss_num_vht_mcs	16	static
../wifi/wifidriver/mlan_11ac.c:191:13:wlan_fill_cap_info	24	static
../wifi/wifidriver/mlan_11ac.c:227:13:wlan_11ac_ioctl_vhtcfg	64	static
../wifi/wifidriver/mlan_11ac.c:617:7:wlan_convert_mcsmap_to_maxrate	232	static
../wifi/wifidriver/mlan_11ac.c:757:6:wlan_fill_vht_cap_tlv	48	static
../wifi/wifidriver/mlan_11ac.c:882:5:wlan_cmd_append_11ac_tlv	48	static
../wifi/wifidriver/mlan_11ac.c:1038:13:wlan_cmd_11ac_cfg	32	static
../wifi/wifidriver/mlan_11ac.c:1141:6:wlan_11ac_bandconfig_allowed	8	static
