C:\Users\chuch\Documents\MCUXpressoIDE_11.6.1_8255\workspace\evkmimxrt1060_aws_remote_control_wifi_nxp\wifi\wifidriver\incl/mlan_util.h:51:22:util_init_list	8	static
C:\Users\chuch\Documents\MCUXpressoIDE_11.6.1_8255\workspace\evkmimxrt1060_aws_remote_control_wifi_nxp\wifi\wifidriver\incl/mlan_util.h:111:33:util_peek_list	32	static
C:\Users\chuch\Documents\MCUXpressoIDE_11.6.1_8255\workspace\evkmimxrt1060_aws_remote_control_wifi_nxp\wifi\wifidriver\incl/mlan_util.h:209:22:util_unlink_list	32	static
../wifi/wifidriver/mlan_11n.c:49:20:wlan_11n_ioctl_htusrcfg	24	static
../wifi/wifidriver/mlan_11n.c:122:20:wlan_11n_ioctl_httxcfg	40	static
../wifi/wifidriver/mlan_11n.c:163:12:wlan_is_txbastreamptr_valid	24	static
../wifi/wifidriver/mlan_11n.c:205:13:wlan_fill_cap_info	24	static
../wifi/wifidriver/mlan_11n.c:327:6:wlan_fill_ht_cap_tlv	40	static
../wifi/wifidriver/mlan_11n.c:385:6:wlan_show_dot11ndevcap	8	static
../wifi/wifidriver/mlan_11n.c:449:6:wlan_show_devmcssupport	8	static
../wifi/wifidriver/mlan_11n.c:470:13:wlan_cmd_recfg_tx_buf	24	static
../wifi/wifidriver/mlan_11n.c:505:13:wlan_cmd_amsdu_aggr_ctrl	32	static
../wifi/wifidriver/mlan_11n.c:540:13:wlan_ret_amsdu_aggr_ctrl	24	static
../wifi/wifidriver/mlan_11n.c:569:13:wlan_cmd_11n_cfg	24	static
../wifi/wifidriver/mlan_11n.c:597:13:wlan_ret_11n_cfg	24	static
../wifi/wifidriver/mlan_11n.c:624:12:wlan_check_chan_width_ht40_by_region	24	static
../wifi/wifidriver/mlan_11n.c:699:7:wlan_cmd_append_11n_tlv	64	static
../wifi/wifidriver/mlan_11n.c:921:13:wlan_11n_cfg_ioctl	24	static
../wifi/wifidriver/mlan_11n.c:963:6:wlan_11n_delete_txbastream_tbl_entry	32	static
../wifi/wifidriver/mlan_11n.c:995:6:wlan_11n_deleteall_txbastream_tbl	24	static
../wifi/wifidriver/mlan_11n.c:1030:16:wlan_11n_get_txbastream_tbl	32	static
../wifi/wifidriver/mlan_11n.c:1073:5:wlan_send_addba	64	static
../wifi/wifidriver/mlan_11n.c:1123:6:wlan_11n_delete_bastream	32	static
