C:\Users\chuch\Documents\MCUXpressoIDE_11.6.1_8255\workspace\evkmimxrt1060_aws_remote_control_wifi_nxp\wifi\wifidriver\incl/mlan_util.h:51:22:util_init_list	8	static
C:\Users\chuch\Documents\MCUXpressoIDE_11.6.1_8255\workspace\evkmimxrt1060_aws_remote_control_wifi_nxp\wifi\wifidriver\incl/mlan_util.h:111:33:util_peek_list	32	static
C:\Users\chuch\Documents\MCUXpressoIDE_11.6.1_8255\workspace\evkmimxrt1060_aws_remote_control_wifi_nxp\wifi\wifidriver\incl/mlan_util.h:143:22:util_enqueue_list_tail	32	static
C:\Users\chuch\Documents\MCUXpressoIDE_11.6.1_8255\workspace\evkmimxrt1060_aws_remote_control_wifi_nxp\wifi\wifidriver\incl/mlan_util.h:209:22:util_unlink_list	32	static
C:\Users\chuch\Documents\MCUXpressoIDE_11.6.1_8255\workspace\evkmimxrt1060_aws_remote_control_wifi_nxp\wifi\wifidriver\incl/mlan_main.h:2019:13:queuing_ra_based	8	static
../wifi/wifidriver/mlan_11n_rxreorder.c:43:20:wlan_11n_dispatch_amsdu_pkt	24	static
../wifi/wifidriver/mlan_11n_rxreorder.c:70:20:wlan_11n_dispatch_pkt	24	static
../wifi/wifidriver/mlan_11n_rxreorder.c:99:13:mlan_11n_rxreorder_timer_restart	16	static
../wifi/wifidriver/mlan_11n_rxreorder.c:124:20:wlan_11n_dispatch_pkt_until_start_win	56	static
../wifi/wifidriver/mlan_11n_rxreorder.c:182:15:wlan_11n_display_tbl_ptr	8	static
../wifi/wifidriver/mlan_11n_rxreorder.c:201:20:wlan_11n_scan_and_dispatch	48	static
../wifi/wifidriver/mlan_11n_rxreorder.c:257:15:wlan_11n_delete_rxreorder_tbl_entry	32	static
../wifi/wifidriver/mlan_11n_rxreorder.c:299:14:wlan_11n_find_last_seqnum	16	static
../wifi/wifidriver/mlan_11n_rxreorder.c:323:15:wlan_flush_data	24	static
../wifi/wifidriver/mlan_11n_rxreorder.c:370:15:wlan_11n_create_rxreorder_tbl	48	static
../wifi/wifidriver/mlan_11n_rxreorder.c:468:15:wlan_11n_get_rxreorder_tbl	32	static
../wifi/wifidriver/mlan_11n_rxreorder.c:507:13:wlan_cmd_11n_addba_req	32	static
../wifi/wifidriver/mlan_11n_rxreorder.c:535:13:wlan_cmd_11n_addba_rspgen	48	static
../wifi/wifidriver/mlan_11n_rxreorder.c:599:13:wlan_cmd_11n_uap_addba_rspgen	32	static
../wifi/wifidriver/mlan_11n_rxreorder.c:642:13:wlan_cmd_11n_delba	32	static
../wifi/wifidriver/mlan_11n_rxreorder.c:672:13:mlan_11n_rxreorder_pkt	80	static
../wifi/wifidriver/mlan_11n_rxreorder.c:900:6:mlan_11n_delete_bastream_tbl	40	static
../wifi/wifidriver/mlan_11n_rxreorder.c:958:13:wlan_ret_11n_addba_resp	32	static
../wifi/wifidriver/mlan_11n_rxreorder.c:1019:6:wlan_11n_ba_stream_timeout	40	static
../wifi/wifidriver/mlan_11n_rxreorder.c:1046:6:wlan_11n_cleanup_reorder_tbl	24	static
../wifi/wifidriver/mlan_11n_rxreorder.c:1072:6:wlan_cleanup_reorder_tbl	24	static
../wifi/wifidriver/mlan_11n_rxreorder.c:1096:13:wlan_set_rxreorder_tbl_no_drop_flag	24	static
../wifi/wifidriver/mlan_11n_rxreorder.c:1127:6:wlan_update_rxreorder_tbl	24	static
