C:\Users\chuch\Documents\MCUXpressoIDE_11.6.1_8255\workspace\evkmimxrt1060_aws_remote_control_wifi_nxp\wifi\incl\port\os/wm_os.h:390:29:os_enter_critical_section	8	static
C:\Users\chuch\Documents\MCUXpressoIDE_11.6.1_8255\workspace\evkmimxrt1060_aws_remote_control_wifi_nxp\wifi\incl\port\os/wm_os.h:396:20:os_exit_critical_section	16	static
../wifi/wifidriver/wifi.c:105:10:wifi_get_last_cmd_sent_ms	0	static
../wifi/wifidriver/wifi.c:110:10:wifi_get_value1	8	static
../wifi/wifidriver/wifi.c:116:6:wifi_wake_up_card	16	static
../wifi/wifidriver/wifi.c:132:6:wifi_get_xfer_pending	0	static
../wifi/wifidriver/wifi.c:139:6:wifi_set_xfer_pending	8	static
../wifi/wifidriver/wifi.c:144:6:wifi_update_last_cmd_sent_ms	8	static
../wifi/wifidriver/wifi.c:149:12:wifi_get_command_resp_sem	16	static
../wifi/wifidriver/wifi.c:154:12:wifi_put_command_resp_sem	8	static
../wifi/wifidriver/wifi.c:161:5:wifi_get_command_lock	16	static
../wifi/wifidriver/wifi.c:170:12:wifi_get_mcastf_lock	8	static
../wifi/wifidriver/wifi.c:175:12:wifi_put_mcastf_lock	8	static
../wifi/wifidriver/wifi.c:180:5:wifi_put_command_lock	16	static
../wifi/wifidriver/wifi.c:834:5:wifi_wait_for_cmdresp	32	static
../wifi/wifidriver/wifi.c:939:5:wifi_event_completion	24	static
../wifi/wifidriver/wifi.c:959:12:cmp_mac_addr	16	static
../wifi/wifidriver/wifi.c:978:12:add_mcast_ip	24	static
../wifi/wifidriver/wifi.c:1020:12:remove_mcast_ip	24	static
../wifi/wifidriver/wifi.c:1063:12:make_filter_list	24	static
../wifi/wifidriver/wifi.c:1084:6:wifi_get_ipv4_multicast_mac	24	static
../wifi/wifidriver/wifi.c:1135:5:wifi_add_mcast_filter	216	static
../wifi/wifidriver/wifi.c:1159:5:wifi_remove_mcast_filter	216	static
../wifi/wifidriver/wifi.c:1215:5:wifi_get_scan_result	72	static
../wifi/wifidriver/wifi.c:1246:5:wifi_register_event_queue	8	static
../wifi/wifidriver/wifi.c:1262:5:wifi_unregister_event_queue	8	static
../wifi/wifidriver/wifi.c:1274:5:wifi_get_wpa_ie_in_assoc	16	static
../wifi/wifidriver/wifi.c:1281:13:wifi_driver_main_loop	32	static
../wifi/wifidriver/wifi.c:1325:13:wifi_core_input	24	static
../wifi/wifidriver/wifi.c:1367:12:wifi_core_init	24	static
../wifi/wifidriver/wifi.c:1479:13:wifi_core_deinit	8	static
../wifi/wifidriver/wifi.c:1547:5:wifi_init	24	static
../wifi/wifidriver/wifi.c:1599:5:wifi_init_fcc	24	static
../wifi/wifidriver/wifi.c:1647:6:wifi_deinit	8	static
../wifi/wifidriver/wifi.c:1659:6:wifi_set_packet_retry_count	8	static
../wifi/wifidriver/wifi.c:1664:6:wifi_sta_ampdu_tx_enable	0	static
../wifi/wifidriver/wifi.c:1669:6:wifi_sta_ampdu_tx_disable	0	static
../wifi/wifidriver/wifi.c:1674:6:wifi_sta_ampdu_rx_enable	0	static
../wifi/wifidriver/wifi.c:1679:6:wifi_sta_ampdu_rx_disable	0	static
../wifi/wifidriver/wifi.c:1684:5:wifi_register_data_input_callback	8	static
../wifi/wifidriver/wifi.c:1711:6:wifi_deregister_data_input_callback	0	static
../wifi/wifidriver/wifi.c:1716:5:wifi_register_amsdu_data_input_callback	8	static
../wifi/wifidriver/wifi.c:1730:6:wifi_deregister_amsdu_data_input_callback	0	static
../wifi/wifidriver/wifi.c:1735:5:wifi_register_deliver_packet_above_callback	8	static
../wifi/wifidriver/wifi.c:1748:6:wifi_deregister_deliver_packet_above_callback	0	static
../wifi/wifidriver/wifi.c:1753:5:wifi_register_wrapper_net_is_ip_or_ipv6_callback	8	static
../wifi/wifidriver/wifi.c:1765:6:wifi_deregister_wrapper_net_is_ip_or_ipv6_callback	0	static
../wifi/wifidriver/wifi.c:1770:12:wifi_low_level_input	16	static
../wifi/wifidriver/wifi.c:1955:5:wifi_low_level_output	40	static
../wifi/wifidriver/wifi.c:2119:10:wifi_get_outbuf	16	static
