../wifi/wifidriver/wifi_pwrmgr.c:39:13:wifi_set_ps_cfg	24	static
../wifi/wifidriver/wifi_pwrmgr.c:55:6:wifi_configure_null_pkt_interval	16	static
../wifi/wifidriver/wifi_pwrmgr.c:61:6:wifi_configure_listen_interval	32	static
../wifi/wifidriver/wifi_pwrmgr.c:72:5:wifi_send_hs_cfg_cmd	72	static
../wifi/wifidriver/wifi_pwrmgr.c:157:12:wifi_send_power_save_command	40	static
../wifi/wifidriver/wifi_pwrmgr.c:180:5:wifi_enter_ieee_power_save	8	static
../wifi/wifidriver/wifi_pwrmgr.c:185:5:wifi_exit_ieee_power_save	8	static
../wifi/wifidriver/wifi_pwrmgr.c:190:5:wifi_enter_deepsleep_power_save	16	static
../wifi/wifidriver/wifi_pwrmgr.c:201:5:wifi_exit_deepsleep_power_save	16	static
../wifi/wifidriver/wifi_pwrmgr.c:207:5:wifi_uap_ps_inactivity_sleep_enter	56	static
../wifi/wifidriver/wifi_pwrmgr.c:231:5:wifi_uap_ps_inactivity_sleep_exit	16	static
../wifi/wifidriver/wifi_pwrmgr.c:236:6:send_sleep_confirm_command	24	static
../wifi/wifidriver/wifi_pwrmgr.c:272:6:wifi_process_hs_cfg_resp	24	static
../wifi/wifidriver/wifi_pwrmgr.c:287:24:wifi_process_ps_enh_response	40	static
