../wifi/wifidriver/wifi-uap.c:265:5:wifi_uap_prepare_and_send_cmd	48	static
../wifi/wifidriver/wifi-uap.c:292:5:wifi_uap_set_country	32	static
../wifi/wifidriver/wifi-uap.c:336:5:wifi_uap_downld_domain_params	32	static
../wifi/wifidriver/wifi-uap.c:362:12:wifi_cmd_uap_config	1200	static
../wifi/wifidriver/wifi-uap.c:617:29:get_11d_uap_domain_params	16	static
../wifi/wifidriver/wifi-uap.c:643:5:wifi_uap_set_domain_params	40	static
../wifi/wifidriver/wifi-uap.c:694:5:wifi_uap_set_params	16	static
../wifi/wifidriver/wifi-uap.c:710:5:wifi_uap_enable_11d_support	8	static
../wifi/wifidriver/wifi-uap.c:720:5:wifi_uap_enable_11d	32	static
../wifi/wifidriver/wifi-uap.c:729:5:wifi_uap_ctrl_deauth	40	static
../wifi/wifidriver/wifi-uap.c:736:6:wifi_uap_set_beacon_period	8	static
../wifi/wifidriver/wifi-uap.c:741:5:wifi_uap_set_bandwidth	8	static
../wifi/wifidriver/wifi-uap.c:755:6:wifi_uap_set_hidden_ssid	8	static
../wifi/wifidriver/wifi-uap.c:760:6:wifi_uap_set_ecsa	0	static
../wifi/wifidriver/wifi-uap.c:767:6:wifi_uap_set_htcapinfo	8	static
../wifi/wifidriver/wifi-uap.c:772:6:wifi_uap_set_httxcfg	8	static
../wifi/wifidriver/wifi-uap.c:779:5:wifi_uap_start	240	static
../wifi/wifidriver/wifi-uap.c:850:5:wifi_uap_bss_sta_list	40	static
../wifi/wifidriver/wifi-uap.c:867:5:wifi_uap_stop	40	static
../wifi/wifidriver/wifi-uap.c:983:6:wifi_uap_handle_cmd_resp	96	static
../wifi/wifidriver/wifi-uap.c:1132:5:wifi_uap_rates_getset	40	static
../wifi/wifidriver/wifi-uap.c:1174:5:wifi_uap_mcbc_rate_getset	40	static
../wifi/wifidriver/wifi-uap.c:1212:5:wifi_uap_tx_power_getset	40	static
../wifi/wifidriver/wifi-uap.c:1249:5:wifi_uap_sta_ageout_timer_getset	40	static
../wifi/wifidriver/wifi-uap.c:1286:5:wifi_uap_ps_sta_ageout_timer_getset	40	static
../wifi/wifidriver/wifi-uap.c:1323:5:wifi_uap_group_rekey_timer_getset	40	static
../wifi/wifidriver/wifi-uap.c:1361:12:wifi_send_uap_get_channel_cmd	48	static
../wifi/wifidriver/wifi-uap.c:1383:12:wifi_send_uap_max_sta_num_cmd	48	static
../wifi/wifidriver/wifi-uap.c:1414:5:wifi_get_uap_max_clients	16	static
../wifi/wifidriver/wifi-uap.c:1419:5:wifi_set_uap_max_clients	16	static
../wifi/wifidriver/wifi-uap.c:1429:5:wifi_get_uap_channel	16	static
../wifi/wifidriver/wifi-uap.c:1434:12:wifi_uap_pmf_getset	40	static
