C:\Users\chuch\Documents\MCUXpressoIDE_11.6.1_8255\workspace\evkmimxrt1060_aws_remote_control_wifi_nxp\wifi\incl\port\os/wm_os.h:390:29:os_enter_critical_section	8	static
C:\Users\chuch\Documents\MCUXpressoIDE_11.6.1_8255\workspace\evkmimxrt1060_aws_remote_control_wifi_nxp\wifi\incl\port\os/wm_os.h:396:20:os_exit_critical_section	16	static
../wifi/wifidriver/wifi-sdio.c:78:5:wifi_sdio_lock	8	static
../wifi/wifidriver/wifi-sdio.c:83:6:wifi_sdio_unlock	8	static
../wifi/wifidriver/wifi-sdio.c:88:10:wifi_get_device_value1	0	static
../wifi/wifidriver/wifi-sdio.c:93:5:wifi_get_device_mac_addr	16	static
../wifi/wifidriver/wifi-sdio.c:99:5:wifi_get_device_firmware_version_ext	16	static
../wifi/wifidriver/wifi-sdio.c:106:12:wlan_init_struct	16	static
../wifi/wifidriver/wifi-sdio.c:119:12:wlan_deinit_struct	24	static
../wifi/wifidriver/wifi-sdio.c:141:5:raw_process_pkt_hdrs	32	static
../wifi/wifidriver/wifi-sdio.c:168:6:process_pkt_hdrs	32	static
../wifi/wifidriver/wifi-sdio.c:201:5:bus_register_event_queue	8	static
../wifi/wifidriver/wifi-sdio.c:213:6:bus_deregister_event_queue	0	static
../wifi/wifidriver/wifi-sdio.c:221:5:bus_register_data_input_function	8	static
../wifi/wifidriver/wifi-sdio.c:235:6:bus_deregister_data_input_funtion	0	static
../wifi/wifidriver/wifi-sdio.c:244:20:wlan_handle_cmd_resp_packet	24	static
../wifi/wifidriver/wifi-sdio.c:335:20:wlan_decode_rx_packet	40	static
../wifi/wifidriver/wifi-sdio.c:399:14:wlan_read_rcv_packet	56	static
../wifi/wifidriver/wifi-sdio.c:492:12:wlan_get_next_seq_num	0	static
../wifi/wifidriver/wifi-sdio.c:499:13:_wlan_set_cal_data	32	static
../wifi/wifidriver/wifi-sdio.c:524:13:_wlan_reconfigure_tx_buffers	32	static
../wifi/wifidriver/wifi-sdio.c:573:13:wlan_get_hw_spec	32	static
../wifi/wifidriver/wifi-sdio.c:593:13:wlan_get_mac_addr	32	static
../wifi/wifidriver/wifi-sdio.c:617:13:wlan_get_fw_ver_ext	40	static
../wifi/wifidriver/wifi-sdio.c:642:13:wlan_get_value_1	32	static
../wifi/wifidriver/wifi-sdio.c:665:13:_wlan_set_mac_addr	32	static
../wifi/wifidriver/wifi-sdio.c:688:13:wlan_set_11n_cfg	32	static
../wifi/wifidriver/wifi-sdio.c:708:13:wlan_enable_amsdu	32	static
../wifi/wifidriver/wifi-sdio.c:730:13:wlan_cmd_shutdown	32	static
../wifi/wifidriver/wifi-sdio.c:752:13:wlan_set_mac_ctrl	32	static
../wifi/wifidriver/wifi-sdio.c:775:13:wlan_cmd_init	32	static
../wifi/wifidriver/wifi-sdio.c:824:13:wlan_fw_init_cfg	8	static
../wifi/wifidriver/wifi-sdio.c:999:5:wlan_send_sdio_cmd	40	static
../wifi/wifidriver/wifi-sdio.c:1026:5:wifi_send_cmdbuffer	16	static
../wifi/wifidriver/wifi-sdio.c:1125:13:wlan_xmit_pkt	40	static
../wifi/wifidriver/wifi-sdio.c:1197:8:wlan_interrupt	40	static
../wifi/wifidriver/wifi-sdio.c:1261:20:wlan_get_rd_port	64	static
../wifi/wifidriver/wifi-sdio.c:1438:20:_handle_sdio_packet_read	56	static
../wifi/wifidriver/wifi-sdio.c:1565:20:_handle_sdio_cmd_read	32	static
../wifi/wifidriver/wifi-sdio.c:1582:13:handle_sdio_cmd_read	48	static
../wifi/wifidriver/wifi-sdio.c:1603:13:handle_sdio_packet_read	56	static
../wifi/wifidriver/wifi-sdio.c:1677:13:wlan_process_int_status	32	static
../wifi/wifidriver/wifi-sdio.c:1800:6:handle_cdint	16	static
../wifi/wifidriver/wifi-sdio.c:1810:5:wifi_raw_packet_recv	48	static
../wifi/wifidriver/wifi-sdio.c:1892:5:wifi_raw_packet_send	40	static
../wifi/wifidriver/wifi-sdio.c:1921:20:sd_wifi_preinit	16	static
../wifi/wifidriver/wifi-sdio.c:1948:20:sd_wifi_post_fwload	32	static
../wifi/wifidriver/wifi-sdio.c:1991:13:sd_wifi_init	32	static
../wifi/wifidriver/wifi-sdio.c:2016:6:sd_wifi_deinit	8	static
../wifi/wifidriver/wifi-sdio.c:2031:21:wifi_get_command_buffer	0	static
../wifi/wifidriver/wifi-sdio.c:2040:6:set_ioport_inmlan	8	static
