../freertos/libraries/coreJSON/source/core_json.c:64:13:skipSpace	32	static
../freertos/libraries/coreJSON/source/core_json.c:91:15:countHighBits	16	static
../freertos/libraries/coreJSON/source/core_json.c:122:13:shortestUTF8	32	static
../freertos/libraries/coreJSON/source/core_json.c:180:13:skipUTF8MultiByte	40	static
../freertos/libraries/coreJSON/source/core_json.c:244:13:skipUTF8	32	static
../freertos/libraries/coreJSON/source/core_json.c:277:16:hexToInt	16	static
../freertos/libraries/coreJSON/source/core_json.c:319:13:skipOneHexEscape	48	static
../freertos/libraries/coreJSON/source/core_json.c:380:13:skipHexEscape	40	static
../freertos/libraries/coreJSON/source/core_json.c:432:13:skipEscape	32	static
../freertos/libraries/coreJSON/source/core_json.c:499:13:skipString	32	static
../freertos/libraries/coreJSON/source/core_json.c:564:13:strnEq	32	static
../freertos/libraries/coreJSON/source/core_json.c:595:13:skipLiteral	32	static
../freertos/libraries/coreJSON/source/core_json.c:629:13:skipAnyLiteral	40	static
../freertos/libraries/coreJSON/source/core_json.c:662:13:skipDigits	48	static
../freertos/libraries/coreJSON/source/core_json.c:718:13:skipDecimals	32	static
../freertos/libraries/coreJSON/source/core_json.c:746:13:skipExponent	32	static
../freertos/libraries/coreJSON/source/core_json.c:782:13:skipNumber	32	static
../freertos/libraries/coreJSON/source/core_json.c:838:13:skipAnyScalar	32	static
../freertos/libraries/coreJSON/source/core_json.c:868:13:skipSpaceAndComma	32	static
../freertos/libraries/coreJSON/source/core_json.c:904:13:skipArrayScalars	32	static
../freertos/libraries/coreJSON/source/core_json.c:945:13:skipObjectScalars	32	static
../freertos/libraries/coreJSON/source/core_json.c:1002:13:skipScalars	24	static
../freertos/libraries/coreJSON/source/core_json.c:1039:21:skipCollection	72	static
../freertos/libraries/coreJSON/source/core_json.c:1118:14:JSON_Validate	24	static
../freertos/libraries/coreJSON/source/core_json.c:1181:13:nextValue	40	static
../freertos/libraries/coreJSON/source/core_json.c:1232:13:nextKeyValuePair	48	static
../freertos/libraries/coreJSON/source/core_json.c:1305:13:objectSearch	64	static
../freertos/libraries/coreJSON/source/core_json.c:1373:13:arraySearch	56	static
../freertos/libraries/coreJSON/source/core_json.c:1440:13:skipQueryPart	32	static
../freertos/libraries/coreJSON/source/core_json.c:1487:21:multiSearch	72	static
../freertos/libraries/coreJSON/source/core_json.c:1571:20:getType	16	static
../freertos/libraries/coreJSON/source/core_json.c:1614:14:JSON_SearchConst	40	static
../freertos/libraries/coreJSON/source/core_json.c:1664:14:JSON_SearchT	40	static
../freertos/libraries/coreJSON/source/core_json.c:1698:21:iterate	48	static
../freertos/libraries/coreJSON/source/core_json.c:1755:14:JSON_Iterate	64	static
