../lwip/src/core/netif.c:162:1:netif_loopif_init	16	static
../lwip/src/core/netif.c:188:1:netif_init	40	static
../lwip/src/core/netif.c:228:1:netif_input	16	static
../lwip/src/core/netif.c:250:1:netif_add_noaddr	40	static
../lwip/src/core/netif.c:287:1:netif_add	32	static
../lwip/src/core/netif.c:459:1:netif_do_ip_addr_changed	16	static
../lwip/src/core/netif.c:474:1:netif_do_set_ipaddr	32	static
../lwip/src/core/netif.c:521:1:netif_set_ipaddr	32	static
../lwip/src/core/netif.c:544:1:netif_do_set_netmask	24	static
../lwip/src/core/netif.c:581:1:netif_set_netmask	40	static
../lwip/src/core/netif.c:608:1:netif_do_set_gw	24	static
../lwip/src/core/netif.c:642:1:netif_set_gw	40	static
../lwip/src/core/netif.c:679:1:netif_set_addr	64	static
../lwip/src/core/netif.c:764:1:netif_remove	24	static
../lwip/src/core/netif.c:849:1:netif_set_default	8	static
../lwip/src/core/netif.c:871:1:netif_set_up	32	static
../lwip/src/core/netif.c:902:1:netif_issue_reports	16	static
../lwip/src/core/netif.c:949:1:netif_set_down	32	static
../lwip/src/core/netif.c:1018:1:netif_set_link_up	32	static
../lwip/src/core/netif.c:1056:1:netif_set_link_down	32	static
../lwip/src/core/netif.c:1121:1:netif_loop_output	40	static
../lwip/src/core/netif.c:1227:1:netif_loop_output_ipv4	24	static
../lwip/src/core/netif.c:1252:1:netif_poll	32	static
../lwip/src/core/netif.c:1673:1:netif_null_output_ip4	16	static
../lwip/src/core/netif.c:1691:1:netif_name_to_index	24	static
../lwip/src/core/netif.c:1710:1:netif_index_to_name	24	static
../lwip/src/core/netif.c:1730:1:netif_get_by_index	16	static
../lwip/src/core/netif.c:1755:1:netif_find	24	static
../lwip/src/core/netif.c:1792:1:netif_add_ext_callback	16	static
../lwip/src/core/netif.c:1809:1:netif_remove_ext_callback	24	static
../lwip/src/core/netif.c:1842:1:netif_invoke_ext_callback	32	static
