../lwip/src/core/pbuf.c:128:1:pbuf_free_ooseq	16	static
../lwip/src/core/pbuf.c:148:1:pbuf_free_ooseq_callback	16	static
../lwip/src/core/pbuf.c:157:1:pbuf_pool_is_empty	16	static
../lwip/src/core/pbuf.c:179:1:pbuf_init_alloced_pbuf	16	static
../lwip/src/core/pbuf.c:224:1:pbuf_alloc	56	static
../lwip/src/core/pbuf.c:327:1:pbuf_alloc_reference	32	static
../lwip/src/core/pbuf.c:363:1:pbuf_alloced_custom	40	static
../lwip/src/core/pbuf.c:402:1:pbuf_realloc	32	static
../lwip/src/core/pbuf.c:476:1:pbuf_add_header_impl	32	static
../lwip/src/core/pbuf.c:554:1:pbuf_add_header	16	static
../lwip/src/core/pbuf.c:564:1:pbuf_add_header_force	16	static
../lwip/src/core/pbuf.c:585:1:pbuf_remove_header	24	static
../lwip/src/core/pbuf.c:619:1:pbuf_header_impl	16	static
../lwip/src/core/pbuf.c:649:1:pbuf_header	16	static
../lwip/src/core/pbuf.c:659:1:pbuf_header_force	16	static
../lwip/src/core/pbuf.c:674:1:pbuf_free_header	32	static
../lwip/src/core/pbuf.c:727:1:pbuf_free	40	static
../lwip/src/core/pbuf.c:811:1:pbuf_clen	16	static
../lwip/src/core/pbuf.c:831:1:pbuf_ref	24	static
../lwip/src/core/pbuf.c:855:1:pbuf_cat	24	static
../lwip/src/core/pbuf.c:897:1:pbuf_chain	16	static
../lwip/src/core/pbuf.c:914:1:pbuf_dechain	24	static
../lwip/src/core/pbuf.c:959:1:pbuf_copy	16	static
../lwip/src/core/pbuf.c:986:1:pbuf_copy_partial_pbuf	40	static
../lwip/src/core/pbuf.c:1058:1:pbuf_copy_partial	40	static
../lwip/src/core/pbuf.c:1105:1:pbuf_get_contiguous	32	static
../lwip/src/core/pbuf.c:1183:1:pbuf_skip_const	24	static
../lwip/src/core/pbuf.c:1209:1:pbuf_skip	32	static
../lwip/src/core/pbuf.c:1227:1:pbuf_take	40	static
../lwip/src/core/pbuf.c:1271:1:pbuf_take_at	40	static
../lwip/src/core/pbuf.c:1309:1:pbuf_coalesce	24	static
../lwip/src/core/pbuf.c:1337:1:pbuf_clone	24	static
../lwip/src/core/pbuf.c:1402:1:pbuf_get_at	24	static
../lwip/src/core/pbuf.c:1420:1:pbuf_try_get_at	24	static
../lwip/src/core/pbuf.c:1442:1:pbuf_put_at	24	static
../lwip/src/core/pbuf.c:1465:1:pbuf_memcmp	40	static
../lwip/src/core/pbuf.c:1507:1:pbuf_memfind	32	static
../lwip/src/core/pbuf.c:1534:1:pbuf_strstr	24	static
