../lwip/src/core/raw.c:69:1:raw_input_local_match	8	static
../lwip/src/core/raw.c:135:1:raw_input	40	static
../lwip/src/core/raw.c:221:1:raw_bind	8	static
../lwip/src/core/raw.c:253:1:raw_bind_netif	8	static
../lwip/src/core/raw.c:278:1:raw_connect	8	static
../lwip/src/core/raw.c:304:1:raw_disconnect	8	static
../lwip/src/core/raw.c:334:1:raw_recv	16	static
../lwip/src/core/raw.c:354:1:raw_sendto	40	static
../lwip/src/core/raw.c:420:1:raw_sendto_if_src	48	static
../lwip/src/core/raw.c:546:1:raw_send	16	static
../lwip/src/core/raw.c:561:1:raw_remove	24	static
../lwip/src/core/raw.c:595:1:raw_new	24	static
../lwip/src/core/raw.c:634:1:raw_new_ip_type	24	static
../lwip/src/core/raw.c:655:6:raw_netif_ip_addr_changed	16	static
