../lwip/src/core/tcp.c:201:1:tcp_init	0	static
../lwip/src/core/tcp.c:210:1:tcp_free	16	static
../lwip/src/core/tcp.c:221:1:tcp_free_listen	16	static
../lwip/src/core/tcp.c:234:1:tcp_tmr	8	static
../lwip/src/core/tcp.c:251:1:tcp_remove_listener	24	static
../lwip/src/core/tcp.c:269:1:tcp_listen_closed	24	static
../lwip/src/core/tcp.c:294:1:tcp_backlog_delayed	16	static
../lwip/src/core/tcp.c:317:1:tcp_backlog_accepted	16	static
../lwip/src/core/tcp.c:348:1:tcp_close_shutdown	48	static
../lwip/src/core/tcp.c:409:1:tcp_close_shutdown_fin	24	static
../lwip/src/core/tcp.c:484:1:tcp_close	16	static
../lwip/src/core/tcp.c:515:1:tcp_shutdown	24	static
../lwip/src/core/tcp.c:563:1:tcp_abandon	64	static
../lwip/src/core/tcp.c:638:1:tcp_abort	16	static
../lwip/src/core/tcp.c:662:1:tcp_bind	40	static
../lwip/src/core/tcp.c:764:1:tcp_bind_netif	8	static
../lwip/src/core/tcp.c:779:1:tcp_accept_null	24	static
../lwip/src/core/tcp.c:826:1:tcp_listen_with_backlog	16	static
../lwip/src/core/tcp.c:849:1:tcp_listen_with_backlog_and_err	40	static
../lwip/src/core/tcp.c:934:1:tcp_update_rcv_ann_wnd	24	static
../lwip/src/core/tcp.c:972:1:tcp_recved	24	static
../lwip/src/core/tcp.c:1015:1:tcp_new_port	8	static
../lwip/src/core/tcp.c:1071:1:tcp_connect	56	static
../lwip/src/core/tcp.c:1196:1:tcp_slowtmr	80	static
../lwip/src/core/tcp.c:1493:1:tcp_fasttmr	16	static
../lwip/src/core/tcp.c:1540:1:tcp_txnow	16	static
../lwip/src/core/tcp.c:1553:1:tcp_process_refused_data	24	static
../lwip/src/core/tcp.c:1622:1:tcp_segs_free	24	static
../lwip/src/core/tcp.c:1637:1:tcp_seg_free	16	static
../lwip/src/core/tcp.c:1658:1:tcp_setprio	16	static
../lwip/src/core/tcp.c:1676:1:tcp_seg_copy	24	static
../lwip/src/core/tcp.c:1715:1:tcp_recv_null	24	static
../lwip/src/core/tcp.c:1737:1:tcp_kill_prio	32	static
../lwip/src/core/tcp.c:1783:1:tcp_kill_state	32	static
../lwip/src/core/tcp.c:1815:1:tcp_kill_timewait	24	static
../lwip/src/core/tcp.c:1842:1:tcp_handle_closepend	16	static
../lwip/src/core/tcp.c:1865:1:tcp_alloc	24	static
../lwip/src/core/tcp.c:1980:1:tcp_new	8	static
../lwip/src/core/tcp.c:1998:1:tcp_new_ip_type	24	static
../lwip/src/core/tcp.c:2024:1:tcp_arg	8	static
../lwip/src/core/tcp.c:2047:1:tcp_recv	16	static
../lwip/src/core/tcp.c:2067:1:tcp_sent	16	static
../lwip/src/core/tcp.c:2093:1:tcp_err	16	static
../lwip/src/core/tcp.c:2113:1:tcp_accept	16	static
../lwip/src/core/tcp.c:2142:1:tcp_poll	24	static
../lwip/src/core/tcp.c:2164:1:tcp_pcb_purge	16	static
../lwip/src/core/tcp.c:2214:1:tcp_pcb_remove	24	static
../lwip/src/core/tcp.c:2252:1:tcp_next_iss	16	static
../lwip/src/core/tcp.c:2275:1:tcp_eff_send_mss_netif	32	static
../lwip/src/core/tcp.c:2336:1:tcp_netif_ip_addr_changed_pcblist	24	static
../lwip/src/core/tcp.c:2368:1:tcp_netif_ip_addr_changed	24	static
../lwip/src/core/tcp.c:2391:1:tcp_debug_state_str	8	static
../lwip/src/core/tcp.c:2397:1:tcp_tcp_get_tcp_addrinfo	16	static
../lwip/src/core/tcp.c:2423:1:tcp_free_ooseq	16	static
