../lwip/src/core/tcp_in.c:118:1:tcp_input	64	static
../lwip/src/core/tcp_in.c:600:1:tcp_input_delayed_close	16	static
../lwip/src/core/tcp_in.c:630:1:tcp_listen_input	48	static
../lwip/src/core/tcp_in.c:742:1:tcp_timewait_input	32	static
../lwip/src/core/tcp_in.c:791:1:tcp_process	56	static
../lwip/src/core/tcp_in.c:1064:1:tcp_oos_insert_segment	24	static
../lwip/src/core/tcp_in.c:1101:1:tcp_free_acked_segments	40	static
../lwip/src/core/tcp_in.c:1154:1:tcp_receive	96	static
../lwip/src/core/tcp_in.c:1894:1:tcp_get_next_optbyte	8	static
../lwip/src/core/tcp_in.c:1915:1:tcp_parseopt	24	static
../lwip/src/core/tcp_in.c:2035:1:tcp_trigger_input_pcb_close	0	static
