../lwip/src/core/udp.c:87:1:udp_init	0	static
../lwip/src/core/udp.c:100:1:udp_new_port	8	static
../lwip/src/core/udp.c:130:1:udp_input_local_match	24	static
../lwip/src/core/udp.c:194:1:udp_input	64	static
../lwip/src/core/udp.c:467:1:udp_send	16	static
../lwip/src/core/udp.c:520:1:udp_sendto	40	static
../lwip/src/core/udp.c:624:1:udp_sendto_if	40	static
../lwip/src/core/udp.c:699:1:udp_sendto_if_src	64	static
../lwip/src/core/udp.c:932:1:udp_bind	32	static
../lwip/src/core/udp.c:1046:1:udp_bind_netif	8	static
../lwip/src/core/udp.c:1075:1:udp_connect	32	static
../lwip/src/core/udp.c:1130:1:udp_disconnect	16	static
../lwip/src/core/udp.c:1162:1:udp_recv	24	static
../lwip/src/core/udp.c:1183:1:udp_remove	24	static
../lwip/src/core/udp.c:1223:1:udp_new	16	static
../lwip/src/core/udp.c:1261:1:udp_new_ip_type	24	static
../lwip/src/core/udp.c:1284:6:udp_netif_ip_addr_changed	16	static
